Microchip MPLAB XC8 Compiler V2.10 ()

Linker command line:

-W-3 --edf=C:\Program Files (x86)\Microchip\xc8\v2.10\pic\dat\en_msgs.txt \
  -cs -h+dist/default/debug\pic18finalprpject.X.debug.sym \
  --cmf=dist/default/debug\pic18finalprpject.X.debug.cmf -z -Q18F4520 \
  -oD:\TEMP\s314.2 --defsym=__MPLAB_BUILD=1 \
  -Mdist/default/debug/pic18finalprpject.X.debug.map -E1 -ver=XC8 \
  --acfsm=1493 -ASTACK=0264h-05F3h -pstack=STACK -ACODE=00h-07DBFh \
  -ACONST=00h-07DBFh -ASMALLCONST=0600h-06FFhx119,07D00h-07DBFh \
  -AMEDIUMCONST=0600h-07DBFh -ACOMRAM=01h-07Fh -AABS1=00h-05F3h \
  -ABIGRAM=01h-05F3h -ARAM=080h-0FFh,0100h-01FFhx4,0500h-05F3h \
  -ABANK0=080h-0FFh -ABANK1=0100h-01FFh -ABANK2=0200h-02FFh \
  -ABANK3=0300h-03FFh -ABANK4=0400h-04FFh -ABANK5=0500h-05F3h \
  -ASFR=0F80h-0F9Bh,0F9Dh-0FD3h,0FD5h-0FDAh,0FE0h-0FE2h,0FE8h-0FEAh,0FF0h-0FFCh \
  -preset_vec=00h,intcode=08h,intcodelo=018h,powerup,init -pramtop=0600h \
  -psmallconst=SMALLCONST -pmediumconst=MEDIUMCONST -pconst=CONST \
  -AFARRAM=00h-00h -ACONFIG=0300000h-030000Dh -pconfig=CONFIG \
  -AIDLOC=0200000h-0200007h -pidloc=IDLOC -AEEDATA=0F00000h-0F000FFh \
  -peeprom_data=EEDATA \
  -prdata=COMRAM,nvrram=COMRAM,nvbit=COMRAM,rbss=COMRAM,rbit=COMRAM \
  -pfarbss=FARRAM,fardata=FARRAM,nvFARRAM=FARRAM \
  -pintsave_regs=BIGRAM,bigbss=BIGRAM,bigdata=BIGRAM -pbss=RAM \
  -pidata=CODE,irdata=CODE,ibigdata=CODE,ifardata=CODE -prparam=COMRAM \
  D:\TEMP\s314.o dist/default/debug\pic18finalprpject.X.debug.o 

Object code version is 3.11

Machine type is 18F4520

Call graph: (short form)




                Name                               Link     Load   Length Selector   Space Scale
D:\TEMP\s314.o  init                                 58       58        4        C       0
                reset_vec                             0        0        4        0       0
                idloc                            200000   200000        8   200000       0
                config                           300000   300000        E   300000       0
dist/default/debug\pic18finalprpject.X.debug.o
                intcodelo                            18       18       40        C       0
                intcode                               8        8        6        4       0
                temp                                 7F       7F        1        1       1
                smallconst                          600      600       C0      300       0
                text53                             1AAC     1AAC      288      360       0
                text52                             144E     144E      352      360       0
                text51                             202A     202A      140      360       0
                text50                             24D2     24D2       D8      360       0
                text49                             30F4     30F4       2E      360       0
                text48                             321A     321A        E     18A7       0
                text47                             216A     216A      132      360       0
                text46                             3178     3178       26     18A7       0
                text45                             3068     3068       30      360       0
                text44                             2F62     2F62       3E      360       0
                text43                             1EEA     1EEA      140      360       0
                text42                             2A66     2A66       84      360       0
                text41                             29DC     29DC       8A      360       0
                text40                             25AA     25AA       D0      360       0
                text39                             30C6     30C6       2E      360       0
                text38                             17A0     17A0      30C      360       0
                text37                             2F1C     2F1C       46      360       0
                text36                             2746     2746       BA      360       0
                text35                             267A     267A       CC      360       0
                text34                             1D34     1D34      1B6      360       0
                text33                             323E     323E        2     18A7       0
                text32                             28A2     28A2       A0      360       0
                text31                             2FA0     2FA0       38      360       0
                text30                             314E     314E       2A     18A7       0
                text29                             2942     2942       9A      360       0
                text28                             2E36     2E36       52      360       0
                text27                             3038     3038       30      360       0
                text26                             2E88     2E88       4C      360       0
                text25                             2C4A     2C4A       70      360       0
                text24                              6C0      6C0      97C      360       0
                text23                             229C     229C      12C      360       0
                text22                             2800     2800       A2      360       0
                text21                             103C     103C      412      360       0
                text20                             2D8E     2D8E       56      360       0
                text19                             2DE4     2DE4       52      360       0
                text18                             3098     3098       2E      360       0
                text17                             2D28     2D28       66      360       0
                intcode_body                       23C8     23C8      10A      360       0
                text15                             320C     320C        E     18A7       0
                text14                             2BD8     2BD8       72      360       0
                text13                             2ED4     2ED4       48      360       0
                text11                             31EC     31EC       12     18A7       0
                text10                             3236     3236        6     18A7       0
                text9                              3008     3008       30      360       0
                text8                              2FD8     2FD8       30      360       0
                text7                              2CBA     2CBA       6E      360       0
                text6                              2AEA     2AEA       7C      360       0
                text5                              3228     3228        8     18A7       0
                text4                              31D8     31D8       14     18A7       0
                text3                              31BC     31BC       1C     18A7       0
                text2                              323C     323C        2     18A7       0
                text1                              319E     319E       1E     18A7       0
                text0                              3230     3230        6     18A7       0
                cstackCOMRAM                          1        1       7E        1       1
                cstackBANK0                          80       80       5B       80       1
                cstackBANK1                         1A7      1A7       13      100       1
                bssBANK2                            200      200       64      200       1
                dataBANK1                           17C      17C       2B      100       1
                bssBANK1                            100      100       7C      100       1
                dataBANK0                            F1       F1        E       80       1
                bssBANK0                             DB       DB       16       80       1
                cinit                              2B66     2B66       72      360       0
                idataBANK1                         3122     3122       2B      360       0
                idataBANK0                         31FE     31FE        E     18A7       0

TOTAL           Name                               Link     Load   Length     Space
        CLASS   STACK          

        CLASS   CODE           
                intcodelo                            18       18       40         0
                intcode                               8        8        6         0
                init                                 58       58        4         0
                reset_vec                             0        0        4         0
                text53                             1AAC     1AAC      288         0
                text52                             144E     144E      352         0
                text51                             202A     202A      140         0
                text50                             24D2     24D2       D8         0
                text49                             30F4     30F4       2E         0
                text48                             321A     321A        E         0
                text47                             216A     216A      132         0
                text46                             3178     3178       26         0
                text45                             3068     3068       30         0
                text44                             2F62     2F62       3E         0
                text43                             1EEA     1EEA      140         0
                text42                             2A66     2A66       84         0
                text41                             29DC     29DC       8A         0
                text40                             25AA     25AA       D0         0
                text39                             30C6     30C6       2E         0
                text38                             17A0     17A0      30C         0
                text37                             2F1C     2F1C       46         0
                text36                             2746     2746       BA         0
                text35                             267A     267A       CC         0
                text34                             1D34     1D34      1B6         0
                text33                             323E     323E        2         0
                text32                             28A2     28A2       A0         0
                text31                             2FA0     2FA0       38         0
                text30                             314E     314E       2A         0
                text29                             2942     2942       9A         0
                text28                             2E36     2E36       52         0
                text27                             3038     3038       30         0
                text26                             2E88     2E88       4C         0
                text25                             2C4A     2C4A       70         0
                text24                              6C0      6C0      97C         0
                text23                             229C     229C      12C         0
                text22                             2800     2800       A2         0
                text21                             103C     103C      412         0
                text20                             2D8E     2D8E       56         0
                text19                             2DE4     2DE4       52         0
                text18                             3098     3098       2E         0
                text17                             2D28     2D28       66         0
                intcode_body                       23C8     23C8      10A         0
                text15                             320C     320C        E         0
                text14                             2BD8     2BD8       72         0
                text13                             2ED4     2ED4       48         0
                text11                             31EC     31EC       12         0
                text10                             3236     3236        6         0
                text9                              3008     3008       30         0
                text8                              2FD8     2FD8       30         0
                text7                              2CBA     2CBA       6E         0
                text6                              2AEA     2AEA       7C         0
                text5                              3228     3228        8         0
                text4                              31D8     31D8       14         0
                text3                              31BC     31BC       1C         0
                text2                              323C     323C        2         0
                text1                              319E     319E       1E         0
                text0                              3230     3230        6         0
                cinit                              2B66     2B66       72         0
                idataBANK1                         3122     3122       2B         0
                idataBANK0                         31FE     31FE        E         0

        CLASS   CONST          

        CLASS   SMALLCONST     
                smallconst                          600      600       C0         0

        CLASS   MEDIUMCONST    

        CLASS   COMRAM         
                temp                                 7F       7F        1         1
                cstackCOMRAM                          1        1       7E         1

        CLASS   ABS1           

        CLASS   BIGRAM         

        CLASS   RAM            

        CLASS   BANK0          
                cstackBANK0                          80       80       5B         1
                dataBANK0                            F1       F1        E         1
                bssBANK0                             DB       DB       16         1

        CLASS   BANK1          
                cstackBANK1                         1A7      1A7       13         1
                dataBANK1                           17C      17C       2B         1
                bssBANK1                            100      100       7C         1

        CLASS   BANK2          
                bssBANK2                            200      200       64         1

        CLASS   BANK3          

        CLASS   BANK4          

        CLASS   BANK5          

        CLASS   SFR            

        CLASS   FARRAM         

        CLASS   CONFIG         
                config                           300000   300000        E         0

        CLASS   IDLOC          
                idloc                            200000   200000        8         0

        CLASS   EEDATA         



SEGMENTS        Name                           Load    Length   Top    Selector   Space  Class

                reset_vec                      000000  000004  000004         0       0  CODE    
                cstackCOMRAM                   000001  00007F  000080         1       1  COMRAM  
                intcode                        000008  000006  00000E         4       0  CODE    
                intcodelo                      000018  000044  00005C         C       0  CODE    
                cstackBANK0                    000080  00007F  0000FF        80       1  BANK0   
                bssBANK1                       000100  0000BA  0001BA       100       1  BANK1   
                bssBANK2                       000200  000064  000264       200       1  BANK2   
                smallconst                     000600  0000C0  0006C0       300       0  SMALLCON
                text24                         0006C0  002A8D  00314D       360       0  CODE    
                text30                         00314E  0000F2  003240      18A7       0  CODE    
                idloc                          200000  000008  200008    200000       0  IDLOC   
                config                         300000  00000E  30000E    300000       0  CONFIG  


UNUSED ADDRESS RANGES

        Name                Unused          Largest block    Delta
        BANK0            0000FF-0000FF                1
        BANK1            0001BA-0001FF               46
        BANK2            000264-0002FF               9C
        BANK3            000300-0003FF              100
        BANK4            000400-0004FF              100
        BANK5            000500-0005F3               F4
        BIGRAM           0000FF-0000FF                1
                         0001BA-0001FF               46
                         000264-0005F3              390
        CODE             000004-000007                4
                         00000E-000017                A
                         00005C-0005FF              5A4
                         00314D-00314D                1
                         003240-007DBF             4B80
        CONST            000004-000007                4
                         00000E-000017                A
                         00005C-0005FF              5A4
                         00314D-00314D                1
                         003240-007DBF             4B80
        EEDATA           F00000-F000FF              100
        MEDIUMCONST      00314D-00314D                1
                         003240-007DBF             4B80
        RAM              0000FF-0000FF                1
                         0001BA-0001FF               46
                         000264-0005F3              100
        SFR              000F80-000F9B               1C
                         000F9D-000FD3               37
                         000FD5-000FDA                6
                         000FE0-000FE2                3
                         000FE8-000FEA                3
                         000FF0-000FFC                D
        SMALLCONST       00314D-00314D                1
                         003240-007DBF              100
        STACK            000264-0005F3              390

                                  Symbol Table

?_ADC_Read                       cstackCOMRAM 000041
?___awdiv                        cstackCOMRAM 000001
?___awmod                        cstackBANK1  0001A7
?___fladd                        cstackCOMRAM 000001
?___fldiv                        cstackCOMRAM 000028
?___flmul                        cstackCOMRAM 00000F
?___flneg                        cstackCOMRAM 000001
?___flsub                        cstackCOMRAM 000028
?___fltol                        cstackCOMRAM 000001
?___fpclassifyf                  cstackCOMRAM 000001
?___wmul                         cstackCOMRAM 000001
?___xxtofl                       cstackCOMRAM 000001
?_atoi                           cstackCOMRAM 000008
?_efgtoa                         cstackCOMRAM 000055
?_floorf                         cstackCOMRAM 000041
?_isdigit                        cstackCOMRAM 000001
?_isspace                        cstackCOMRAM 000001
?_isupper                        cstackCOMRAM 000001
?_pad                            cstackCOMRAM 000011
?_sprintf                        cstackBANK0  0000BA
?_stoa                           cstackCOMRAM 00000A
?_strlen                         cstackCOMRAM 000001
?_strncmp                        cstackCOMRAM 000001
?_tolower                        cstackCOMRAM 000007
?_vfpfcnvrt                      cstackCOMRAM 000061
?_vfprintf                       cstackCOMRAM 000079
?i2___awmod                      cstackCOMRAM 000001
ADC_Read@channel                 cstackCOMRAM 000041
ADC_Read@digital                 cstackCOMRAM 00004A
ADC_Read@result                  cstackCOMRAM 00004C
Cmd@Value                        cstackBANK1  0001B2
Data@Value                       cstackBANK1  0001B2
Send2Lcd@Adr                     cstackBANK1  0001B8
Send2Lcd@Lcd                     cstackBANK1  0001B5
UART_Write@data                  cstackBANK1  0001A7
_ADCON0bits                      (abs)        000FC2
_ADCON1                          (abs)        000FC1
_ADCON2                          (abs)        000FC0
_ADC_Initialize                  text11       0031EC
_ADC_Read                        text50       0024D2
_ADC_Read$2039                   cstackCOMRAM 000046
_ADRES                           (abs)        000FC3
_COCurve                         dataBANK1    00018F
_CREN                            (abs)        007D5C
_Cmd                             text9        003008
_Data                            text8        002FD8
_GAS_CO                          dataBANK0    0000F9
_GAS_LPG                         bssBANK0     0000ED
_GAS_SMOKE                       dataBANK0    0000F7
_Hi_ISR                          intcode      000008
_INTCONbits                      (abs)        000FF2
_INTERRUPT_Initialize            text10       003236
_IPR1bits                        (abs)        000F9F
_IRCF0                           (abs)        007E9C
_IRCF1                           (abs)        007E9D
_IRCF2                           (abs)        007E9E
_LATBbits                        (abs)        000F8A
_LATCbits                        (abs)        000F8B
_LATD                            (abs)        000F8C
_LCD_clear                       text48       00321A
_LCD_init                        text6        002AEA
_LPGCurve                        dataBANK1    00019B
_Lo_ISR                          intcodelo    000018
_MyusartRead                     text13       002ED4
_OSCILLATOR_Initialize           text5        003228
_PIE1bits                        (abs)        000F9D
_PIN_MANAGER_Initialize          text4        0031D8
_PIR1bits                        (abs)        000F9E
_RCIF                            (abs)        007CF5
_RCONbits                        (abs)        000FD0
_RCREG                           (abs)        000FAE
_RCSTAbits                       (abs)        000FAB
_RL_VALUE                        dataBANK0    0000FB
_Ro                              dataBANK0    0000F1
_SYSTEM_Initialize               text1        00319E
_Send2Lcd                        text7        002CBA
_SmokeCurve                      dataBANK1    000183
_T1CONbits                       (abs)        000FCD
_TMR1                            (abs)        000FCE
_TMR1_Initialize                 text3        0031BC
_TRISA                           (abs)        000F92
_TRISBbits                       (abs)        000F93
_TRISC                           (abs)        000F94
_TRISD                           (abs)        000F95
_TXREG                           (abs)        000FAD
_TXSTAbits                       (abs)        000FAC
_UART_Write                      text15       00320C
__CFG_BOREN$SBORDIS              (abs)        000000
__CFG_BORV$3                     (abs)        000000
__CFG_CCP2MX$PORTC               (abs)        000000
__CFG_CP0$OFF                    (abs)        000000
__CFG_CP1$OFF                    (abs)        000000
__CFG_CP2$OFF                    (abs)        000000
__CFG_CP3$OFF                    (abs)        000000
__CFG_CPB$OFF                    (abs)        000000
__CFG_CPD$OFF                    (abs)        000000
__CFG_EBTR0$OFF                  (abs)        000000
__CFG_EBTR1$OFF                  (abs)        000000
__CFG_EBTR2$OFF                  (abs)        000000
__CFG_EBTR3$OFF                  (abs)        000000
__CFG_EBTRB$OFF                  (abs)        000000
__CFG_FCMEN$OFF                  (abs)        000000
__CFG_IESO$ON                    (abs)        000000
__CFG_LPT1OSC$OFF                (abs)        000000
__CFG_LVP$OFF                    (abs)        000000
__CFG_MCLRE$ON                   (abs)        000000
__CFG_OSC$INTIO67                (abs)        000000
__CFG_PBADEN$ON                  (abs)        000000
__CFG_PWRT$OFF                   (abs)        000000
__CFG_STVREN$ON                  (abs)        000000
__CFG_WDT$OFF                    (abs)        000000
__CFG_WDTPS$1                    (abs)        000000
__CFG_WRT0$OFF                   (abs)        000000
__CFG_WRT1$OFF                   (abs)        000000
__CFG_WRT2$OFF                   (abs)        000000
__CFG_WRT3$OFF                   (abs)        000000
__CFG_WRTB$OFF                   (abs)        000000
__CFG_WRTC$OFF                   (abs)        000000
__CFG_WRTD$OFF                   (abs)        000000
__CFG_XINST$OFF                  (abs)        000000
__HRAM                           (abs)        000000
__Habs1                          abs1         000000
__Hbank0                         bank0        000000
__Hbank1                         bank1        000000
__Hbank2                         bank2        000000
__Hbank3                         bank3        000000
__Hbank4                         bank4        000000
__Hbank5                         bank5        000000
__Hbigbss                        bigbss       000000
__Hbigdata                       bigdata      000000
__Hbigram                        bigram       000000
__Hbss                           bss          000000
__HbssBANK0                      bssBANK0     000000
__HbssBANK1                      bssBANK1     000000
__HbssBANK2                      bssBANK2     000000
__Hcinit                         cinit        000000
__Hclrtext                       clrtext      000000
__Hcomram                        comram       000000
__Hconfig                        config       30000E
__Hconst                         const        000000
__HcstackBANK0                   cstackBANK0  000000
__HcstackBANK1                   cstackBANK1  000000
__HcstackCOMRAM                  cstackCOMRAM 000000
__Hdata                          data         000000
__HdataBANK0                     dataBANK0    000000
__HdataBANK1                     dataBANK1    000000
__Heeprom_data                   eeprom_data  000000
__Hfarbss                        farbss       000000
__Hfardata                       fardata      000000
__Hibigdata                      ibigdata     000000
__Hidata                         idata        000000
__HidataBANK0                    idataBANK0   000000
__HidataBANK1                    idataBANK1   000000
__Hidloc                         idloc        200008
__Hifardata                      ifardata     000000
__Hinit                          init         00005C
__Hintcode                       intcode      00000E
__Hintcode_body                  intcode_body 000000
__Hintcodelo                     intcodelo    000058
__Hintentry                      intentry     000000
__Hintret                        intret       000000
__Hintsave_regs                  intsave_regs 000000
__Hirdata                        irdata       000000
__Hmediumconst                   mediumconst  000000
__HnvFARRAM                      nvFARRAM     000000
__Hnvbit                         nvbit        000000
__Hnvrram                        nvrram       000000
__Hparam                         rparam       000000
__Hpowerup                       powerup      000058
__Hram                           ram          000000
__Hramtop                        ramtop       000600
__Hrbit                          rbit         000000
__Hrbss                          rbss         000000
__Hrdata                         rdata        000000
__Hreset_vec                     reset_vec    000004
__Hrparam                        rparam       000000
__Hsfr                           sfr          000000
__Hsmallconst                    smallconst   0006C0
__Hspace_0                       (abs)        30000E
__Hspace_1                       (abs)        000264
__Hspace_2                       (abs)        000000
__Hstack                         stack        000000
__Hstruct                        struct       000000
__Htemp                          temp         000080
__Htext                          text         000000
__Htext0                         text0        000000
__Htext1                         text1        000000
__Htext10                        text10       000000
__Htext11                        text11       000000
__Htext13                        text13       000000
__Htext14                        text14       000000
__Htext15                        text15       000000
__Htext17                        text17       000000
__Htext18                        text18       000000
__Htext19                        text19       000000
__Htext2                         text2        000000
__Htext20                        text20       000000
__Htext21                        text21       000000
__Htext22                        text22       000000
__Htext23                        text23       000000
__Htext24                        text24       000000
__Htext25                        text25       000000
__Htext26                        text26       000000
__Htext27                        text27       000000
__Htext28                        text28       000000
__Htext29                        text29       000000
__Htext3                         text3        000000
__Htext30                        text30       000000
__Htext31                        text31       000000
__Htext32                        text32       000000
__Htext33                        text33       000000
__Htext34                        text34       000000
__Htext35                        text35       000000
__Htext36                        text36       000000
__Htext37                        text37       000000
__Htext38                        text38       000000
__Htext39                        text39       000000
__Htext4                         text4        000000
__Htext40                        text40       000000
__Htext41                        text41       000000
__Htext42                        text42       000000
__Htext43                        text43       000000
__Htext44                        text44       000000
__Htext45                        text45       000000
__Htext46                        text46       000000
__Htext47                        text47       000000
__Htext48                        text48       000000
__Htext49                        text49       000000
__Htext5                         text5        000000
__Htext50                        text50       000000
__Htext51                        text51       000000
__Htext52                        text52       000000
__Htext53                        text53       000000
__Htext6                         text6        000000
__Htext7                         text7        000000
__Htext8                         text8        000000
__Htext9                         text9        000000
__LRAM                           (abs)        000001
__Labs1                          abs1         000000
__Lbank0                         bank0        000000
__Lbank1                         bank1        000000
__Lbank2                         bank2        000000
__Lbank3                         bank3        000000
__Lbank4                         bank4        000000
__Lbank5                         bank5        000000
__Lbigbss                        bigbss       000000
__Lbigdata                       bigdata      000000
__Lbigram                        bigram       000000
__Lbss                           bss          000000
__LbssBANK0                      bssBANK0     000000
__LbssBANK1                      bssBANK1     000000
__LbssBANK2                      bssBANK2     000000
__Lcinit                         cinit        000000
__Lclrtext                       clrtext      000000
__Lcomram                        comram       000000
__Lconfig                        config       300000
__Lconst                         const        000000
__LcstackBANK0                   cstackBANK0  000000
__LcstackBANK1                   cstackBANK1  000000
__LcstackCOMRAM                  cstackCOMRAM 000000
__Ldata                          data         000000
__LdataBANK0                     dataBANK0    000000
__LdataBANK1                     dataBANK1    000000
__Leeprom_data                   eeprom_data  000000
__Lfarbss                        farbss       000000
__Lfardata                       fardata      000000
__Libigdata                      ibigdata     000000
__Lidata                         idata        000000
__LidataBANK0                    idataBANK0   000000
__LidataBANK1                    idataBANK1   000000
__Lidloc                         idloc        200000
__Lifardata                      ifardata     000000
__Linit                          init         000058
__Lintcode                       intcode      000008
__Lintcode_body                  intcode_body 000000
__Lintcodelo                     intcodelo    000018
__Lintentry                      intentry     000000
__Lintret                        intret       000000
__Lintsave_regs                  intsave_regs 000000
__Lirdata                        irdata       000000
__Lmediumconst                   mediumconst  000000
__LnvFARRAM                      nvFARRAM     000000
__Lnvbit                         nvbit        000000
__Lnvrram                        nvrram       000000
__Lparam                         rparam       000000
__Lpowerup                       powerup      000058
__Lram                           ram          000000
__Lramtop                        ramtop       000600
__Lrbit                          rbit         000000
__Lrbss                          rbss         000000
__Lrdata                         rdata        000000
__Lreset_vec                     reset_vec    000000
__Lrparam                        rparam       000000
__Lsfr                           sfr          000000
__Lsmallconst                    smallconst   000600
__Lspace_0                       (abs)        000000
__Lspace_1                       (abs)        000000
__Lspace_2                       (abs)        000000
__Lstack                         stack        000000
__Lstruct                        struct       000000
__Ltemp                          temp         00007F
__Ltext                          text         000000
__Ltext0                         text0        000000
__Ltext1                         text1        000000
__Ltext10                        text10       000000
__Ltext11                        text11       000000
__Ltext13                        text13       000000
__Ltext14                        text14       000000
__Ltext15                        text15       000000
__Ltext17                        text17       000000
__Ltext18                        text18       000000
__Ltext19                        text19       000000
__Ltext2                         text2        000000
__Ltext20                        text20       000000
__Ltext21                        text21       000000
__Ltext22                        text22       000000
__Ltext23                        text23       000000
__Ltext24                        text24       000000
__Ltext25                        text25       000000
__Ltext26                        text26       000000
__Ltext27                        text27       000000
__Ltext28                        text28       000000
__Ltext29                        text29       000000
__Ltext3                         text3        000000
__Ltext30                        text30       000000
__Ltext31                        text31       000000
__Ltext32                        text32       000000
__Ltext33                        text33       000000
__Ltext34                        text34       000000
__Ltext35                        text35       000000
__Ltext36                        text36       000000
__Ltext37                        text37       000000
__Ltext38                        text38       000000
__Ltext39                        text39       000000
__Ltext4                         text4        000000
__Ltext40                        text40       000000
__Ltext41                        text41       000000
__Ltext42                        text42       000000
__Ltext43                        text43       000000
__Ltext44                        text44       000000
__Ltext45                        text45       000000
__Ltext46                        text46       000000
__Ltext47                        text47       000000
__Ltext48                        text48       000000
__Ltext49                        text49       000000
__Ltext5                         text5        000000
__Ltext50                        text50       000000
__Ltext51                        text51       000000
__Ltext52                        text52       000000
__Ltext53                        text53       000000
__Ltext6                         text6        000000
__Ltext7                         text7        000000
__Ltext8                         text8        000000
__Ltext9                         text9        000000
__S0                             (abs)        30000E
__S1                             (abs)        000264
__S2                             (abs)        000000
___awdiv                         text42       002A66
___awdiv@counter                 cstackCOMRAM 000005
___awdiv@dividend                cstackCOMRAM 000001
___awdiv@divisor                 cstackCOMRAM 000003
___awdiv@quotient                cstackCOMRAM 000007
___awdiv@sign                    cstackCOMRAM 000006
___awmod                         text14       002BD8
___awmod@counter                 cstackBANK1  0001AB
___awmod@dividend                cstackBANK1  0001A7
___awmod@divisor                 cstackBANK1  0001A9
___awmod@sign                    cstackBANK1  0001AC
___fladd                         text38       0017A0
___fladd@a                       cstackCOMRAM 000005
___fladd@aexp                    cstackCOMRAM 00000E
___fladd@b                       cstackCOMRAM 000001
___fladd@bexp                    cstackCOMRAM 00000F
___fladd@grs                     cstackCOMRAM 000010
___fladd@signs                   cstackCOMRAM 00000D
___fldiv                         text53       001AAC
___fldiv@a                       cstackCOMRAM 00002C
___fldiv@aexp                    cstackCOMRAM 000040
___fldiv@b                       cstackCOMRAM 000028
___fldiv@bexp                    cstackCOMRAM 00003F
___fldiv@grs                     cstackCOMRAM 00003B
___fldiv@new_exp                 cstackCOMRAM 000039
___fldiv@rem                     cstackCOMRAM 000034
___fldiv@sign                    cstackCOMRAM 000038
___fleq                          text41       0029DC
___fleq@ff1                      cstackCOMRAM 000001
___fleq@ff2                      cstackCOMRAM 000005
___flge                          text40       0025AA
___flge@ff1                      cstackCOMRAM 000028
___flge@ff2                      cstackCOMRAM 00002C
___flmul                         text52       00144E
___flmul@a                       cstackCOMRAM 000013
___flmul@aexp                    cstackCOMRAM 000020
___flmul@b                       cstackCOMRAM 00000F
___flmul@bexp                    cstackCOMRAM 000021
___flmul@grs                     cstackCOMRAM 00001C
___flmul@prod                    cstackCOMRAM 000022
___flmul@sign                    cstackCOMRAM 00001B
___flmul@temp                    cstackCOMRAM 000026
___flneg                         text39       0030C6
___flneg@f1                      cstackCOMRAM 000001
___flsub                         text37       002F1C
___flsub@a                       cstackCOMRAM 00002C
___flsub@b                       cstackCOMRAM 000028
___fltol                         text36       002746
___fltol@exp1                    cstackCOMRAM 00000A
___fltol@f1                      cstackCOMRAM 000001
___fltol@sign1                   cstackCOMRAM 000009
___fpclassifyf                   text35       00267A
___fpclassifyf@F463              bssBANK0     0000DF
___fpclassifyf@e                 cstackCOMRAM 000009
___fpclassifyf@u                 cstackCOMRAM 00000B
___fpclassifyf@x                 cstackCOMRAM 000001
___inthi_sp                      stack        000000
___intlo_sp                      stack        000000
___param_bank                    (abs)        000000
___rparam_used                   (abs)        000001
___sp                            stack        000000
___wmul                          text46       003178
___wmul@multiplicand             cstackCOMRAM 000003
___wmul@multiplier               cstackCOMRAM 000001
___wmul@product                  cstackCOMRAM 000005
___xxtofl                        text51       00202A
___xxtofl@arg                    cstackCOMRAM 00000B
___xxtofl@exp                    cstackCOMRAM 00000A
___xxtofl@sign                   cstackCOMRAM 000009
___xxtofl@val                    cstackCOMRAM 000001
__accesstop                      (abs)        000080
__activetblptr                   (abs)        000002
__end_of_ADC_Initialize          text11       0031FE
__end_of_ADC_Read                text50       0025AA
__end_of_Cmd                     text9        003038
__end_of_Data                    text8        003008
__end_of_Hi_ISR                  intcode_body 0024D2
__end_of_INTERRUPT_Initialize    text10       00323C
__end_of_L1                      smallconst   00065D
__end_of_L2                      smallconst   000659
__end_of_L3                      smallconst   000655
__end_of_L4                      smallconst   000651
__end_of_L5                      smallconst   00064D
__end_of_L6                      smallconst   000649
__end_of_LCD_clear               text48       003228
__end_of_LCD_init                text6        002B66
__end_of_Lg1                     smallconst   000679
__end_of_Lg2                     smallconst   000675
__end_of_Lg3                     smallconst   000671
__end_of_Lg4                     smallconst   00066D
__end_of_Lo_ISR                  intcodelo    000058
__end_of_MyusartRead             text13       002F1C
__end_of_OSCILLATOR_Initialize   text5        003230
__end_of_P1                      smallconst   000645
__end_of_P2                      smallconst   000641
__end_of_P3                      smallconst   00063D
__end_of_P4                      smallconst   000639
__end_of_P5                      smallconst   000635
__end_of_PIN_MANAGER_Initialize  text4        0031EC
__end_of_SYSTEM_Initialize       text1        0031BC
__end_of_Send2Lcd                text7        002D28
__end_of_TMR1_Initialize         text3        0031D8
__end_of_UART_Write              text15       00321A
__end_of___awdiv                 text42       002AEA
__end_of___awmod                 text14       002C4A
__end_of___fladd                 text38       001AAC
__end_of___fldiv                 text53       001D34
__end_of___fleq                  text41       002A66
__end_of___flge                  text40       00267A
__end_of___flmul                 text52       0017A0
__end_of___flneg                 text39       0030F4
__end_of___flsub                 text37       002F62
__end_of___fltol                 text36       002800
__end_of___fpclassifyf           text35       002746
__end_of___wmul                  text46       00319E
__end_of___xxtofl                text51       00216A
__end_of__initialization         cinit        002BCA
__end_of_atoi                    text43       00202A
__end_of_bp                      smallconst   000689
__end_of_buzzer_init             text2        00323E
__end_of_cp                      smallconst   000621
__end_of_cp_h                    smallconst   000695
__end_of_cp_l                    smallconst   000691
__end_of_dp_h                    smallconst   000611
__end_of_dp_l                    smallconst   000609
__end_of_efgtoa                  text24       00103C
__end_of_floorf                  text34       001EEA
__end_of_fputc                   text32       002942
__end_of_fputs                   text31       002FD8
__end_of_huge                    smallconst   000665
__end_of_isdigit                 text45       003098
__end_of_isspace                 text44       002FA0
__end_of_isupper                 text27       003068
__end_of_ivln2                   smallconst   00061D
__end_of_ivln2_h                 smallconst   00068D
__end_of_ivln2_l                 smallconst   000619
__end_of_lg2                     smallconst   000631
__end_of_lg2_h                   smallconst   00062D
__end_of_lg2_l                   smallconst   000629
__end_of_ln2_hi                  smallconst   000681
__end_of_ln2_lo                  smallconst   00067D
__end_of_main                    text0        003236
__end_of_memset                  text47       00229C
__end_of_ovt                     smallconst   000625
__end_of_pad                     text29       0029DC
__end_of_putch                   text33       003240
__end_of_sprintf                 text19       002E36
__end_of_stoa                    text23       0023C8
__end_of_strcpy                  text28       002E88
__end_of_strlen                  text30       003178
__end_of_strncmp                 text22       0028A2
__end_of_tiny                    smallconst   000661
__end_of_tolower                 text26       002ED4
__end_of_two24                   smallconst   000669
__end_of_vfpfcnvrt               text21       00144E
__end_of_vfprintf                text20       002DE4
__end_ofi2_Cmd                   text49       003122
__end_ofi2_Data                  text18       0030C6
__end_ofi2_Send2Lcd              text17       002D8E
__end_ofi2___awmod               text25       002CBA
__end_ofsqrtf@tiny               smallconst   000615
__initialization                 cinit        002B66
__mediumconst                    mediumconst  000000
__pbssBANK0                      bssBANK0     0000DB
__pbssBANK1                      bssBANK1     000100
__pbssBANK2                      bssBANK2     000200
__pcinit                         cinit        002B66
__pcstackBANK0                   cstackBANK0  000080
__pcstackBANK1                   cstackBANK1  0001A7
__pcstackCOMRAM                  cstackCOMRAM 000001
__pdataBANK0                     dataBANK0    0000F1
__pdataBANK1                     dataBANK1    00017C
__pidataBANK0                    idataBANK0   0031FE
__pidataBANK1                    idataBANK1   003122
__pintcode                       intcode      000008
__pintcode_body                  intcode_body 0023C8
__pintcodelo                     intcodelo    000018
__psmallconst                    smallconst   000600
__ptext0                         text0        003230
__ptext1                         text1        00319E
__ptext10                        text10       003236
__ptext11                        text11       0031EC
__ptext13                        text13       002ED4
__ptext14                        text14       002BD8
__ptext15                        text15       00320C
__ptext17                        text17       002D28
__ptext18                        text18       003098
__ptext19                        text19       002DE4
__ptext2                         text2        00323C
__ptext20                        text20       002D8E
__ptext21                        text21       00103C
__ptext22                        text22       002800
__ptext23                        text23       00229C
__ptext24                        text24       0006C0
__ptext25                        text25       002C4A
__ptext26                        text26       002E88
__ptext27                        text27       003038
__ptext28                        text28       002E36
__ptext29                        text29       002942
__ptext3                         text3        0031BC
__ptext30                        text30       00314E
__ptext31                        text31       002FA0
__ptext32                        text32       0028A2
__ptext33                        text33       00323E
__ptext34                        text34       001D34
__ptext35                        text35       00267A
__ptext36                        text36       002746
__ptext37                        text37       002F1C
__ptext38                        text38       0017A0
__ptext39                        text39       0030C6
__ptext4                         text4        0031D8
__ptext40                        text40       0025AA
__ptext41                        text41       0029DC
__ptext42                        text42       002A66
__ptext43                        text43       001EEA
__ptext44                        text44       002F62
__ptext45                        text45       003068
__ptext46                        text46       003178
__ptext47                        text47       00216A
__ptext48                        text48       00321A
__ptext49                        text49       0030F4
__ptext5                         text5        003228
__ptext50                        text50       0024D2
__ptext51                        text51       00202A
__ptext52                        text52       00144E
__ptext53                        text53       001AAC
__ptext6                         text6        002AEA
__ptext7                         text7        002CBA
__ptext8                         text8        002FD8
__ptext9                         text9        003008
__ramtop                         ramtop       000600
__size_of_ADC_Initialize         (abs)        000000
__size_of_ADC_Read               (abs)        000000
__size_of_Cmd                    (abs)        000000
__size_of_Data                   (abs)        000000
__size_of_Hi_ISR                 (abs)        000000
__size_of_INTERRUPT_Initialize   (abs)        000000
__size_of_LCD_clear              (abs)        000000
__size_of_LCD_init               (abs)        000000
__size_of_Lo_ISR                 (abs)        000000
__size_of_MyusartRead            (abs)        000000
__size_of_OSCILLATOR_Initialize  (abs)        000000
__size_of_PIN_MANAGER_Initialize (abs)        000000
__size_of_SYSTEM_Initialize      (abs)        000000
__size_of_Send2Lcd               (abs)        000000
__size_of_TMR1_Initialize        (abs)        000000
__size_of_UART_Write             (abs)        000000
__size_of___awdiv                (abs)        000000
__size_of___awmod                (abs)        000000
__size_of___fladd                (abs)        000000
__size_of___fldiv                (abs)        000000
__size_of___fleq                 (abs)        000000
__size_of___flge                 (abs)        000000
__size_of___flmul                (abs)        000000
__size_of___flneg                (abs)        000000
__size_of___flsub                (abs)        000000
__size_of___fltol                (abs)        000000
__size_of___fpclassifyf          (abs)        000000
__size_of___wmul                 (abs)        000000
__size_of___xxtofl               (abs)        000000
__size_of_atoi                   (abs)        000000
__size_of_buzzer_init            (abs)        000000
__size_of_efgtoa                 (abs)        000000
__size_of_floorf                 (abs)        000000
__size_of_fputc                  (abs)        000000
__size_of_fputs                  (abs)        000000
__size_of_isdigit                (abs)        000000
__size_of_isspace                (abs)        000000
__size_of_isupper                (abs)        000000
__size_of_main                   (abs)        000000
__size_of_memset                 (abs)        000000
__size_of_pad                    (abs)        000000
__size_of_putch                  (abs)        000000
__size_of_sprintf                (abs)        000000
__size_of_stoa                   (abs)        000000
__size_of_strcpy                 (abs)        000000
__size_of_strlen                 (abs)        000000
__size_of_strncmp                (abs)        000000
__size_of_tolower                (abs)        000000
__size_of_vfpfcnvrt              (abs)        000000
__size_of_vfprintf               (abs)        000000
__size_ofi2_Cmd                  (abs)        000000
__size_ofi2_Data                 (abs)        000000
__size_ofi2_Send2Lcd             (abs)        000000
__size_ofi2___awmod              (abs)        000000
__smallconst                     smallconst   000600
_atoi                            text43       001EEA
_atoi$1498                       cstackCOMRAM 000010
_atoi$1499                       cstackCOMRAM 000014
_atoi$1500                       cstackCOMRAM 000012
_bp                              smallconst   000681
_buzzer_init                     text2        00323C
_co                              bssBANK1     000118
_count                           bssBANK0     0000EF
_cycle                           dataBANK0    0000F5
_dbuf                            bssBANK1     000122
_dp_h                            smallconst   000609
_dp_l                            smallconst   000601
_efgtoa                          text24       0006C0
_efgtoa$985                      cstackBANK0  000084
_efgtoa$986                      cstackBANK0  000086
_efgtoa$991                      cstackBANK0  000088
_efgtoa$995                      cstackBANK0  00008A
_efgtoa$996                      cstackBANK0  00008C
_efgtoa$997                      cstackBANK0  00008E
_errno                           bssBANK0     0000E3
_flags                           bssBANK0     0000EB
_floorf                          text34       001D34
_fputc                           text32       0028A2
_fputs                           text31       002FA0
_isdigit                         text45       003068
_isspace                         text44       002F62
_isspace$1529                    cstackCOMRAM 000007
_isupper                         text27       003038
_lenStr                          bssBANK1     000120
_lpg                             bssBANK1     00011C
_main                            text0        003230
_memset                          text47       00216A
_mystring                        bssBANK1     000172
_nout                            bssBANK0     0000E5
_pad                             text29       002942
_prec                            bssBANK0     0000E9
_putch                           text33       00323E
_r                               bssBANK2     000200
_smoke                           bssBANK1     000114
_sprintf                         text19       002DE4
_stoa                            text23       00229C
_strcpy                          text28       002E36
_strlen                          text30       00314E
_strncmp                         text22       002800
_timer_val                       dataBANK0    0000FD
_tolower                         text26       002E88
_tolower$1767                    cstackCOMRAM 00000D
_value                           bssBANK1     000100
_vfpfcnvrt                       text21       00103C
_vfpfcnvrt$1022                  cstackCOMRAM 00006D
_vfpfcnvrt$1026                  cstackCOMRAM 00006F
_vfprintf                        text20       002D8E
_width                           bssBANK0     0000E7
atoi@n                           cstackCOMRAM 000015
atoi@neg                         cstackCOMRAM 00000E
atoi@s                           cstackCOMRAM 000008
btemp                            temp         00007F
efgtoa@c                         cstackCOMRAM 00005B
efgtoa@d                         cstackBANK0  000098
efgtoa@e                         cstackBANK0  0000B0
efgtoa@f                         cstackCOMRAM 000057
efgtoa@fp                        cstackCOMRAM 000055
efgtoa@g                         cstackBANK0  0000AC
efgtoa@h                         cstackBANK0  0000A2
efgtoa@i                         cstackBANK0  0000AA
efgtoa@l                         cstackBANK0  0000A6
efgtoa@m                         cstackBANK0  000094
efgtoa@mode                      cstackBANK0  0000A1
efgtoa@n                         cstackBANK0  0000B2
efgtoa@ne                        cstackBANK0  000096
efgtoa@nmode                     cstackBANK0  00009E
efgtoa@ou                        cstackBANK0  000080
efgtoa@p                         cstackBANK0  00009C
efgtoa@pp                        cstackBANK0  000092
efgtoa@sign                      cstackBANK0  00009A
efgtoa@t                         cstackBANK0  000090
efgtoa@u                         cstackBANK0  0000B4
efgtoa@w                         cstackBANK0  00009F
end_of_initialization            cinit        002BCA
fabsf@F463                       bssBANK1     00010C
floorf@F524                      bssBANK0     0000DB
floorf@e                         cstackCOMRAM 00004F
floorf@m                         cstackCOMRAM 00004B
floorf@u                         cstackCOMRAM 000051
floorf@x                         cstackCOMRAM 000041
fputc@c                          cstackCOMRAM 000001
fputc@fp                         cstackCOMRAM 000003
fputs@c                          cstackCOMRAM 00000E
fputs@fp                         cstackCOMRAM 00000C
fputs@i                          cstackCOMRAM 00000F
fputs@s                          cstackCOMRAM 00000A
i2Cmd@Value                      cstackCOMRAM 000001
i2Data@Value                     cstackCOMRAM 000001
i2Send2Lcd@Adr                   cstackCOMRAM 000007
i2Send2Lcd@Lcd                   cstackCOMRAM 000004
i2_Cmd                           text49       0030F4
i2_Data                          text18       003098
i2_Send2Lcd                      text17       002D28
i2___awmod                       text25       002C4A
i2___awmod@counter               cstackCOMRAM 000005
i2___awmod@dividend              cstackCOMRAM 000001
i2___awmod@divisor               cstackCOMRAM 000003
i2___awmod@sign                  cstackCOMRAM 000006
int$flags                        temp         00007F
int_func                         intcode_body 0023C8
intlevel0                        text         000000
intlevel1                        text         000000
intlevel2                        text         000000
intlevel3                        text         000000
isdigit@c                        cstackCOMRAM 000001
isspace@c                        cstackCOMRAM 000001
isupper@c                        cstackCOMRAM 000001
logf@F469                        bssBANK1     000110
memset@c                         cstackCOMRAM 000003
memset@dest                      cstackCOMRAM 000001
memset@k                         cstackCOMRAM 000009
memset@n                         cstackCOMRAM 000005
memset@s                         cstackCOMRAM 00000B
pad@buf                          cstackCOMRAM 000013
pad@fp                           cstackCOMRAM 000011
pad@i                            cstackCOMRAM 000018
pad@p                            cstackCOMRAM 000015
pad@w                            cstackCOMRAM 00001A
sprintf@ap                       cstackBANK0  0000C6
sprintf@f                        cstackBANK0  0000C8
sprintf@fmt                      cstackBANK0  0000BC
sprintf@s                        cstackBANK0  0000BA
stackhi                          (abs)        0005F3
stacklo                          (abs)        000264
start                            init         000058
start_initialization             cinit        002B66
stoa@F1153                       dataBANK1    00017C
stoa@cp                          cstackCOMRAM 00001A
stoa@fp                          cstackCOMRAM 00000A
stoa@i                           cstackCOMRAM 000016
stoa@l                           cstackCOMRAM 00001E
stoa@nuls                        cstackCOMRAM 00000F
stoa@p                           cstackCOMRAM 00001C
stoa@s                           cstackCOMRAM 00000C
stoa@w                           cstackCOMRAM 000018
strcpy@d                         cstackCOMRAM 000009
strcpy@dest                      cstackCOMRAM 000001
strcpy@s                         cstackCOMRAM 000007
strcpy@src                       cstackCOMRAM 000003
strlen@a                         cstackCOMRAM 000003
strlen@s                         cstackCOMRAM 000001
strncmp@_l                       cstackCOMRAM 000001
strncmp@_r                       cstackCOMRAM 000003
strncmp@l                        cstackCOMRAM 000008
strncmp@n                        cstackCOMRAM 000005
strncmp@r                        cstackCOMRAM 00000A
tolower@c                        cstackCOMRAM 000007
ttemp5                           temp         000080
ttemp6                           temp         000083
ttemp7                           temp         000087
vfpfcnvrt@ap                     cstackCOMRAM 000065
vfpfcnvrt@c                      cstackCOMRAM 000078
vfpfcnvrt@cp                     cstackCOMRAM 00006B
vfpfcnvrt@ct                     cstackCOMRAM 000075
vfpfcnvrt@f                      cstackCOMRAM 000071
vfpfcnvrt@fmt                    cstackCOMRAM 000063
vfpfcnvrt@fp                     cstackCOMRAM 000061
vfprintf@ap                      cstackCOMRAM 00007D
vfprintf@cfmt                    cstackBANK0  0000B8
vfprintf@fmt                     cstackCOMRAM 00007B
vfprintf@fp                      cstackCOMRAM 000079
wtemp8                           temp         000080


FUNCTION INFORMATION:

 *************** function _main *****************
 Defined at:
		line 13 in file "main.c"
 Parameters:    Size  Location     Type
		None
 Auto vars:     Size  Location     Type
		None
 Return value:  Size  Location     Type
                  1    wreg      void 
 Registers used:
		wreg, fsr0l, fsr0h, status,2, status,0, tblptrl, tblptrh, tblptru, cstack
 Tracked objects:
		On entry : 
		On exit  : 
		Unchanged: 
 Data sizes:     COMRAM   BANK0   BANK1   BANK2   BANK3   BANK4   BANK5
      Params:         0       0       0       0       0       0       0
      Locals:         0       0       0       0       0       0       0
      Temps:          0       0       0       0       0       0       0
      Totals:         0       0       0       0       0       0       0
Total ram usage:        0 bytes
 Hardware stack levels required when called:   16
 This function calls:
		_SYSTEM_Initialize
 This function is called by:
		Startup code after reset
 This function uses a non-reentrant model


 *************** function _SYSTEM_Initialize *****************
 Defined at:
		line 73 in file "setting_hardaware/setting.c"
 Parameters:    Size  Location     Type
		None
 Auto vars:     Size  Location     Type
		None
 Return value:  Size  Location     Type
                  1    wreg      void 
 Registers used:
		wreg, fsr0l, fsr0h, status,2, status,0, tblptrl, tblptrh, tblptru, cstack
 Tracked objects:
		On entry : 
		On exit  : 
		Unchanged: 
 Data sizes:     COMRAM   BANK0   BANK1   BANK2   BANK3   BANK4   BANK5
      Params:         0       0       0       0       0       0       0
      Locals:         0       0       0       0       0       0       0
      Temps:          0       0       0       0       0       0       0
      Totals:         0       0       0       0       0       0       0
Total ram usage:        0 bytes
 Hardware stack levels used:    1
 Hardware stack levels required when called:   15
 This function calls:
		_ADC_Initialize
		_INTERRUPT_Initialize
		_LCD_init
		_OSCILLATOR_Initialize
		_PIN_MANAGER_Initialize
		_TMR1_Initialize
		_buzzer_init
 This function is called by:
		_main
 This function uses a non-reentrant model


 *************** function _buzzer_init *****************
 Defined at:
		line 19 in file "setting_hardaware/buzzer.c"
 Parameters:    Size  Location     Type
		None
 Auto vars:     Size  Location     Type
		None
 Return value:  Size  Location     Type
                  1    wreg      void 
 Registers used:
		None
 Tracked objects:
		On entry : 
		On exit  : 
		Unchanged: 
 Data sizes:     COMRAM   BANK0   BANK1   BANK2   BANK3   BANK4   BANK5
      Params:         0       0       0       0       0       0       0
      Locals:         0       0       0       0       0       0       0
      Temps:          0       0       0       0       0       0       0
      Totals:         0       0       0       0       0       0       0
Total ram usage:        0 bytes
 Hardware stack levels used:    1
 Hardware stack levels required when called:   12
 This function calls:
		Nothing
 This function is called by:
		_SYSTEM_Initialize
 This function uses a non-reentrant model


 *************** function _TMR1_Initialize *****************
 Defined at:
		line 62 in file "setting_hardaware/setting.c"
 Parameters:    Size  Location     Type
		None
 Auto vars:     Size  Location     Type
		None
 Return value:  Size  Location     Type
                  1    wreg      void 
 Registers used:
		wreg, status,2
 Tracked objects:
		On entry : 
		On exit  : 
		Unchanged: 
 Data sizes:     COMRAM   BANK0   BANK1   BANK2   BANK3   BANK4   BANK5
      Params:         0       0       0       0       0       0       0
      Locals:         0       0       0       0       0       0       0
      Temps:          0       0       0       0       0       0       0
      Totals:         0       0       0       0       0       0       0
Total ram usage:        0 bytes
 Hardware stack levels used:    1
 Hardware stack levels required when called:   12
 This function calls:
		Nothing
 This function is called by:
		_SYSTEM_Initialize
 This function uses a non-reentrant model


 *************** function _PIN_MANAGER_Initialize *****************
 Defined at:
		line 12 in file "setting_hardaware/pin_manager.c"
 Parameters:    Size  Location     Type
		None
 Auto vars:     Size  Location     Type
		None
 Return value:  Size  Location     Type
                  1    wreg      void 
 Registers used:
		wreg, status,2
 Tracked objects:
		On entry : 
		On exit  : 
		Unchanged: 
 Data sizes:     COMRAM   BANK0   BANK1   BANK2   BANK3   BANK4   BANK5
      Params:         0       0       0       0       0       0       0
      Locals:         0       0       0       0       0       0       0
      Temps:          0       0       0       0       0       0       0
      Totals:         0       0       0       0       0       0       0
Total ram usage:        0 bytes
 Hardware stack levels used:    1
 Hardware stack levels required when called:   12
 This function calls:
		Nothing
 This function is called by:
		_SYSTEM_Initialize
 This function uses a non-reentrant model


 *************** function _OSCILLATOR_Initialize *****************
 Defined at:
		line 84 in file "setting_hardaware/setting.c"
 Parameters:    Size  Location     Type
		None
 Auto vars:     Size  Location     Type
		None
 Return value:  Size  Location     Type
                  1    wreg      void 
 Registers used:
		None
 Tracked objects:
		On entry : 
		On exit  : 
		Unchanged: 
 Data sizes:     COMRAM   BANK0   BANK1   BANK2   BANK3   BANK4   BANK5
      Params:         0       0       0       0       0       0       0
      Locals:         0       0       0       0       0       0       0
      Temps:          0       0       0       0       0       0       0
      Totals:         0       0       0       0       0       0       0
Total ram usage:        0 bytes
 Hardware stack levels used:    1
 Hardware stack levels required when called:   12
 This function calls:
		Nothing
 This function is called by:
		_SYSTEM_Initialize
 This function uses a non-reentrant model


 *************** function _LCD_init *****************
 Defined at:
		line 55 in file "setting_hardaware/LCD.c"
 Parameters:    Size  Location     Type
		None
 Auto vars:     Size  Location     Type
		None
 Return value:  Size  Location     Type
                  1    wreg      void 
 Registers used:
		wreg, fsr0l, fsr0h, status,2, status,0, tblptrl, tblptrh, tblptru, cstack
 Tracked objects:
		On entry : 
		On exit  : 
		Unchanged: 
 Data sizes:     COMRAM   BANK0   BANK1   BANK2   BANK3   BANK4   BANK5
      Params:         0       0       0       0       0       0       0
      Locals:         0       0       0       0       0       0       0
      Temps:          0       0       1       0       0       0       0
      Totals:         0       0       1       0       0       0       0
Total ram usage:        1 bytes
 Hardware stack levels used:    1
 Hardware stack levels required when called:   14
 This function calls:
		_Cmd
		_Send2Lcd
 This function is called by:
		_SYSTEM_Initialize
 This function uses a non-reentrant model


 *************** function _Send2Lcd *****************
 Defined at:
		line 41 in file "setting_hardaware/LCD.c"
 Parameters:    Size  Location     Type
  Adr             1    wreg     const unsigned char 
  Lcd             2   14[BANK1 ] PTR const unsigned char 
		 -> r(100), STR_2(6), STR_1(8), 
 Auto vars:     Size  Location     Type
  Adr             1   17[BANK1 ] const unsigned char 
 Return value:  Size  Location     Type
                  1    wreg      void 
 Registers used:
		wreg, fsr0l, fsr0h, status,2, status,0, tblptrl, tblptrh, tblptru, cstack
 Tracked objects:
		On entry : 
		On exit  : 
		Unchanged: 
 Data sizes:     COMRAM   BANK0   BANK1   BANK2   BANK3   BANK4   BANK5
      Params:         0       0       2       0       0       0       0
      Locals:         0       0       1       0       0       0       0
      Temps:          0       0       1       0       0       0       0
      Totals:         0       0       4       0       0       0       0
Total ram usage:        4 bytes
 Hardware stack levels used:    1
 Hardware stack levels required when called:   13
 This function calls:
		_Cmd
		_Data
 This function is called by:
		_LCD_init
 This function uses a non-reentrant model


 *************** function _Data *****************
 Defined at:
		line 28 in file "setting_hardaware/LCD.c"
 Parameters:    Size  Location     Type
  Value           2   11[BANK1 ] int 
 Auto vars:     Size  Location     Type
		None
 Return value:  Size  Location     Type
                  1    wreg      void 
 Registers used:
		wreg
 Tracked objects:
		On entry : 
		On exit  : 
		Unchanged: 
 Data sizes:     COMRAM   BANK0   BANK1   BANK2   BANK3   BANK4   BANK5
      Params:         0       0       2       0       0       0       0
      Locals:         0       0       0       0       0       0       0
      Temps:          0       0       1       0       0       0       0
      Totals:         0       0       3       0       0       0       0
Total ram usage:        3 bytes
 Hardware stack levels used:    1
 Hardware stack levels required when called:   12
 This function calls:
		Nothing
 This function is called by:
		_Send2Lcd
 This function uses a non-reentrant model


 *************** function _Cmd *****************
 Defined at:
		line 15 in file "setting_hardaware/LCD.c"
 Parameters:    Size  Location     Type
  Value           2   11[BANK1 ] int 
 Auto vars:     Size  Location     Type
		None
 Return value:  Size  Location     Type
                  1    wreg      void 
 Registers used:
		wreg
 Tracked objects:
		On entry : 
		On exit  : 
		Unchanged: 
 Data sizes:     COMRAM   BANK0   BANK1   BANK2   BANK3   BANK4   BANK5
      Params:         0       0       2       0       0       0       0
      Locals:         0       0       0       0       0       0       0
      Temps:          0       0       1       0       0       0       0
      Totals:         0       0       3       0       0       0       0
Total ram usage:        3 bytes
 Hardware stack levels used:    1
 Hardware stack levels required when called:   12
 This function calls:
		Nothing
 This function is called by:
		_Send2Lcd
		_LCD_init
 This function uses a non-reentrant model


 *************** function _INTERRUPT_Initialize *****************
 Defined at:
		line 5 in file "setting_hardaware/interrupt_manager.c"
 Parameters:    Size  Location     Type
		None
 Auto vars:     Size  Location     Type
		None
 Return value:  Size  Location     Type
                  1    wreg      void 
 Registers used:
		None
 Tracked objects:
		On entry : 
		On exit  : 
		Unchanged: 
 Data sizes:     COMRAM   BANK0   BANK1   BANK2   BANK3   BANK4   BANK5
      Params:         0       0       0       0       0       0       0
      Locals:         0       0       0       0       0       0       0
      Temps:          0       0       0       0       0       0       0
      Totals:         0       0       0       0       0       0       0
Total ram usage:        0 bytes
 Hardware stack levels used:    1
 Hardware stack levels required when called:   12
 This function calls:
		Nothing
 This function is called by:
		_SYSTEM_Initialize
 This function uses a non-reentrant model


 *************** function _ADC_Initialize *****************
 Defined at:
		line 39 in file "setting_hardaware/adc.c"
 Parameters:    Size  Location     Type
		None
 Auto vars:     Size  Location     Type
		None
 Return value:  Size  Location     Type
                  1    wreg      void 
 Registers used:
		wreg, status,2
 Tracked objects:
		On entry : 
		On exit  : 
		Unchanged: 
 Data sizes:     COMRAM   BANK0   BANK1   BANK2   BANK3   BANK4   BANK5
      Params:         0       0       0       0       0       0       0
      Locals:         0       0       0       0       0       0       0
      Temps:          0       0       0       0       0       0       0
      Totals:         0       0       0       0       0       0       0
Total ram usage:        0 bytes
 Hardware stack levels used:    1
 Hardware stack levels required when called:   12
 This function calls:
		Nothing
 This function is called by:
		_SYSTEM_Initialize
 This function uses a non-reentrant model


 *************** function _Lo_ISR *****************
 Defined at:
		line 53 in file "setting_hardaware/uart.c"
 Parameters:    Size  Location     Type
		None
 Auto vars:     Size  Location     Type
		None
 Return value:  Size  Location     Type
                  1    wreg      void 
 Registers used:
		wreg, fsr2l, fsr2h, status,2, status,0, cstack
 Tracked objects:
		On entry : 
		On exit  : 
		Unchanged: 
 Data sizes:     COMRAM   BANK0   BANK1   BANK2   BANK3   BANK4   BANK5
      Params:         0       0       0       0       0       0       0
      Locals:         0       0       0       0       0       0       0
      Temps:          0       0       5       0       0       0       0
      Totals:         0       0       5       0       0       0       0
Total ram usage:        5 bytes
 Hardware stack levels used:    1
 Hardware stack levels required when called:   11
 This function calls:
		_MyusartRead
 This function is called by:
		Interrupt level 1
 This function uses a non-reentrant model


 *************** function _MyusartRead *****************
 Defined at:
		line 32 in file "setting_hardaware/uart.c"
 Parameters:    Size  Location     Type
		None
 Auto vars:     Size  Location     Type
		None
 Return value:  Size  Location     Type
                  1    wreg      void 
 Registers used:
		wreg, fsr2l, fsr2h, status,2, status,0, cstack
 Tracked objects:
		On entry : 
		On exit  : 
		Unchanged: 
 Data sizes:     COMRAM   BANK0   BANK1   BANK2   BANK3   BANK4   BANK5
      Params:         0       0       0       0       0       0       0
      Locals:         0       0       0       0       0       0       0
      Temps:          0       0       0       0       0       0       0
      Totals:         0       0       0       0       0       0       0
Total ram usage:        0 bytes
 Hardware stack levels used:    1
 Hardware stack levels required when called:   10
 This function calls:
		_UART_Write
		___awmod
 This function is called by:
		_Lo_ISR
 This function uses a non-reentrant model


 *************** function ___awmod *****************
 Defined at:
		line 7 in file "C:\Program Files (x86)\Microchip\xc8\v2.10\pic\sources\c99\common\awmod.c"
 Parameters:    Size  Location     Type
  dividend        2    0[BANK1 ] int 
  divisor         2    2[BANK1 ] int 
 Auto vars:     Size  Location     Type
  sign            1    5[BANK1 ] unsigned char 
  counter         1    4[BANK1 ] unsigned char 
 Return value:  Size  Location     Type
                  2    0[BANK1 ] int 
 Registers used:
		wreg, status,2, status,0
 Tracked objects:
		On entry : 
		On exit  : 
		Unchanged: 
 Data sizes:     COMRAM   BANK0   BANK1   BANK2   BANK3   BANK4   BANK5
      Params:         0       0       4       0       0       0       0
      Locals:         0       0       2       0       0       0       0
      Temps:          0       0       0       0       0       0       0
      Totals:         0       0       6       0       0       0       0
Total ram usage:        6 bytes
 Hardware stack levels used:    1
 Hardware stack levels required when called:    9
 This function calls:
		Nothing
 This function is called by:
		_MyusartRead
 This function uses a non-reentrant model


 *************** function _UART_Write *****************
 Defined at:
		line 11 in file "setting_hardaware/uart.c"
 Parameters:    Size  Location     Type
  data            1    wreg     unsigned char 
 Auto vars:     Size  Location     Type
  data            1    0[BANK1 ] unsigned char 
 Return value:  Size  Location     Type
                  1    wreg      void 
 Registers used:
		wreg
 Tracked objects:
		On entry : 
		On exit  : 
		Unchanged: 
 Data sizes:     COMRAM   BANK0   BANK1   BANK2   BANK3   BANK4   BANK5
      Params:         0       0       0       0       0       0       0
      Locals:         0       0       1       0       0       0       0
      Temps:          0       0       0       0       0       0       0
      Totals:         0       0       1       0       0       0       0
Total ram usage:        1 bytes
 Hardware stack levels used:    1
 Hardware stack levels required when called:    9
 This function calls:
		Nothing
 This function is called by:
		_MyusartRead
		_UART_Write_Text
 This function uses a non-reentrant model


 *************** function _Hi_ISR *****************
 Defined at:
		line 22 in file "main.c"
 Parameters:    Size  Location     Type
		None
 Auto vars:     Size  Location     Type
		None
 Return value:  Size  Location     Type
                  1    wreg      void 
 Registers used:
		wreg, fsr0l, fsr0h, fsr1l, fsr1h, fsr2l, fsr2h, status,2, status,0, tblptrl, tblptrh, tblptru, prodl, prodh, cstack
 Tracked objects:
		On entry : 
		On exit  : 
		Unchanged: 
 Data sizes:     COMRAM   BANK0   BANK1   BANK2   BANK3   BANK4   BANK5
      Params:         0       0       0       0       0       0       0
      Locals:         0       0       0       0       0       0       0
      Temps:          0      13       0       0       0       0       0
      Totals:         0      13       0       0       0       0       0
Total ram usage:       13 bytes
 Hardware stack levels used:    1
 Hardware stack levels required when called:    8
 This function calls:
		_ADC_Read
		_LCD_clear
		_memset
		_sprintf
		i2_Send2Lcd
 This function is called by:
		Interrupt level 2
 This function uses a non-reentrant model


 *************** function i2_Send2Lcd *****************
 Defined at:
		line 41 in file "setting_hardaware/LCD.c"
 Parameters:    Size  Location     Type
  Adr             1    wreg     const unsigned char 
  Lcd             2    3[COMRAM] PTR const unsigned char 
		 -> r(100), STR_2(6), STR_1(8), 
 Auto vars:     Size  Location     Type
  Adr             1    6[COMRAM] const unsigned char 
 Return value:  Size  Location     Type
                  1    wreg      void 
 Registers used:
		wreg, fsr0l, fsr0h, status,2, status,0, tblptrl, tblptrh, tblptru, cstack
 Tracked objects:
		On entry : 
		On exit  : 
		Unchanged: 
 Data sizes:     COMRAM   BANK0   BANK1   BANK2   BANK3   BANK4   BANK5
      Params:         2       0       0       0       0       0       0
      Locals:         1       0       0       0       0       0       0
[...]
 Parameters:    Size  Location     Type
  c               2    0[COMRAM] int 
 Auto vars:     Size  Location     Type
		None
 Return value:  Size  Location     Type
                  2    0[COMRAM] int 
 Registers used:
		wreg, status,2, status,0
 Tracked objects:
		On entry : 
		On exit  : 
		Unchanged: 
 Data sizes:     COMRAM   BANK0   BANK1   BANK2   BANK3   BANK4   BANK5
      Params:         2       0       0       0       0       0       0
      Locals:         0       0       0       0       0       0       0
      Temps:          4       0       0       0       0       0       0
      Totals:         6       0       0       0       0       0       0
Total ram usage:        6 bytes
 Hardware stack levels used:    1
 This function calls:
		Nothing
 This function is called by:
		_vfpfcnvrt
		_atoi
 This function uses a non-reentrant model


 *************** function ___wmul *****************
 Defined at:
		line 15 in file "C:\Program Files (x86)\Microchip\xc8\v2.10\pic\sources\c99\common\Umul16.c"
 Parameters:    Size  Location     Type
  multiplier      2    0[COMRAM] unsigned int 
  multiplicand    2    2[COMRAM] unsigned int 
 Auto vars:     Size  Location     Type
  product         2    4[COMRAM] unsigned int 
 Return value:  Size  Location     Type
                  2    0[COMRAM] unsigned int 
 Registers used:
		wreg, status,2, status,0, prodl, prodh
 Tracked objects:
		On entry : 
		On exit  : 
		Unchanged: 
 Data sizes:     COMRAM   BANK0   BANK1   BANK2   BANK3   BANK4   BANK5
      Params:         4       0       0       0       0       0       0
      Locals:         2       0       0       0       0       0       0
      Temps:          0       0       0       0       0       0       0
      Totals:         6       0       0       0       0       0       0
Total ram usage:        6 bytes
 Hardware stack levels used:    1
 This function calls:
		Nothing
 This function is called by:
		_atoi
 This function uses a non-reentrant model


 *************** function _memset *****************
 Defined at:
		line 4 in file "C:\Program Files (x86)\Microchip\xc8\v2.10\pic\sources\c99\common\memset.c"
 Parameters:    Size  Location     Type
  dest            2    0[COMRAM] PTR void 
		 -> r(100), 
  c               2    2[COMRAM] int 
  n               2    4[COMRAM] unsigned int 
 Auto vars:     Size  Location     Type
  s               2   10[COMRAM] PTR unsigned char 
		 -> r(100), 
  k               2    8[COMRAM] unsigned int 
 Return value:  Size  Location     Type
                  2    0[COMRAM] PTR void 
 Registers used:
		wreg, fsr2l, fsr2h, status,2, status,0
 Tracked objects:
		On entry : 
		On exit  : 
		Unchanged: 
 Data sizes:     COMRAM   BANK0   BANK1   BANK2   BANK3   BANK4   BANK5
      Params:         6       0       0       0       0       0       0
      Locals:         4       0       0       0       0       0       0
      Temps:          2       0       0       0       0       0       0
      Totals:        12       0       0       0       0       0       0
Total ram usage:       12 bytes
 Hardware stack levels used:    1
 This function calls:
		Nothing
 This function is called by:
		_Hi_ISR
 This function uses a non-reentrant model


 *************** function _LCD_clear *****************
 Defined at:
		line 51 in file "setting_hardaware/LCD.c"
 Parameters:    Size  Location     Type
		None
 Auto vars:     Size  Location     Type
		None
 Return value:  Size  Location     Type
                  1    wreg      void 
 Registers used:
		wreg, status,2, cstack
 Tracked objects:
		On entry : 
		On exit  : 
		Unchanged: 
 Data sizes:     COMRAM   BANK0   BANK1   BANK2   BANK3   BANK4   BANK5
      Params:         0       0       0       0       0       0       0
      Locals:         0       0       0       0       0       0       0
      Temps:          0       0       0       0       0       0       0
      Totals:         0       0       0       0       0       0       0
Total ram usage:        0 bytes
 Hardware stack levels used:    1
 Hardware stack levels required when called:    1
 This function calls:
		i2_Cmd
 This function is called by:
		_Hi_ISR
 This function uses a non-reentrant model


 *************** function i2_Cmd *****************
 Defined at:
		line 15 in file "setting_hardaware/LCD.c"
 Parameters:    Size  Location     Type
  Value           2    0[COMRAM] int 
 Auto vars:     Size  Location     Type
		None
 Return value:  Size  Location     Type
                  1    wreg      void 
 Registers used:
		wreg
 Tracked objects:
		On entry : 
		On exit  : 
		Unchanged: 
 Data sizes:     COMRAM   BANK0   BANK1   BANK2   BANK3   BANK4   BANK5
      Params:         2       0       0       0       0       0       0
      Locals:         0       0       0       0       0       0       0
      Temps:          1       0       0       0       0       0       0
      Totals:         3       0       0       0       0       0       0
Total ram usage:        3 bytes
 Hardware stack levels used:    1
 This function calls:
		Nothing
 This function is called by:
		_LCD_clear
		i2_Send2Lcd
 This function uses a non-reentrant model


 *************** function _ADC_Read *****************
 Defined at:
		line 67 in file "setting_hardaware/adc.c"
 Parameters:    Size  Location     Type
  channel         2   64[COMRAM] int 
 Auto vars:     Size  Location     Type
  result          4   75[COMRAM] int 
  digital         2   73[COMRAM] int 
 Return value:  Size  Location     Type
                  4   64[COMRAM] int 
 Registers used:
		wreg, status,2, status,0, prodl, prodh, cstack
 Tracked objects:
		On entry : 
		On exit  : 
		Unchanged: 
 Data sizes:     COMRAM   BANK0   BANK1   BANK2   BANK3   BANK4   BANK5
      Params:         4       0       0       0       0       0       0
      Locals:        10       0       0       0       0       0       0
      Temps:          1       0       0       0       0       0       0
      Totals:        15       0       0       0       0       0       0
Total ram usage:       15 bytes
 Hardware stack levels used:    1
 Hardware stack levels required when called:    1
 This function calls:
		___fldiv
		___flmul
		___xxtofl
 This function is called by:
		_Hi_ISR
 This function uses a non-reentrant model


 *************** function ___xxtofl *****************
 Defined at:
		line 10 in file "C:\Program Files (x86)\Microchip\xc8\v2.10\pic\sources\c99\common\xxtofl.c"
 Parameters:    Size  Location     Type
  sign            1    wreg     unsigned char 
  val             4    0[COMRAM] long 
 Auto vars:     Size  Location     Type
  sign            1    8[COMRAM] unsigned char 
  arg             4   10[COMRAM] unsigned long 
  exp             1    9[COMRAM] unsigned char 
 Return value:  Size  Location     Type
                  4    0[COMRAM] unsigned char 
 Registers used:
		wreg, status,2, status,0
 Tracked objects:
		On entry : 
		On exit  : 
		Unchanged: 
 Data sizes:     COMRAM   BANK0   BANK1   BANK2   BANK3   BANK4   BANK5
      Params:         4       0       0       0       0       0       0
      Locals:         6       0       0       0       0       0       0
      Temps:          4       0       0       0       0       0       0
      Totals:        14       0       0       0       0       0       0
Total ram usage:       14 bytes
 Hardware stack levels used:    1
 This function calls:
		Nothing
 This function is called by:
		_ADC_Read
		_MQGetGasPercentage
		_MQ_Read
		_powf
		_logf
 This function uses a non-reentrant model


 *************** function ___flmul *****************
 Defined at:
		line 8 in file "C:\Program Files (x86)\Microchip\xc8\v2.10\pic\sources\c99\common\sprcmul.c"
 Parameters:    Size  Location     Type
  b               4   14[COMRAM] unsigned char 
  a               4   18[COMRAM] unsigned char 
 Auto vars:     Size  Location     Type
  prod            4   33[COMRAM] struct .
  grs             4   27[COMRAM] unsigned long 
  temp            2   37[COMRAM] struct .
  bexp            1   32[COMRAM] unsigned char 
  aexp            1   31[COMRAM] unsigned char 
  sign            1   26[COMRAM] unsigned char 
 Return value:  Size  Location     Type
                  4   14[COMRAM] unsigned char 
 Registers used:
		wreg, status,2, status,0, prodl, prodh
 Tracked objects:
		On entry : 
		On exit  : 
		Unchanged: 
 Data sizes:     COMRAM   BANK0   BANK1   BANK2   BANK3   BANK4   BANK5
      Params:         8       0       0       0       0       0       0
      Locals:        13       0       0       0       0       0       0
      Temps:          4       0       0       0       0       0       0
      Totals:        25       0       0       0       0       0       0
Total ram usage:       25 bytes
 Hardware stack levels used:    1
 This function calls:
		Nothing
 This function is called by:
		_ADC_Read
		_efgtoa
		_MQ_Read
		_powf
		_sqrtf
		_scalbnf
		_logf
 This function uses a non-reentrant model


 *************** function ___fldiv *****************
 Defined at:
		line 11 in file "C:\Program Files (x86)\Microchip\xc8\v2.10\pic\sources\c99\common\sprcdiv.c"
 Parameters:    Size  Location     Type
  b               4   39[COMRAM] unsigned char 
  a               4   43[COMRAM] unsigned char 
 Auto vars:     Size  Location     Type
  grs             4   58[COMRAM] unsigned long 
  rem             4   51[COMRAM] unsigned long 
  new_exp         2   56[COMRAM] short 
  aexp            1   63[COMRAM] unsigned char 
  bexp            1   62[COMRAM] unsigned char 
  sign            1   55[COMRAM] unsigned char 
 Return value:  Size  Location     Type
                  4   39[COMRAM] unsigned char 
 Registers used:
		wreg, status,2, status,0
 Tracked objects:
		On entry : 
		On exit  : 
		Unchanged: 
 Data sizes:     COMRAM   BANK0   BANK1   BANK2   BANK3   BANK4   BANK5
      Params:         8       0       0       0       0       0       0
      Locals:        13       0       0       0       0       0       0
      Temps:          4       0       0       0       0       0       0
      Totals:        25       0       0       0       0       0       0
Total ram usage:       25 bytes
 Hardware stack levels used:    1
 This function calls:
		Nothing
 This function is called by:
		_ADC_Read
		_efgtoa
		_MQGetPercentage
		_MQ_Read
		_powf
		_logf
 This function uses a non-reentrant model



MODULE INFORMATION

Module		Function		Class		Link	Load	Size
C:\Program Files (x86)\Microchip\xc8\v2.10\pic\sources\c99\common\floorf.c
		_floorf        		CODE           	1D34	0000	439

C:\Program Files (x86)\Microchip\xc8\v2.10\pic\sources\c99\common\floorf.c estimated size: 439

C:\Program Files (x86)\Microchip\xc8\v2.10\pic\sources\c99\common\atoi.c
		_atoi          		CODE           	1EEA	0000	321

C:\Program Files (x86)\Microchip\xc8\v2.10\pic\sources\c99\common\atoi.c estimated size: 321

C:\Program Files (x86)\Microchip\xc8\v2.10\pic\sources\c99\common\fleq.c
		___fleq        		CODE           	29DC	0000	139

C:\Program Files (x86)\Microchip\xc8\v2.10\pic\sources\c99\common\fleq.c estimated size: 139

setting_hardaware/interrupt_manager.c
		_INTERRUPT_Initialize		CODE           	3236	0000	7

setting_hardaware/interrupt_manager.c estimated size: 7

C:\Program Files (x86)\Microchip\xc8\v2.10\pic\sources\c99\common\xxtofl.c
		___xxtofl      		CODE           	202A	0000	321

C:\Program Files (x86)\Microchip\xc8\v2.10\pic\sources\c99\common\xxtofl.c estimated size: 321

C:\Program Files (x86)\Microchip\xc8\v2.10\pic\sources\c99\common\awdiv.c
		___awdiv       		CODE           	2A66	0000	133

C:\Program Files (x86)\Microchip\xc8\v2.10\pic\sources\c99\common\awdiv.c estimated size: 133

C:\Program Files (x86)\Microchip\xc8\v2.10\pic\sources\c99\common\isspace.c
		_isspace       		CODE           	2F62	0000	63

C:\Program Files (x86)\Microchip\xc8\v2.10\pic\sources\c99\common\isspace.c estimated size: 63

C:\Program Files (x86)\Microchip\xc8\v2.10\pic\sources\c99\common\strlen.c
		_strlen        		CODE           	314E	0000	43

C:\Program Files (x86)\Microchip\xc8\v2.10\pic\sources\c99\common\strlen.c estimated size: 43

C:\Program Files (x86)\Microchip\xc8\v2.10\pic\sources\c99\common\fltol.c
		___fltol       		CODE           	2746	0000	187

C:\Program Files (x86)\Microchip\xc8\v2.10\pic\sources\c99\common\fltol.c estimated size: 187

setting_hardaware/uart.c
		_Lo_ISR        		CODE           	0018	0000	65
		_MyusartRead   		CODE           	2ED4	0000	73
		_UART_Write    		CODE           	320C	0000	15

setting_hardaware/uart.c estimated size: 153

C:\Program Files (x86)\Microchip\xc8\v2.10\pic\sources\c99\common\strcpy.c
		_strcpy        		CODE           	2E36	0000	83

C:\Program Files (x86)\Microchip\xc8\v2.10\pic\sources\c99\common\strcpy.c estimated size: 83

C:\Program Files (x86)\Microchip\xc8\v2.10\pic\sources\c99\common\memset.c
		_memset        		CODE           	216A	0000	307

C:\Program Files (x86)\Microchip\xc8\v2.10\pic\sources\c99\common\memset.c estimated size: 307

C:\Program Files (x86)\Microchip\xc8\v2.10\pic\sources\c99\common\strncmp.c
		_strncmp       		CODE           	2800	0000	163

C:\Program Files (x86)\Microchip\xc8\v2.10\pic\sources\c99\common\strncmp.c estimated size: 163

C:\Program Files (x86)\Microchip\xc8\v2.10\pic\sources\c99\common\tolower.c
		_tolower       		CODE           	2E88	0000	77

C:\Program Files (x86)\Microchip\xc8\v2.10\pic\sources\c99\common\tolower.c estimated size: 77

C:\Program Files (x86)\Microchip\xc8\v2.10\pic\sources\c99\common\sprcmul.c
		___flmul       		CODE           	144E	0000	851

C:\Program Files (x86)\Microchip\xc8\v2.10\pic\sources\c99\common\sprcmul.c estimated size: 851

C:\Program Files (x86)\Microchip\xc8\v2.10\pic\sources\c99\common\sprcdiv.c
		___fldiv       		CODE           	1AAC	0000	649

C:\Program Files (x86)\Microchip\xc8\v2.10\pic\sources\c99\common\sprcdiv.c estimated size: 649

setting_hardaware/adc.c
		_ADC_Initialize		CODE           	31EC	0000	19
		_ADC_Read      		CODE           	24D2	0000	217

setting_hardaware/adc.c estimated size: 236

C:\Program Files (x86)\Microchip\xc8\v2.10\pic\sources\c99\common\doprnt.c
		_vfpfcnvrt     		CODE           	103C	0000	1043
		_efgtoa        		CODE           	06C0	0000	2429
		_pad           		CODE           	2942	0000	155
		_vfprintf      		CODE           	2D8E	0000	87
		_stoa          		CODE           	229C	0000	301

C:\Program Files (x86)\Microchip\xc8\v2.10\pic\sources\c99\common\doprnt.c estimated size: 4015

C:\Program Files (x86)\Microchip\xc8\v2.10\pic\sources\c99\common\nf_fputs.c
		_fputs         		CODE           	2FA0	0000	57

C:\Program Files (x86)\Microchip\xc8\v2.10\pic\sources\c99\common\nf_fputs.c estimated size: 57

C:\Program Files (x86)\Microchip\xc8\v2.10\pic\sources\c99\common\flge.c
		___flge        		CODE           	25AA	0000	209

C:\Program Files (x86)\Microchip\xc8\v2.10\pic\sources\c99\common\flge.c estimated size: 209

C:\Program Files (x86)\Microchip\xc8\v2.10\pic\sources\c99\common\flneg.c
		___flneg       		CODE           	30C6	0000	47

C:\Program Files (x86)\Microchip\xc8\v2.10\pic\sources\c99\common\flneg.c estimated size: 47

shared
		_L5            		SMALLCONST     	0000	0000	0
		_P3            		SMALLCONST     	0000	0000	0
		_L6            		SMALLCONST     	0000	0000	0
		_P4            		SMALLCONST     	0000	0000	0
		_P5            		SMALLCONST     	0000	0000	0
		i2_Cmd         		CODE           	30F4	0000	47
		_Lg1           		SMALLCONST     	0000	0000	0
		_Lg2           		SMALLCONST     	0000	0000	0
		i2_Data        		CODE           	3098	0000	47
		_Lg3           		SMALLCONST     	0000	0000	0
		_Lg4           		SMALLCONST     	0000	0000	0
		_lg2_l         		SMALLCONST     	0000	0000	0
		_ivln2_l       		SMALLCONST     	0000	0000	0
		_ivln2         		SMALLCONST     	0000	0000	0
		__initialization		CODE           	2B66	0000	101
		_bp            		SMALLCONST     	0681	0000	9
		_cp            		SMALLCONST     	0000	0000	0
		_cp_h          		SMALLCONST     	0000	0000	0
		i2___awmod     		CODE           	2C4A	0000	113
		_dp_h          		SMALLCONST     	0609	0000	9
		_lg2           		SMALLCONST     	0000	0000	0
		_lg2_h         		SMALLCONST     	0000	0000	0
		_ivln2_h       		SMALLCONST     	0000	0000	0
		_ln2_lo        		SMALLCONST     	0000	0000	0
		i2_Send2Lcd    		CODE           	2D28	0000	103
		_tiny          		SMALLCONST     	0000	0000	0
		sqrtf@tiny     		SMALLCONST     	0000	0000	0
		_ovt           		SMALLCONST     	0000	0000	0
		_huge          		SMALLCONST     	0000	0000	0
		_two24         		SMALLCONST     	0000	0000	0
		_cp_l          		SMALLCONST     	0000	0000	0
		_ln2_hi        		SMALLCONST     	0000	0000	0
		_dp_l          		SMALLCONST     	0601	0000	9
		_L1            		SMALLCONST     	0000	0000	0
		_L2            		SMALLCONST     	0000	0000	0
		_L3            		SMALLCONST     	0000	0000	0
		_P1            		SMALLCONST     	0000	0000	0
		_L4            		SMALLCONST     	0000	0000	0
		_P2            		SMALLCONST     	0000	0000	0

shared estimated size: 438

setting_hardaware/pin_manager.c
		_PIN_MANAGER_Initialize		CODE           	31D8	0000	21

setting_hardaware/pin_manager.c estimated size: 21

C:\Program Files (x86)\Microchip\xc8\v2.10\pic\sources\c99\common\putch.c
		_putch         		CODE           	323E	0000	3

C:\Program Files (x86)\Microchip\xc8\v2.10\pic\sources\c99\common\putch.c estimated size: 3

C:\Program Files (x86)\Microchip\xc8\v2.10\pic\sources\c99\common\isdigit.c
		_isdigit       		CODE           	3068	0000	49

C:\Program Files (x86)\Microchip\xc8\v2.10\pic\sources\c99\common\isdigit.c estimated size: 49

setting_hardaware/setting.c
		_TMR1_Initialize		CODE           	31BC	0000	29
		_OSCILLATOR_Initialize		CODE           	3228	0000	9
		_SYSTEM_Initialize		CODE           	319E	0000	31

setting_hardaware/setting.c estimated size: 69

C:\Program Files (x86)\Microchip\xc8\v2.10\pic\sources\c99\common\sprcadd.c
		___flsub       		CODE           	2F1C	0000	71
		___fladd       		CODE           	17A0	0000	781

C:\Program Files (x86)\Microchip\xc8\v2.10\pic\sources\c99\common\sprcadd.c estimated size: 852

C:\Program Files (x86)\Microchip\xc8\v2.10\pic\sources\c99\common\nf_sprintf.c
		_sprintf       		CODE           	2DE4	0000	83

C:\Program Files (x86)\Microchip\xc8\v2.10\pic\sources\c99\common\nf_sprintf.c estimated size: 83

C:\Program Files (x86)\Microchip\xc8\v2.10\pic\sources\c99\common\Umul16.c
		___wmul        		CODE           	3178	0000	39

C:\Program Files (x86)\Microchip\xc8\v2.10\pic\sources\c99\common\Umul16.c estimated size: 39

C:\Program Files (x86)\Microchip\xc8\v2.10\pic\sources\c99\common\awmod.c
		___awmod       		CODE           	2BD8	0000	115

C:\Program Files (x86)\Microchip\xc8\v2.10\pic\sources\c99\common\awmod.c estimated size: 115

main.c
		_main          		CODE           	3230	0000	7
		_Hi_ISR        		CODE           	0008	0000	273

main.c estimated size: 280

C:\Program Files (x86)\Microchip\xc8\v2.10\pic\sources\c99\common\isupper.c
		_isupper       		CODE           	3038	0000	49

C:\Program Files (x86)\Microchip\xc8\v2.10\pic\sources\c99\common\isupper.c estimated size: 49

setting_hardaware/LCD.c
		_LCD_clear     		CODE           	321A	0000	15
		_Data          		CODE           	2FD8	0000	49
		_Send2Lcd      		CODE           	2CBA	0000	111
		_Cmd           		CODE           	3008	0000	49
		_LCD_init      		CODE           	2AEA	0000	125

setting_hardaware/LCD.c estimated size: 349

C:\Program Files (x86)\Microchip\xc8\v2.10\pic\sources\c99\common\__fpclassifyf.c
		___fpclassifyf 		CODE           	267A	0000	205

C:\Program Files (x86)\Microchip\xc8\v2.10\pic\sources\c99\common\__fpclassifyf.c estimated size: 205

setting_hardaware/buzzer.c
		_buzzer_init   		CODE           	323C	0000	3

setting_hardaware/buzzer.c estimated size: 3

C:\Program Files (x86)\Microchip\xc8\v2.10\pic\sources\c99\common\nf_fputc.c
		_fputc         		CODE           	28A2	0000	161

C:\Program Files (x86)\Microchip\xc8\v2.10\pic\sources\c99\common\nf_fputc.c estimated size: 161

