Microchip MPLAB XC8 Compiler V2.10 ()

Linker command line:

-W-3 --edf=C:\Program Files (x86)\Microchip\xc8\v2.10\pic\dat\en_msgs.txt \
  -cs -h+dist/default/debug\pic18finalprpject.X.debug.sym \
  --cmf=dist/default/debug\pic18finalprpject.X.debug.cmf -z -Q18F4520 \
  -oD:\TEMP\se6g.2 --defsym=__MPLAB_BUILD=1 \
  -Mdist/default/debug/pic18finalprpject.X.debug.map -E1 -ver=XC8 \
  --acfsm=1493 -ASTACK=02C7h-05F3h -pstack=STACK -ACODE=00h-07DBFh \
  -ACONST=00h-07DBFh -ASMALLCONST=0600h-06FFhx119,07D00h-07DBFh \
  -AMEDIUMCONST=0600h-07DBFh -ACOMRAM=01h-07Fh -AABS1=00h-05F3h \
  -ABIGRAM=01h-05F3h -ARAM=080h-0FFh,0100h-01FFhx4,0500h-05F3h \
  -ABANK0=080h-0FFh -ABANK1=0100h-01FFh -ABANK2=0200h-02FFh \
  -ABANK3=0300h-03FFh -ABANK4=0400h-04FFh -ABANK5=0500h-05F3h \
  -ASFR=0F80h-0F9Bh,0F9Dh-0FD3h,0FD5h-0FDAh,0FE0h-0FE2h,0FE8h-0FEAh,0FF0h-0FFCh \
  -preset_vec=00h,intcode=08h,intcodelo=018h,powerup,init -pramtop=0600h \
  -psmallconst=SMALLCONST -pmediumconst=MEDIUMCONST -pconst=CONST \
  -AFARRAM=00h-00h -ACONFIG=0300000h-030000Dh -pconfig=CONFIG \
  -AIDLOC=0200000h-0200007h -pidloc=IDLOC -AEEDATA=0F00000h-0F000FFh \
  -peeprom_data=EEDATA \
  -prdata=COMRAM,nvrram=COMRAM,nvbit=COMRAM,rbss=COMRAM,rbit=COMRAM \
  -pfarbss=FARRAM,fardata=FARRAM,nvFARRAM=FARRAM \
  -pintsave_regs=BIGRAM,bigbss=BIGRAM,bigdata=BIGRAM -pbss=RAM \
  -pidata=CODE,irdata=CODE,ibigdata=CODE,ifardata=CODE -prparam=COMRAM \
  D:\TEMP\se6g.o dist/default/debug\pic18finalprpject.X.debug.o 

Object code version is 3.11

Machine type is 18F4520

Call graph: (short form)




                Name                               Link     Load   Length Selector   Space Scale
D:\TEMP\se6g.o  init                                 58       58        4        C       0
                reset_vec                             0        0        4        0       0
                idloc                            200000   200000        8   200000       0
                config                           300000   300000        E   300000       0
dist/default/debug\pic18finalprpject.X.debug.o
                intcodelo                            18       18       40        C       0
                intcode                               8        8        6        4       0
                temp                                 7F       7F        1        1       1
                smallconst                          600      600       C0      300       0
                text59                             6054     6054        E      360       0
                text58                             5D9A     5D9A       32      360       0
                text57                             5F7C     5F7C       22      360       0
                text56                             5EB8     5EB8       2E      360       0
                text55                             6046     6046        E      360       0
                text54                             575E     575E       BC      360       0
                text53                             4296     4296      288      360       0
                text52                             3964     3964      352      360       0
                text51                             3CB6     3CB6      30C      360       0
                text50                             5C78     5C78       46      360       0
                text49                             51E4     51E4      140      360       0
                text48                             2E4C     2E4C      6F2      360       0
                text47                             5E8A     5E8A       2E      360       0
                text46                             5D34     5D34       34      360       0
                text45                             4C1A     4C1A      1E6      360       0
                text44                             568E     568E       D0      360       0
                text43                             5F5A     5F5A       22      360       0
                text42                             353E     353E      426      360       0
                text41                              6C0      6C0     278C      360       0
                text40                             557A     557A      114      360       0
                text39                             4E00     4E00      15C      360       0
                text38                             3FC2     3FC2      2D4      360       0
                text37                             5324     5324      132      360       0
                text36                             5F10     5F10       26      360       0
                text35                             5E2C     5E2C       30      360       0
                text34                             5CBE     5CBE       3E      360       0
                text33                             50A4     50A4      140      360       0
                text32                             4F5C     4F5C      148      360       0
                text31                             5456     5456      124      360       0
                text30                             5D68     5D68       32      360       0
                text29                             607C     607C        2      360       0
                text28                             581A     581A       A0      360       0
                text27                             5CFC     5CFC       38      360       0
                text26                             5EE6     5EE6       2A      360       0
                text25                             58BA     58BA       9A      360       0
                text24                             49D2     49D2      248      360       0
                text23                             451E     451E      25C      360       0
                text22                             5B88     5B88       56      360       0
                text21                             5BDE     5BDE       52      360       0
                text20                             5E5C     5E5C       2E      360       0
                text19                             5B22     5B22       66      360       0
                text18                             6004     6004       14      360       0
                intcode_body                       477A     477A      258      360       0
                text16                             6038     6038        E      360       0
                text15                             5A42     5A42       72      360       0
                text14                             5C30     5C30       48      360       0
                text12                             6018     6018       12      360       0
                text11                             6076     6076        6      360       0
                text10                             5DFC     5DFC       30      360       0
                text9                              5DCC     5DCC       30      360       0
                text8                              5AB4     5AB4       6E      360       0
                text7                              5954     5954       7C      360       0
                text6                              6062     6062        8      360       0
                text5                              5FF0     5FF0       14      360       0
                text4                              5FBC     5FBC       1C      360       0
                text3                              5FD8     5FD8       18      360       0
                text2                              6070     6070        6      360       0
                text1                              5F9E     5F9E       1E      360       0
                text0                              606A     606A        6      360       0
                cstackCOMRAM                          1        1       7E        1       1
                cstackBANK0                          80       80       77       80       1
                cstackBANK1                         100      100       C7      100       1
                cstackBANK2                         2B4      2B4       13      200       1
                dataBANK2                           290      290       24      200       1
                bssBANK2                            200      200       90      200       1
                dataBANK1                           1F1      1F1        E      100       1
                bssBANK1                            1C7      1C7       2A      100       1
                bssBANK0                             F7       F7        9       80       1
                cinit                              59D0     59D0       72      360       0
                idataBANK2                         5F36     5F36       24      360       0
                idataBANK1                         602A     602A        E      360       0

TOTAL           Name                               Link     Load   Length     Space
        CLASS   STACK          

        CLASS   CODE           
                intcodelo                            18       18       40         0
                intcode                               8        8        6         0
                init                                 58       58        4         0
                reset_vec                             0        0        4         0
                text59                             6054     6054        E         0
                text58                             5D9A     5D9A       32         0
                text57                             5F7C     5F7C       22         0
                text56                             5EB8     5EB8       2E         0
                text55                             6046     6046        E         0
                text54                             575E     575E       BC         0
                text53                             4296     4296      288         0
                text52                             3964     3964      352         0
                text51                             3CB6     3CB6      30C         0
                text50                             5C78     5C78       46         0
                text49                             51E4     51E4      140         0
                text48                             2E4C     2E4C      6F2         0
                text47                             5E8A     5E8A       2E         0
                text46                             5D34     5D34       34         0
                text45                             4C1A     4C1A      1E6         0
                text44                             568E     568E       D0         0
                text43                             5F5A     5F5A       22         0
                text42                             353E     353E      426         0
                text41                              6C0      6C0     278C         0
                text40                             557A     557A      114         0
                text39                             4E00     4E00      15C         0
                text38                             3FC2     3FC2      2D4         0
                text37                             5324     5324      132         0
                text36                             5F10     5F10       26         0
                text35                             5E2C     5E2C       30         0
                text34                             5CBE     5CBE       3E         0
                text33                             50A4     50A4      140         0
                text32                             4F5C     4F5C      148         0
                text31                             5456     5456      124         0
                text30                             5D68     5D68       32         0
                text29                             607C     607C        2         0
                text28                             581A     581A       A0         0
                text27                             5CFC     5CFC       38         0
                text26                             5EE6     5EE6       2A         0
                text25                             58BA     58BA       9A         0
                text24                             49D2     49D2      248         0
                text23                             451E     451E      25C         0
                text22                             5B88     5B88       56         0
                text21                             5BDE     5BDE       52         0
                text20                             5E5C     5E5C       2E         0
                text19                             5B22     5B22       66         0
                text18                             6004     6004       14         0
                intcode_body                       477A     477A      258         0
                text16                             6038     6038        E         0
                text15                             5A42     5A42       72         0
                text14                             5C30     5C30       48         0
                text12                             6018     6018       12         0
                text11                             6076     6076        6         0
                text10                             5DFC     5DFC       30         0
                text9                              5DCC     5DCC       30         0
                text8                              5AB4     5AB4       6E         0
                text7                              5954     5954       7C         0
                text6                              6062     6062        8         0
                text5                              5FF0     5FF0       14         0
                text4                              5FBC     5FBC       1C         0
                text3                              5FD8     5FD8       18         0
                text2                              6070     6070        6         0
                text1                              5F9E     5F9E       1E         0
                text0                              606A     606A        6         0
                cinit                              59D0     59D0       72         0
                idataBANK2                         5F36     5F36       24         0
                idataBANK1                         602A     602A        E         0

        CLASS   CONST          

        CLASS   SMALLCONST     
                smallconst                          600      600       C0         0

        CLASS   MEDIUMCONST    

        CLASS   COMRAM         
                temp                                 7F       7F        1         1
                cstackCOMRAM                          1        1       7E         1

        CLASS   ABS1           

        CLASS   BIGRAM         

        CLASS   RAM            

        CLASS   BANK0          
                cstackBANK0                          80       80       77         1
                bssBANK0                             F7       F7        9         1

        CLASS   BANK1          
                cstackBANK1                         100      100       C7         1
                dataBANK1                           1F1      1F1        E         1
                bssBANK1                            1C7      1C7       2A         1

        CLASS   BANK2          
                cstackBANK2                         2B4      2B4       13         1
                dataBANK2                           290      290       24         1
                bssBANK2                            200      200       90         1

        CLASS   BANK3          

        CLASS   BANK4          

        CLASS   BANK5          

        CLASS   SFR            

        CLASS   FARRAM         

        CLASS   CONFIG         
                config                           300000   300000        E         0

        CLASS   IDLOC          
                idloc                            200000   200000        8         0

        CLASS   EEDATA         



SEGMENTS        Name                           Load    Length   Top    Selector   Space  Class

                reset_vec                      000000  000004  000004         0       0  CODE    
                cstackCOMRAM                   000001  00007F  000080         1       1  COMRAM  
                intcode                        000008  000006  00000E         4       0  CODE    
                intcodelo                      000018  000044  00005C         C       0  CODE    
                cstackBANK0                    000080  000080  000100        80       1  BANK0   
                cstackBANK1                    000100  0000FF  0001FF       100       1  BANK1   
                bssBANK2                       000200  0000C7  0002C7       200       1  BANK2   
                smallconst                     000600  0000C0  0006C0       300       0  SMALLCON
                text41                         0006C0  0059BE  00607E       360       0  CODE    
                idloc                          200000  000008  200008    200000       0  IDLOC   
                config                         300000  00000E  30000E    300000       0  CONFIG  


UNUSED ADDRESS RANGES

        Name                Unused          Largest block    Delta
        BANK1            0001FF-0001FF                1
        BANK2            0002C7-0002FF               39
        BANK3            000300-0003FF              100
        BANK4            000400-0004FF              100
        BANK5            000500-0005F3               F4
        BIGRAM           0001FF-0001FF                1
                         0002C7-0005F3              32D
        CODE             000004-000007                4
                         00000E-000017                A
                         00005C-0005FF              5A4
                         00607E-007DBF             1D42
        CONST            000004-000007                4
                         00000E-000017                A
                         00005C-0005FF              5A4
                         00607E-007DBF             1D42
        EEDATA           F00000-F000FF              100
        MEDIUMCONST      00607E-007DBF             1D42
        RAM              0001FF-0001FF                1
                         0002C7-0005F3              100
        SFR              000F80-000F9B               1C
                         000F9D-000FD3               37
                         000FD5-000FDA                6
                         000FE0-000FE2                3
                         000FE8-000FEA                3
                         000FF0-000FFC                D
        SMALLCONST       00607E-007DBF              100
        STACK            0002C7-0005F3              32D

                                  Symbol Table

?_MQGetGasPercentage             cstackBANK0  0000DF
?_MQGetPercentage                cstackBANK0  0000CD
?___aodiv                        cstackCOMRAM 000001
?___aomod                        cstackCOMRAM 000001
?___awmod                        cstackBANK2  0002B4
?___fladd                        cstackCOMRAM 000001
?___fldiv                        cstackCOMRAM 000032
?___flmul                        cstackCOMRAM 000011
?___flneg                        cstackCOMRAM 000001
?___flsub                        cstackCOMRAM 00002A
?___fltol                        cstackCOMRAM 000077
?___wmul                         cstackCOMRAM 000001
?___xxtofl                       cstackCOMRAM 000001
?_abs                            cstackCOMRAM 000013
?_atoi                           cstackCOMRAM 000008
?_dtoa                           cstackCOMRAM 00001C
?_fabsf                          cstackCOMRAM 000001
?_isdigit                        cstackCOMRAM 000001
?_isspace                        cstackCOMRAM 000001
?_logf                           cstackCOMRAM 00004B
?_nanf                           cstackCOMRAM 000001
?_pad                            cstackCOMRAM 000011
?_powf                           cstackCOMRAM 00006F
?_scalbnf                        cstackCOMRAM 00002A
?_sprintf                        cstackBANK0  0000CD
?_sqrtf                          cstackCOMRAM 00003E
?_strlen                         cstackCOMRAM 000001
?_vfpfcnvrt                      cstackCOMRAM 000040
?_vfprintf                       cstackCOMRAM 000054
Cmd@Value                        cstackBANK2  0002BF
DHT11_ReadData@data              cstackCOMRAM 000002
DHT11_ReadData@i                 cstackCOMRAM 000001
Data@Value                       cstackBANK2  0002BF
MQGetGasPercentage@gas_id        cstackBANK0  0000E3
MQGetGasPercentage@rs_ro_ratio   cstackBANK0  0000DF
MQGetPercentage@pcurve           cstackBANK0  0000D1
MQGetPercentage@rs_ro_ratio      cstackBANK0  0000CD
MQ_Read@digital                  cstackBANK0  0000ED
MQ_Read@res                      cstackBANK0  0000EF
MQ_Read@values                   cstackBANK0  0000E9
Send2Lcd@Adr                     cstackBANK2  0002C5
Send2Lcd@Lcd                     cstackBANK2  0002C2
UART_Write@data                  cstackBANK2  0002B4
_ADCON0bits                      (abs)        000FC2
_ADCON1                          (abs)        000FC1
_ADCON2                          (abs)        000FC0
_ADC_Initialize                  text12       006018
_ADRES                           (abs)        000FC3
_COCurve                         dataBANK2    00029C
_CREN                            (abs)        007D5C
_Checksum                        bssBANK0     0000FB
_Cmd                             text10       005DFC
_DHT11_CheckResponse             text59       006054
_DHT11_ReadData                  text58       005D9A
_DHT11_Start                     text57       005F7C
_Data                            text9        005DCC
_GAS_CO                          dataBANK1    0001F9
_GAS_LPG                         bssBANK1     0001E1
_GAS_SMOKE                       dataBANK1    0001F7
_Hi_ISR                          intcode      000008
_INTCONbits                      (abs)        000FF2
_INTERRUPT_Initialize            text11       006076
_IPR1bits                        (abs)        000F9F
_IRCF0                           (abs)        007E9C
_IRCF1                           (abs)        007E9D
_IRCF2                           (abs)        007E9E
_LATAbits                        (abs)        000F89
_LATBbits                        (abs)        000F8A
_LATCbits                        (abs)        000F8B
_LATD                            (abs)        000F8C
_LCD_clear                       text55       006046
_LCD_init                        text7        005954
_LPGCurve                        dataBANK2    0002A8
_Lo_ISR                          intcodelo    000018
_MQGetGasPercentage              text39       004E00
_MQGetGasPercentage$2128         cstackBANK0  0000E5
_MQGetPercentage                 text40       00557A
_MQGetPercentage$2125            cstackBANK0  0000D3
_MQGetPercentage$2126            cstackBANK0  0000D7
_MQGetPercentage$2127            cstackBANK0  0000DB
_MQ_Read                         text38       003FC2
_MQ_Read$2129                    cstackBANK0  0000F3
_MyusartRead                     text14       005C30
_OSCILLATOR_Initialize           text6        006062
_PIE1bits                        (abs)        000F9D
_PIN_MANAGER_Initialize          text5        005FF0
_PIR1bits                        (abs)        000F9E
_PORTAbits                       (abs)        000F80
_RCIF                            (abs)        007CF5
_RCONbits                        (abs)        000FD0
_RCREG                           (abs)        000FAE
_RCSTAbits                       (abs)        000FAB
_RH_Decimal                      bssBANK0     0000FF
_RH_Integral                     bssBANK0     0000FE
_RL_VALUE                        dataBANK1    0001FB
_Ro                              dataBANK1    0001F1
_SYSTEM_Initialize               text1        005F9E
_Send2Lcd                        text8        005AB4
_SmokeCurve                      dataBANK2    000290
_T1CONbits                       (abs)        000FCD
_TMR1                            (abs)        000FCE
_TMR1_Initialize                 text4        005FBC
_TRISA                           (abs)        000F92
_TRISAbits                       (abs)        000F92
_TRISBbits                       (abs)        000F93
_TRISC                           (abs)        000F94
_TRISD                           (abs)        000F95
_TXREG                           (abs)        000FAD
_TXSTAbits                       (abs)        000FAC
_T_Decimal                       bssBANK0     0000FD
_T_Integral                      bssBANK0     0000FC
_UART_Write                      text16       006038
__CFG_BOREN$SBORDIS              (abs)        000000
__CFG_BORV$3                     (abs)        000000
__CFG_CCP2MX$PORTC               (abs)        000000
__CFG_CP0$OFF                    (abs)        000000
__CFG_CP1$OFF                    (abs)        000000
__CFG_CP2$OFF                    (abs)        000000
__CFG_CP3$OFF                    (abs)        000000
__CFG_CPB$OFF                    (abs)        000000
__CFG_CPD$OFF                    (abs)        000000
__CFG_EBTR0$OFF                  (abs)        000000
__CFG_EBTR1$OFF                  (abs)        000000
__CFG_EBTR2$OFF                  (abs)        000000
__CFG_EBTR3$OFF                  (abs)        000000
__CFG_EBTRB$OFF                  (abs)        000000
__CFG_FCMEN$OFF                  (abs)        000000
__CFG_IESO$ON                    (abs)        000000
__CFG_LPT1OSC$OFF                (abs)        000000
__CFG_LVP$OFF                    (abs)        000000
__CFG_MCLRE$ON                   (abs)        000000
__CFG_OSC$INTIO67                (abs)        000000
__CFG_PBADEN$ON                  (abs)        000000
__CFG_PWRT$OFF                   (abs)        000000
__CFG_STVREN$ON                  (abs)        000000
__CFG_WDT$OFF                    (abs)        000000
__CFG_WDTPS$1                    (abs)        000000
__CFG_WRT0$OFF                   (abs)        000000
__CFG_WRT1$OFF                   (abs)        000000
__CFG_WRT2$OFF                   (abs)        000000
__CFG_WRT3$OFF                   (abs)        000000
__CFG_WRTB$OFF                   (abs)        000000
__CFG_WRTC$OFF                   (abs)        000000
__CFG_WRTD$OFF                   (abs)        000000
__CFG_XINST$OFF                  (abs)        000000
__HRAM                           (abs)        000000
__Habs1                          abs1         000000
__Hbank0                         bank0        000000
__Hbank1                         bank1        000000
__Hbank2                         bank2        000000
__Hbank3                         bank3        000000
__Hbank4                         bank4        000000
__Hbank5                         bank5        000000
__Hbigbss                        bigbss       000000
__Hbigdata                       bigdata      000000
__Hbigram                        bigram       000000
__Hbss                           bss          000000
__HbssBANK0                      bssBANK0     000000
__HbssBANK1                      bssBANK1     000000
__HbssBANK2                      bssBANK2     000000
__Hcinit                         cinit        000000
__Hclrtext                       clrtext      000000
__Hcomram                        comram       000000
__Hconfig                        config       30000E
__Hconst                         const        000000
__HcstackBANK0                   cstackBANK0  000000
__HcstackBANK1                   cstackBANK1  000000
__HcstackBANK2                   cstackBANK2  000000
__HcstackCOMRAM                  cstackCOMRAM 000000
__Hdata                          data         000000
__HdataBANK1                     dataBANK1    000000
__HdataBANK2                     dataBANK2    000000
__Heeprom_data                   eeprom_data  000000
__Hfarbss                        farbss       000000
__Hfardata                       fardata      000000
__Hibigdata                      ibigdata     000000
__Hidata                         idata        000000
__HidataBANK1                    idataBANK1   000000
__HidataBANK2                    idataBANK2   000000
__Hidloc                         idloc        200008
__Hifardata                      ifardata     000000
__Hinit                          init         00005C
__Hintcode                       intcode      00000E
__Hintcode_body                  intcode_body 000000
__Hintcodelo                     intcodelo    000058
__Hintentry                      intentry     000000
__Hintret                        intret       000000
__Hintsave_regs                  intsave_regs 000000
__Hirdata                        irdata       000000
__Hmediumconst                   mediumconst  000000
__HnvFARRAM                      nvFARRAM     000000
__Hnvbit                         nvbit        000000
__Hnvrram                        nvrram       000000
__Hparam                         rparam       000000
__Hpowerup                       powerup      000058
__Hram                           ram          000000
__Hramtop                        ramtop       000600
__Hrbit                          rbit         000000
__Hrbss                          rbss         000000
__Hrdata                         rdata        000000
__Hreset_vec                     reset_vec    000004
__Hrparam                        rparam       000000
__Hsfr                           sfr          000000
__Hsmallconst                    smallconst   0006C0
__Hspace_0                       (abs)        30000E
__Hspace_1                       (abs)        0002C7
__Hspace_2                       (abs)        000000
__Hstack                         stack        000000
__Hstruct                        struct       000000
__Htemp                          temp         000080
__Htext                          text         000000
__Htext0                         text0        000000
__Htext1                         text1        000000
__Htext10                        text10       000000
__Htext11                        text11       000000
__Htext12                        text12       000000
__Htext14                        text14       000000
__Htext15                        text15       000000
__Htext16                        text16       000000
__Htext18                        text18       000000
__Htext19                        text19       000000
__Htext2                         text2        000000
__Htext20                        text20       000000
__Htext21                        text21       000000
__Htext22                        text22       000000
__Htext23                        text23       000000
__Htext24                        text24       000000
__Htext25                        text25       000000
__Htext26                        text26       000000
__Htext27                        text27       000000
__Htext28                        text28       000000
__Htext29                        text29       000000
__Htext3                         text3        000000
__Htext30                        text30       000000
__Htext31                        text31       000000
__Htext32                        text32       000000
__Htext33                        text33       000000
__Htext34                        text34       000000
__Htext35                        text35       000000
__Htext36                        text36       000000
__Htext37                        text37       000000
__Htext38                        text38       000000
__Htext39                        text39       000000
__Htext4                         text4        000000
__Htext40                        text40       000000
__Htext41                        text41       000000
__Htext42                        text42       000000
__Htext43                        text43       000000
__Htext44                        text44       000000
__Htext45                        text45       000000
__Htext46                        text46       000000
__Htext47                        text47       000000
__Htext48                        text48       000000
__Htext49                        text49       000000
__Htext5                         text5        000000
__Htext50                        text50       000000
__Htext51                        text51       000000
__Htext52                        text52       000000
__Htext53                        text53       000000
__Htext54                        text54       000000
__Htext55                        text55       000000
__Htext56                        text56       000000
__Htext57                        text57       000000
__Htext58                        text58       000000
__Htext59                        text59       000000
__Htext6                         text6        000000
__Htext7                         text7        000000
__Htext8                         text8        000000
__Htext9                         text9        000000
__LRAM                           (abs)        000001
__Labs1                          abs1         000000
__Lbank0                         bank0        000000
__Lbank1                         bank1        000000
__Lbank2                         bank2        000000
__Lbank3                         bank3        000000
__Lbank4                         bank4        000000
__Lbank5                         bank5        000000
__Lbigbss                        bigbss       000000
__Lbigdata                       bigdata      000000
__Lbigram                        bigram       000000
__Lbss                           bss          000000
__LbssBANK0                      bssBANK0     000000
__LbssBANK1                      bssBANK1     000000
__LbssBANK2                      bssBANK2     000000
__Lcinit                         cinit        000000
__Lclrtext                       clrtext      000000
__Lcomram                        comram       000000
__Lconfig                        config       300000
__Lconst                         const        000000
__LcstackBANK0                   cstackBANK0  000000
__LcstackBANK1                   cstackBANK1  000000
__LcstackBANK2                   cstackBANK2  000000
__LcstackCOMRAM                  cstackCOMRAM 000000
__Ldata                          data         000000
__LdataBANK1                     dataBANK1    000000
__LdataBANK2                     dataBANK2    000000
__Leeprom_data                   eeprom_data  000000
__Lfarbss                        farbss       000000
__Lfardata                       fardata      000000
__Libigdata                      ibigdata     000000
__Lidata                         idata        000000
__LidataBANK1                    idataBANK1   000000
__LidataBANK2                    idataBANK2   000000
__Lidloc                         idloc        200000
__Lifardata                      ifardata     000000
__Linit                          init         000058
__Lintcode                       intcode      000008
__Lintcode_body                  intcode_body 000000
__Lintcodelo                     intcodelo    000018
__Lintentry                      intentry     000000
__Lintret                        intret       000000
__Lintsave_regs                  intsave_regs 000000
__Lirdata                        irdata       000000
__Lmediumconst                   mediumconst  000000
__LnvFARRAM                      nvFARRAM     000000
__Lnvbit                         nvbit        000000
__Lnvrram                        nvrram       000000
__Lparam                         rparam       000000
__Lpowerup                       powerup      000058
__Lram                           ram          000000
__Lramtop                        ramtop       000600
__Lrbit                          rbit         000000
__Lrbss                          rbss         000000
__Lrdata                         rdata        000000
__Lreset_vec                     reset_vec    000000
__Lrparam                        rparam       000000
__Lsfr                           sfr          000000
__Lsmallconst                    smallconst   000600
__Lspace_0                       (abs)        000000
__Lspace_1                       (abs)        000000
__Lspace_2                       (abs)        000000
__Lstack                         stack        000000
__Lstruct                        struct       000000
__Ltemp                          temp         00007F
__Ltext                          text         000000
__Ltext0                         text0        000000
__Ltext1                         text1        000000
__Ltext10                        text10       000000
__Ltext11                        text11       000000
__Ltext12                        text12       000000
__Ltext14                        text14       000000
__Ltext15                        text15       000000
__Ltext16                        text16       000000
__Ltext18                        text18       000000
__Ltext19                        text19       000000
__Ltext2                         text2        000000
__Ltext20                        text20       000000
__Ltext21                        text21       000000
__Ltext22                        text22       000000
__Ltext23                        text23       000000
__Ltext24                        text24       000000
__Ltext25                        text25       000000
__Ltext26                        text26       000000
__Ltext27                        text27       000000
__Ltext28                        text28       000000
__Ltext29                        text29       000000
__Ltext3                         text3        000000
__Ltext30                        text30       000000
__Ltext31                        text31       000000
__Ltext32                        text32       000000
__Ltext33                        text33       000000
__Ltext34                        text34       000000
__Ltext35                        text35       000000
__Ltext36                        text36       000000
__Ltext37                        text37       000000
__Ltext38                        text38       000000
__Ltext39                        text39       000000
__Ltext4                         text4        000000
__Ltext40                        text40       000000
__Ltext41                        text41       000000
__Ltext42                        text42       000000
__Ltext43                        text43       000000
__Ltext44                        text44       000000
__Ltext45                        text45       000000
__Ltext46                        text46       000000
__Ltext47                        text47       000000
__Ltext48                        text48       000000
__Ltext49                        text49       000000
__Ltext5                         text5        000000
__Ltext50                        text50       000000
__Ltext51                        text51       000000
__Ltext52                        text52       000000
__Ltext53                        text53       000000
__Ltext54                        text54       000000
__Ltext55                        text55       000000
__Ltext56                        text56       000000
__Ltext57                        text57       000000
__Ltext58                        text58       000000
__Ltext59                        text59       000000
__Ltext6                         text6        000000
__Ltext7                         text7        000000
__Ltext8                         text8        000000
__Ltext9                         text9        000000
__S0                             (abs)        30000E
__S1                             (abs)        0002C7
__S2                             (abs)        000000
___aodiv                         text32       004F5C
___aodiv@counter                 cstackCOMRAM 000011
___aodiv@dividend                cstackCOMRAM 000001
___aodiv@divisor                 cstackCOMRAM 000009
___aodiv@quotient                cstackCOMRAM 000013
___aodiv@sign                    cstackCOMRAM 000012
___aomod                         text31       005456
___aomod@counter                 cstackCOMRAM 000011
___aomod@dividend                cstackCOMRAM 000001
___aomod@divisor                 cstackCOMRAM 000009
___aomod@sign                    cstackCOMRAM 000012
___awmod                         text15       005A42
___awmod@counter                 cstackBANK2  0002B8
___awmod@dividend                cstackBANK2  0002B4
___awmod@divisor                 cstackBANK2  0002B6
___awmod@sign                    cstackBANK2  0002B9
___fladd                         text51       003CB6
___fladd@a                       cstackCOMRAM 000005
___fladd@aexp                    cstackCOMRAM 00000E
___fladd@b                       cstackCOMRAM 000001
___fladd@bexp                    cstackCOMRAM 00000F
___fladd@grs                     cstackCOMRAM 000010
___fladd@signs                   cstackCOMRAM 00000D
___fldiv                         text53       004296
___fldiv@a                       cstackCOMRAM 000036
___fldiv@aexp                    cstackCOMRAM 00004A
___fldiv@b                       cstackCOMRAM 000032
___fldiv@bexp                    cstackCOMRAM 000049
___fldiv@grs                     cstackCOMRAM 000045
___fldiv@new_exp                 cstackCOMRAM 000043
___fldiv@rem                     cstackCOMRAM 00003E
___fldiv@sign                    cstackCOMRAM 000042
___flge                          text44       00568E
___flge@ff1                      cstackCOMRAM 000032
___flge@ff2                      cstackCOMRAM 000036
___flmul                         text52       003964
___flmul@a                       cstackCOMRAM 000015
___flmul@aexp                    cstackCOMRAM 000022
___flmul@b                       cstackCOMRAM 000011
___flmul@bexp                    cstackCOMRAM 000023
___flmul@grs                     cstackCOMRAM 00001E
___flmul@prod                    cstackCOMRAM 000024
___flmul@sign                    cstackCOMRAM 00001D
___flmul@temp                    cstackCOMRAM 000028
___flneg                         text47       005E8A
___flneg@f1                      cstackCOMRAM 000001
___flsub                         text50       005C78
___flsub@a                       cstackCOMRAM 00002E
___flsub@b                       cstackCOMRAM 00002A
___fltol                         text54       00575E
___fltol@exp1                    cstackBANK0  0000CC
___fltol@f1                      cstackCOMRAM 000077
___fltol@sign1                   cstackBANK0  0000CB
___inthi_sp                      stack        000000
___intlo_sp                      stack        000000
___param_bank                    (abs)        000000
___rparam_used                   (abs)        000001
___sp                            stack        000000
___wmul                          text36       005F10
___wmul@multiplicand             cstackCOMRAM 000003
___wmul@multiplier               cstackCOMRAM 000001
___wmul@product                  cstackCOMRAM 000005
___xxtofl                        text49       0051E4
___xxtofl@arg                    cstackCOMRAM 00000B
___xxtofl@exp                    cstackCOMRAM 00000A
___xxtofl@sign                   cstackCOMRAM 000009
___xxtofl@val                    cstackCOMRAM 000001
__accesstop                      (abs)        000080
__activetblptr                   (abs)        000002
__end_of_ADC_Initialize          text12       00602A
__end_of_Cmd                     text10       005E2C
__end_of_DHT11_CheckResponse     text59       006062
__end_of_DHT11_ReadData          text58       005DCC
__end_of_DHT11_Start             text57       005F9E
__end_of_Data                    text9        005DFC
__end_of_Hi_ISR                  intcode_body 0049D2
__end_of_INTERRUPT_Initialize    text11       00607C
__end_of_L1                      smallconst   00065D
__end_of_L2                      smallconst   000659
__end_of_L3                      smallconst   000655
__end_of_L4                      smallconst   000651
__end_of_L5                      smallconst   00064D
__end_of_L6                      smallconst   000649
__end_of_LCD_clear               text55       006054
__end_of_LCD_init                text7        0059D0
__end_of_Lg1                     smallconst   000679
__end_of_Lg2                     smallconst   000675
__end_of_Lg3                     smallconst   000671
__end_of_Lg4                     smallconst   00066D
__end_of_Lo_ISR                  intcodelo    000058
__end_of_MQGetGasPercentage      text39       004F5C
__end_of_MQGetPercentage         text40       00568E
__end_of_MQ_Read                 text38       004296
__end_of_MyusartRead             text14       005C78
__end_of_OSCILLATOR_Initialize   text6        00606A
__end_of_P1                      smallconst   000645
__end_of_P2                      smallconst   000641
__end_of_P3                      smallconst   00063D
__end_of_P4                      smallconst   000639
__end_of_P5                      smallconst   000635
__end_of_PIN_MANAGER_Initialize  text5        006004
__end_of_SYSTEM_Initialize       text1        005FBC
__end_of_Send2Lcd                text8        005B22
__end_of_TMR1_Initialize         text4        005FD8
__end_of_UART_Write              text16       006046
__end_of___aodiv                 text32       0050A4
__end_of___aomod                 text31       00557A
__end_of___awmod                 text15       005AB4
__end_of___fladd                 text51       003FC2
__end_of___fldiv                 text53       00451E
__end_of___flge                  text44       00575E
__end_of___flmul                 text52       003CB6
__end_of___flneg                 text47       005EB8
__end_of___flsub                 text50       005CBE
__end_of___fltol                 text54       00581A
__end_of___wmul                  text36       005F36
__end_of___xxtofl                text49       005324
__end_of__initialization         cinit        005A34
__end_of_abs                     text30       005D9A
__end_of_atoi                    text33       0051E4
__end_of_bp                      smallconst   000689
__end_of_buzzer_init             text2        006076
__end_of_cp                      smallconst   000621
__end_of_cp_h                    smallconst   000695
__end_of_cp_l                    smallconst   000691
__end_of_dp_h                    smallconst   000611
__end_of_dp_l                    smallconst   000609
__end_of_dtoa                    text24       004C1A
__end_of_fabsf                   text46       005D68
__end_of_fputc                   text28       0058BA
__end_of_fputs                   text27       005D34
__end_of_huge                    smallconst   000665
__end_of_isdigit                 text35       005E5C
__end_of_isspace                 text34       005CFC
__end_of_ivln2                   smallconst   00061D
__end_of_ivln2_h                 smallconst   00068D
__end_of_ivln2_l                 smallconst   000619
__end_of_lg2                     smallconst   000631
__end_of_lg2_h                   smallconst   00062D
__end_of_lg2_l                   smallconst   000629
__end_of_ln2_hi                  smallconst   000681
__end_of_ln2_lo                  smallconst   00067D
__end_of_logf                    text48       00353E
__end_of_main                    text0        006070
__end_of_memset                  text37       005456
__end_of_nanf                    text43       005F7C
__end_of_ovt                     smallconst   000625
__end_of_pad                     text25       005954
__end_of_powf                    text41       002E4C
__end_of_putch                   text29       00607E
__end_of_scalbnf                 text45       004E00
__end_of_speak                   text3        005FF0
__end_of_sprintf                 text21       005C30
__end_of_sqrtf                   text42       003964
__end_of_strlen                  text26       005F10
__end_of_tiny                    smallconst   000661
__end_of_two24                   smallconst   000669
__end_of_vfpfcnvrt               text23       00477A
__end_of_vfprintf                text22       005BDE
__end_ofi2_Cmd                   text56       005EE6
__end_ofi2_Data                  text20       005E8A
__end_ofi2_Send2Lcd              text19       005B88
__end_ofi2_speak                 text18       006018
__end_ofsqrtf@tiny               smallconst   000615
__initialization                 cinit        0059D0
__mediumconst                    mediumconst  000000
__pbssBANK0                      bssBANK0     0000F7
__pbssBANK1                      bssBANK1     0001C7
__pbssBANK2                      bssBANK2     000200
__pcinit                         cinit        0059D0
__pcstackBANK0                   cstackBANK0  000080
__pcstackBANK1                   cstackBANK1  000100
__pcstackBANK2                   cstackBANK2  0002B4
__pcstackCOMRAM                  cstackCOMRAM 000001
__pdataBANK1                     dataBANK1    0001F1
__pdataBANK2                     dataBANK2    000290
__pidataBANK1                    idataBANK1   00602A
__pidataBANK2                    idataBANK2   005F36
__pintcode                       intcode      000008
__pintcode_body                  intcode_body 00477A
__pintcodelo                     intcodelo    000018
__psmallconst                    smallconst   000600
__ptext0                         text0        00606A
__ptext1                         text1        005F9E
__ptext10                        text10       005DFC
__ptext11                        text11       006076
__ptext12                        text12       006018
__ptext14                        text14       005C30
__ptext15                        text15       005A42
__ptext16                        text16       006038
__ptext18                        text18       006004
__ptext19                        text19       005B22
__ptext2                         text2        006070
__ptext20                        text20       005E5C
__ptext21                        text21       005BDE
__ptext22                        text22       005B88
__ptext23                        text23       00451E
__ptext24                        text24       0049D2
__ptext25                        text25       0058BA
__ptext26                        text26       005EE6
__ptext27                        text27       005CFC
__ptext28                        text28       00581A
__ptext29                        text29       00607C
__ptext3                         text3        005FD8
__ptext30                        text30       005D68
__ptext31                        text31       005456
__ptext32                        text32       004F5C
__ptext33                        text33       0050A4
__ptext34                        text34       005CBE
__ptext35                        text35       005E2C
__ptext36                        text36       005F10
__ptext37                        text37       005324
__ptext38                        text38       003FC2
__ptext39                        text39       004E00
__ptext4                         text4        005FBC
__ptext40                        text40       00557A
__ptext41                        text41       0006C0
__ptext42                        text42       00353E
__ptext43                        text43       005F5A
__ptext44                        text44       00568E
__ptext45                        text45       004C1A
__ptext46                        text46       005D34
__ptext47                        text47       005E8A
__ptext48                        text48       002E4C
__ptext49                        text49       0051E4
__ptext5                         text5        005FF0
__ptext50                        text50       005C78
__ptext51                        text51       003CB6
__ptext52                        text52       003964
__ptext53                        text53       004296
__ptext54                        text54       00575E
__ptext55                        text55       006046
__ptext56                        text56       005EB8
__ptext57                        text57       005F7C
__ptext58                        text58       005D9A
__ptext59                        text59       006054
__ptext6                         text6        006062
__ptext7                         text7        005954
__ptext8                         text8        005AB4
__ptext9                         text9        005DCC
__ramtop                         ramtop       000600
__size_of_ADC_Initialize         (abs)        000000
__size_of_Cmd                    (abs)        000000
__size_of_DHT11_CheckResponse    (abs)        000000
__size_of_DHT11_ReadData         (abs)        000000
__size_of_DHT11_Start            (abs)        000000
__size_of_Data                   (abs)        000000
__size_of_Hi_ISR                 (abs)        000000
__size_of_INTERRUPT_Initialize   (abs)        000000
__size_of_LCD_clear              (abs)        000000
__size_of_LCD_init               (abs)        000000
__size_of_Lo_ISR                 (abs)        000000
__size_of_MQGetGasPercentage     (abs)        000000
__size_of_MQGetPercentage        (abs)        000000
__size_of_MQ_Read                (abs)        000000
__size_of_MyusartRead            (abs)        000000
__size_of_OSCILLATOR_Initialize  (abs)        000000
__size_of_PIN_MANAGER_Initialize (abs)        000000
__size_of_SYSTEM_Initialize      (abs)        000000
__size_of_Send2Lcd               (abs)        000000
__size_of_TMR1_Initialize        (abs)        000000
__size_of_UART_Write             (abs)        000000
__size_of___aodiv                (abs)        000000
__size_of___aomod                (abs)        000000
__size_of___awmod                (abs)        000000
__size_of___fladd                (abs)        000000
__size_of___fldiv                (abs)        000000
__size_of___flge                 (abs)        000000
__size_of___flmul                (abs)        000000
__size_of___flneg                (abs)        000000
__size_of___flsub                (abs)        000000
__size_of___fltol                (abs)        000000
__size_of___wmul                 (abs)        000000
__size_of___xxtofl               (abs)        000000
__size_of_abs                    (abs)        000000
__size_of_atoi                   (abs)        000000
__size_of_buzzer_init            (abs)        000000
__size_of_dtoa                   (abs)        000000
__size_of_fabsf                  (abs)        000000
__size_of_fputc                  (abs)        000000
__size_of_fputs                  (abs)        000000
__size_of_isdigit                (abs)        000000
__size_of_isspace                (abs)        000000
__size_of_logf                   (abs)        000000
__size_of_main                   (abs)        000000
__size_of_memset                 (abs)        000000
__size_of_nanf                   (abs)        000000
__size_of_pad                    (abs)        000000
__size_of_powf                   (abs)        000000
__size_of_putch                  (abs)        000000
__size_of_scalbnf                (abs)        000000
__size_of_speak                  (abs)        000000
__size_of_sprintf                (abs)        000000
__size_of_sqrtf                  (abs)        000000
__size_of_strlen                 (abs)        000000
__size_of_vfpfcnvrt              (abs)        000000
__size_of_vfprintf               (abs)        000000
__size_ofi2_Cmd                  (abs)        000000
__size_ofi2_Data                 (abs)        000000
__size_ofi2_Send2Lcd             (abs)        000000
__size_ofi2_speak                (abs)        000000
__smallconst                     smallconst   000600
_abs                             text30       005D68
_atoi                            text33       0050A4
_atoi$1646                       cstackCOMRAM 000010
_atoi$1647                       cstackCOMRAM 000014
_atoi$1648                       cstackCOMRAM 000012
_bp                              smallconst   000681
_buzzer_init                     text2        006070
_co                              bssBANK1     0001D3
_count                           bssBANK1     0001E3
_cycle                           dataBANK1    0001F5
_dbuf                            bssBANK2     000266
_dp_h                            smallconst   000609
_dp_l                            smallconst   000601
_dtoa                            text24       0049D2
_dtoa$1174                       cstackCOMRAM 00002E
_errno                           bssBANK1     0001DB
_fabsf                           text46       005D34
_flags                           bssBANK0     0000F9
_fputc                           text28       00581A
_fputs                           text27       005CFC
_isdigit                         text35       005E2C
_isspace                         text34       005CBE
_isspace$1664                    cstackCOMRAM 000007
_lenStr                          bssBANK2     000200
_logf                            text48       002E4C
_logf$2130                       cstackBANK0  0000B2
_logf$2131                       cstackBANK0  00008C
_logf$2132                       cstackBANK0  000090
_logf$2133                       cstackBANK0  000094
_logf$2134                       cstackBANK0  000098
_lpg                             bssBANK1     0001D7
_main                            text0        00606A
_memset                          text37       005324
_mystring                        bssBANK2     000286
_nanf                            text43       005F5A
_nout                            bssBANK1     0001DD
_pad                             text25       0058BA
_powf                            text41       0006C0
_powf$2135                       cstackBANK1  0001A4
_powf$2136                       cstackBANK1  000154
_powf$2137                       cstackBANK1  000148
_powf$2138                       cstackBANK1  000194
_powf$2139                       cstackBANK1  000138
_powf$2140                       cstackBANK1  000100
_powf$2141                       cstackBANK1  000104
_powf$2142                       cstackBANK1  000158
_powf$2143                       cstackBANK1  00013C
_powf$2144                       cstackBANK1  000140
_powf$2145                       cstackBANK1  000108
_powf$2146                       cstackBANK1  00010C
_powf$2147                       cstackBANK1  000110
_powf$2148                       cstackBANK1  000114
_powf$2149                       cstackBANK1  000118
_prec                            bssBANK0     0000F7
_putch                           text29       00607C
_r                               bssBANK2     000202
_scalbnf                         text45       004C1A
_smoke                           bssBANK1     0001CF
_speak                           text3        005FD8
_sprintf                         text21       005BDE
_sqrtf                           text42       00353E
_strlen                          text26       005EE6
_timer_val                       dataBANK1    0001FD
_value                           bssBANK1     0001E5
_vfpfcnvrt                       text23       00451E
_vfpfcnvrt$1189                  cstackCOMRAM 000052
_vfprintf                        text22       005B88
_width                           bssBANK1     0001DF
abs@a                            cstackCOMRAM 000013
atoi@n                           cstackCOMRAM 000015
atoi@neg                         cstackCOMRAM 00000E
atoi@s                           cstackCOMRAM 000008
btemp                            temp         00007F
dtoa@d                           cstackCOMRAM 00001E
dtoa@fp                          cstackCOMRAM 00001C
dtoa@i                           cstackCOMRAM 00003E
dtoa@n                           cstackCOMRAM 000036
dtoa@p                           cstackCOMRAM 000030
dtoa@s                           cstackCOMRAM 000034
dtoa@w                           cstackCOMRAM 000032
end_of_initialization            cinit        005A34
fabsf@F463                       bssBANK1     0001C7
fabsf@u                          cstackCOMRAM 000005
fabsf@x                          cstackCOMRAM 000001
fputc@c                          cstackCOMRAM 000001
fputc@fp                         cstackCOMRAM 000003
fputs@c                          cstackCOMRAM 00000E
fputs@fp                         cstackCOMRAM 00000C
fputs@i                          cstackCOMRAM 00000F
fputs@s                          cstackCOMRAM 00000A
i2Cmd@Value                      cstackCOMRAM 000001
i2Data@Value                     cstackCOMRAM 000001
i2Send2Lcd@Adr                   cstackCOMRAM 000007
i2Send2Lcd@Lcd                   cstackCOMRAM 000004
i2_Cmd                           text56       005EB8
i2_Data                          text20       005E5C
i2_Send2Lcd                      text19       005B22
i2_speak                         text18       006004
int$flags                        temp         00007F
int_func                         intcode_body 00477A
intlevel0                        text         000000
intlevel1                        text         000000
intlevel2                        text         000000
intlevel3                        text         000000
isdigit@c                        cstackCOMRAM 000001
isspace@c                        cstackCOMRAM 000001
logf@F469                        bssBANK1     0001CB
logf@R                           cstackBANK0  000080
logf@dk                          cstackBANK0  0000A2
logf@f                           cstackBANK0  0000BA
logf@hfsq                        cstackBANK0  00009E
logf@ix                          cstackBANK0  0000BE
logf@k                           cstackBANK0  00009C
logf@s                           cstackBANK0  0000A6
logf@t1                          cstackBANK0  000084
logf@t2                          cstackBANK0  000088
logf@u                           cstackBANK0  0000B6
logf@w                           cstackBANK0  0000AE
logf@x                           cstackCOMRAM 00004B
logf@z                           cstackBANK0  0000AA
memset@c                         cstackCOMRAM 000003
memset@dest                      cstackCOMRAM 000001
memset@k                         cstackCOMRAM 000009
memset@n                         cstackCOMRAM 000005
memset@s                         cstackCOMRAM 00000B
nanf@s                           cstackCOMRAM 000001
nanf@u                           cstackCOMRAM 000005
pad@buf                          cstackCOMRAM 000013
pad@fp                           cstackCOMRAM 000011
pad@i                            cstackCOMRAM 000018
pad@p                            cstackCOMRAM 000015
pad@w                            cstackCOMRAM 00001A
powf@__xc8_float_word            cstackBANK1  0001B8
powf@ax                          cstackBANK1  000170
powf@hx                          cstackBANK1  000160
powf@hy                          cstackBANK1  000184
powf@i                           cstackBANK1  00012C
powf@is                          cstackBANK1  000190
powf@ix                          cstackBANK1  0001A8
powf@iy                          cstackBANK1  000198
powf@j                           cstackBANK1  0001AC
powf@k                           cstackBANK1  0001A0
powf@n                           cstackBANK1  00017C
powf@p_h                         cstackBANK1  00019C
powf@p_l                         cstackBANK1  000164
powf@r                           cstackBANK1  00014C
powf@s                           cstackBANK1  00015C
powf@s2                          cstackBANK1  00018C
powf@s_h                         cstackBANK1  00016C
powf@s_l                         cstackBANK1  000130
powf@sn                          cstackBANK1  000188
powf@t                           cstackBANK1  0001B0
powf@t1                          cstackBANK1  000180
powf@t2                          cstackBANK1  00011C
powf@t_h                         cstackBANK1  000168
powf@t_l                         cstackBANK1  000134
powf@u                           cstackBANK1  000174
powf@v                           cstackBANK1  000178
powf@w                           cstackBANK1  000144
powf@x                           cstackCOMRAM 00006F
powf@y                           cstackCOMRAM 000073
powf@y1                          cstackBANK1  000128
powf@yisint                      cstackBANK1  000150
powf@z                           cstackBANK1  0001B4
powf@z_h                         cstackBANK1  000120
powf@z_l                         cstackBANK1  000124
scalbnf@n                        cstackCOMRAM 00002E
scalbnf@u                        cstackCOMRAM 000034
scalbnf@x                        cstackCOMRAM 00002A
scalbnf@y                        cstackCOMRAM 000038
sprintf@ap                       cstackBANK0  0000DB
sprintf@f                        cstackBANK0  0000DD
sprintf@fmt                      cstackBANK0  0000CF
sprintf@s                        cstackBANK0  0000CD
sqrtf@__xc8_float_word           cstackCOMRAM 000053
sqrtf@i                          cstackCOMRAM 00004F
sqrtf@ix                         cstackCOMRAM 00006B
sqrtf@m                          cstackCOMRAM 000063
sqrtf@q                          cstackCOMRAM 000057
sqrtf@r                          cstackCOMRAM 000067
sqrtf@s                          cstackCOMRAM 00004B
sqrtf@t                          cstackCOMRAM 00005B
sqrtf@x                          cstackCOMRAM 00003E
sqrtf@z                          cstackCOMRAM 00005F
stackhi                          (abs)        0005F3
stacklo                          (abs)        0002C7
start                            init         000058
start_initialization             cinit        0059D0
strlen@a                         cstackCOMRAM 000003
strlen@s                         cstackCOMRAM 000001
ttemp5                           temp         000080
ttemp6                           temp         000083
ttemp7                           temp         000087
vfpfcnvrt@ap                     cstackCOMRAM 000044
vfpfcnvrt@fmt                    cstackCOMRAM 000042
vfpfcnvrt@fp                     cstackCOMRAM 000040
vfpfcnvrt@ll                     cstackCOMRAM 00004A
vfprintf@ap                      cstackCOMRAM 000058
vfprintf@cfmt                    cstackCOMRAM 00005A
vfprintf@fmt                     cstackCOMRAM 000056
vfprintf@fp                      cstackCOMRAM 000054
wtemp8                           temp         000080


FUNCTION INFORMATION:

 *************** function _main *****************
 Defined at:
		line 15 in file "main.c"
 Parameters:    Size  Location     Type
		None
 Auto vars:     Size  Location     Type
		None
 Return value:  Size  Location     Type
                  1    wreg      void 
 Registers used:
		wreg, fsr1l, fsr1h, status,2, status,0, tblptrl, tblptrh, tblptru, cstack
 Tracked objects:
		On entry : 
		On exit  : 
		Unchanged: 
 Data sizes:     COMRAM   BANK0   BANK1   BANK2   BANK3   BANK4   BANK5
      Params:         0       0       0       0       0       0       0
      Locals:         0       0       0       0       0       0       0
      Temps:          0       0       0       0       0       0       0
      Totals:         0       0       0       0       0       0       0
Total ram usage:        0 bytes
 Hardware stack levels required when called:   16
 This function calls:
		_SYSTEM_Initialize
 This function is called by:
		Startup code after reset
 This function uses a non-reentrant model


 *************** function _SYSTEM_Initialize *****************
 Defined at:
		line 73 in file "setting_hardaware/setting.c"
 Parameters:    Size  Location     Type
		None
 Auto vars:     Size  Location     Type
		None
 Return value:  Size  Location     Type
                  1    wreg      void 
 Registers used:
		wreg, fsr1l, fsr1h, status,2, status,0, tblptrl, tblptrh, tblptru, cstack
 Tracked objects:
		On entry : 
		On exit  : 
		Unchanged: 
 Data sizes:     COMRAM   BANK0   BANK1   BANK2   BANK3   BANK4   BANK5
      Params:         0       0       0       0       0       0       0
      Locals:         0       0       0       0       0       0       0
      Temps:          0       0       0       0       0       0       0
      Totals:         0       0       0       0       0       0       0
Total ram usage:        0 bytes
 Hardware stack levels used:    1
 Hardware stack levels required when called:   15
 This function calls:
		_ADC_Initialize
		_INTERRUPT_Initialize
		_LCD_init
		_OSCILLATOR_Initialize
		_PIN_MANAGER_Initialize
		_TMR1_Initialize
		_buzzer_init
 This function is called by:
		_main
 This function uses a non-reentrant model


 *************** function _buzzer_init *****************
 Defined at:
		line 19 in file "setting_hardaware/buzzer.c"
 Parameters:    Size  Location     Type
		None
 Auto vars:     Size  Location     Type
		None
 Return value:  Size  Location     Type
                  1    wreg      void 
 Registers used:
		wreg, cstack
 Tracked objects:
		On entry : 
		On exit  : 
		Unchanged: 
 Data sizes:     COMRAM   BANK0   BANK1   BANK2   BANK3   BANK4   BANK5
      Params:         0       0       0       0       0       0       0
      Locals:         0       0       0       0       0       0       0
      Temps:          0       0       0       0       0       0       0
      Totals:         0       0       0       0       0       0       0
Total ram usage:        0 bytes
 Hardware stack levels used:    1
 Hardware stack levels required when called:   13
 This function calls:
		_speak
 This function is called by:
		_SYSTEM_Initialize
 This function uses a non-reentrant model


 *************** function _speak *****************
 Defined at:
		line 13 in file "setting_hardaware/buzzer.c"
 Parameters:    Size  Location     Type
		None
 Auto vars:     Size  Location     Type
		None
 Return value:  Size  Location     Type
                  1    wreg      void 
 Registers used:
		wreg
 Tracked objects:
		On entry : 
		On exit  : 
		Unchanged: 
 Data sizes:     COMRAM   BANK0   BANK1   BANK2   BANK3   BANK4   BANK5
      Params:         0       0       0       0       0       0       0
      Locals:         0       0       0       0       0       0       0
      Temps:          0       0       0       1       0       0       0
      Totals:         0       0       0       1       0       0       0
Total ram usage:        1 bytes
 Hardware stack levels used:    1
 Hardware stack levels required when called:   12
 This function calls:
		Nothing
 This function is called by:
		_buzzer_init
 This function uses a non-reentrant model


 *************** function _TMR1_Initialize *****************
 Defined at:
		line 62 in file "setting_hardaware/setting.c"
 Parameters:    Size  Location     Type
		None
 Auto vars:     Size  Location     Type
		None
 Return value:  Size  Location     Type
                  1    wreg      void 
 Registers used:
		wreg, status,2
 Tracked objects:
		On entry : 
		On exit  : 
		Unchanged: 
 Data sizes:     COMRAM   BANK0   BANK1   BANK2   BANK3   BANK4   BANK5
      Params:         0       0       0       0       0       0       0
      Locals:         0       0       0       0       0       0       0
      Temps:          0       0       0       0       0       0       0
      Totals:         0       0       0       0       0       0       0
Total ram usage:        0 bytes
 Hardware stack levels used:    1
 Hardware stack levels required when called:   12
 This function calls:
		Nothing
 This function is called by:
		_SYSTEM_Initialize
 This function uses a non-reentrant model


 *************** function _PIN_MANAGER_Initialize *****************
 Defined at:
		line 12 in file "setting_hardaware/pin_manager.c"
 Parameters:    Size  Location     Type
		None
 Auto vars:     Size  Location     Type
		None
 Return value:  Size  Location     Type
                  1    wreg      void 
 Registers used:
		wreg, status,2
 Tracked objects:
		On entry : 
		On exit  : 
		Unchanged: 
 Data sizes:     COMRAM   BANK0   BANK1   BANK2   BANK3   BANK4   BANK5
      Params:         0       0       0       0       0       0       0
      Locals:         0       0       0       0       0       0       0
      Temps:          0       0       0       0       0       0       0
      Totals:         0       0       0       0       0       0       0
Total ram usage:        0 bytes
 Hardware stack levels used:    1
 Hardware stack levels required when called:   12
 This function calls:
		Nothing
 This function is called by:
		_SYSTEM_Initialize
 This function uses a non-reentrant model


 *************** function _OSCILLATOR_Initialize *****************
 Defined at:
		line 84 in file "setting_hardaware/setting.c"
 Parameters:    Size  Location     Type
		None
 Auto vars:     Size  Location     Type
		None
 Return value:  Size  Location     Type
                  1    wreg      void 
 Registers used:
		None
 Tracked objects:
		On entry : 
		On exit  : 
		Unchanged: 
 Data sizes:     COMRAM   BANK0   BANK1   BANK2   BANK3   BANK4   BANK5
      Params:         0       0       0       0       0       0       0
      Locals:         0       0       0       0       0       0       0
      Temps:          0       0       0       0       0       0       0
      Totals:         0       0       0       0       0       0       0
Total ram usage:        0 bytes
 Hardware stack levels used:    1
 Hardware stack levels required when called:   12
 This function calls:
		Nothing
 This function is called by:
		_SYSTEM_Initialize
 This function uses a non-reentrant model


 *************** function _LCD_init *****************
 Defined at:
		line 55 in file "setting_hardaware/LCD.c"
 Parameters:    Size  Location     Type
		None
 Auto vars:     Size  Location     Type
		None
 Return value:  Size  Location     Type
                  1    wreg      void 
 Registers used:
		wreg, fsr1l, fsr1h, status,2, status,0, tblptrl, tblptrh, tblptru, cstack
 Tracked objects:
		On entry : 
		On exit  : 
		Unchanged: 
 Data sizes:     COMRAM   BANK0   BANK1   BANK2   BANK3   BANK4   BANK5
      Params:         0       0       0       0       0       0       0
      Locals:         0       0       0       0       0       0       0
      Temps:          0       0       0       1       0       0       0
      Totals:         0       0       0       1       0       0       0
Total ram usage:        1 bytes
 Hardware stack levels used:    1
 Hardware stack levels required when called:   14
 This function calls:
		_Cmd
		_Send2Lcd
 This function is called by:
		_SYSTEM_Initialize
 This function uses a non-reentrant model


 *************** function _Send2Lcd *****************
 Defined at:
		line 41 in file "setting_hardaware/LCD.c"
 Parameters:    Size  Location     Type
  Adr             1    wreg     const unsigned char 
  Lcd             2   14[BANK2 ] PTR const unsigned char 
		 -> r(100), STR_2(6), STR_1(8), 
 Auto vars:     Size  Location     Type
  Adr             1   17[BANK2 ] const unsigned char 
 Return value:  Size  Location     Type
                  1    wreg      void 
 Registers used:
		wreg, fsr1l, fsr1h, status,2, status,0, tblptrl, tblptrh, tblptru, cstack
 Tracked objects:
		On entry : 
		On exit  : 
		Unchanged: 
 Data sizes:     COMRAM   BANK0   BANK1   BANK2   BANK3   BANK4   BANK5
      Params:         0       0       0       2       0       0       0
      Locals:         0       0       0       1       0       0       0
      Temps:          0       0       0       1       0       0       0
      Totals:         0       0       0       4       0       0       0
Total ram usage:        4 bytes
 Hardware stack levels used:    1
 Hardware stack levels required when called:   13
 This function calls:
		_Cmd
		_Data
 This function is called by:
		_LCD_init
 This function uses a non-reentrant model


 *************** function _Data *****************
 Defined at:
		line 28 in file "setting_hardaware/LCD.c"
 Parameters:    Size  Location     Type
  Value           2   11[BANK2 ] int 
 Auto vars:     Size  Location     Type
		None
 Return value:  Size  Location     Type
                  1    wreg      void 
 Registers used:
		wreg
 Tracked objects:
		On entry : 
		On exit  : 
		Unchanged: 
 Data sizes:     COMRAM   BANK0   BANK1   BANK2   BANK3   BANK4   BANK5
      Params:         0       0       0       2       0       0       0
      Locals:         0       0       0       0       0       0       0
      Temps:          0       0       0       1       0       0       0
      Totals:         0       0       0       3       0       0       0
Total ram usage:        3 bytes
 Hardware stack levels used:    1
 Hardware stack levels required when called:   12
 This function calls:
		Nothing
 This function is called by:
		_Send2Lcd
 This function uses a non-reentrant model


 *************** function _Cmd *****************
 Defined at:
		line 15 in file "setting_hardaware/LCD.c"
 Parameters:    Size  Location     Type
  Value           2   11[BANK2 ] int 
 Auto vars:     Size  Location     Type
		None
 Return value:  Size  Location     Type
                  1    wreg      void 
 Registers used:
		wreg
 Tracked objects:
		On entry : 
		On exit  : 
		Unchanged: 
 Data sizes:     COMRAM   BANK0   BANK1   BANK2   BANK3   BANK4   BANK5
      Params:         0       0       0       2       0       0       0
      Locals:         0       0       0       0       0       0       0
      Temps:          0       0       0       1       0       0       0
      Totals:         0       0       0       3       0       0       0
Total ram usage:        3 bytes
 Hardware stack levels used:    1
 Hardware stack levels required when called:   12
 This function calls:
		Nothing
 This function is called by:
		_Send2Lcd
		_LCD_init
 This function uses a non-reentrant model


 *************** function _INTERRUPT_Initialize *****************
 Defined at:
		line 5 in file "setting_hardaware/interrupt_manager.c"
 Parameters:    Size  Location     Type
		None
 Auto vars:     Size  Location     Type
		None
 Return value:  Size  Location     Type
                  1    wreg      void 
 Registers used:
		None
 Tracked objects:
		On entry : 
		On exit  : 
		Unchanged: 
 Data sizes:     COMRAM   BANK0   BANK1   BANK2   BANK3   BANK4   BANK5
      Params:         0       0       0       0       0       0       0
      Locals:         0       0       0       0       0       0       0
      Temps:          0       0       0       0       0       0       0
      Totals:         0       0       0       0       0       0       0
Total ram usage:        0 bytes
 Hardware stack levels used:    1
 Hardware stack levels required when called:   12
 This function calls:
		Nothing
 This function is called by:
		_SYSTEM_Initialize
 This function uses a non-reentrant model


 *************** function _ADC_Initialize *****************
 Defined at:
		line 39 in file "setting_hardaware/adc.c"
 Parameters:    Size  Location     Type
		None
 Auto vars:     Size  Location     Type
		None
 Return value:  Size  Location     Type
                  1    wreg      void 
 Registers used:
		wreg, status,2
 Tracked objects:
		On entry : 
		On exit  : 
		Unchanged: 
 Data sizes:     COMRAM   BANK0   BANK1   BANK2   BANK3   BANK4   BANK5
      Params:         0       0       0       0       0       0       0
      Locals:         0       0       0       0       0       0       0
      Temps:          0       0       0       0       0       0       0
      Totals:         0       0       0       0       0       0       0
Total ram usage:        0 bytes
 Hardware stack levels used:    1
[...]
 Parameters:    Size  Location     Type
  b               4    0[COMRAM] unsigned char 
  a               4    4[COMRAM] unsigned char 
 Auto vars:     Size  Location     Type
  grs             1   15[COMRAM] unsigned char 
  bexp            1   14[COMRAM] unsigned char 
  aexp            1   13[COMRAM] unsigned char 
  signs           1   12[COMRAM] unsigned char 
 Return value:  Size  Location     Type
                  4    0[COMRAM] unsigned char 
 Registers used:
		wreg, status,2, status,0
 Tracked objects:
		On entry : 
		On exit  : 
		Unchanged: 
 Data sizes:     COMRAM   BANK0   BANK1   BANK2   BANK3   BANK4   BANK5
      Params:         8       0       0       0       0       0       0
      Locals:         4       0       0       0       0       0       0
      Temps:          4       0       0       0       0       0       0
      Totals:        16       0       0       0       0       0       0
Total ram usage:       16 bytes
 Hardware stack levels used:    1
 This function calls:
		Nothing
 This function is called by:
		_MQGetPercentage
		___flsub
		_logf
		_powf
		_sqrtf
 This function uses a non-reentrant model


 *************** function ___flmul *****************
 Defined at:
		line 8 in file "C:\Program Files (x86)\Microchip\xc8\v2.10\pic\sources\c99\common\sprcmul.c"
 Parameters:    Size  Location     Type
  b               4   16[COMRAM] unsigned char 
  a               4   20[COMRAM] unsigned char 
 Auto vars:     Size  Location     Type
  prod            4   35[COMRAM] struct .
  grs             4   29[COMRAM] unsigned long 
  temp            2   39[COMRAM] struct .
  bexp            1   34[COMRAM] unsigned char 
  aexp            1   33[COMRAM] unsigned char 
  sign            1   28[COMRAM] unsigned char 
 Return value:  Size  Location     Type
                  4   16[COMRAM] unsigned char 
 Registers used:
		wreg, status,2, status,0, prodl, prodh
 Tracked objects:
		On entry : 
		On exit  : 
		Unchanged: 
 Data sizes:     COMRAM   BANK0   BANK1   BANK2   BANK3   BANK4   BANK5
      Params:         8       0       0       0       0       0       0
      Locals:        13       0       0       0       0       0       0
      Temps:          4       0       0       0       0       0       0
      Totals:        25       0       0       0       0       0       0
Total ram usage:       25 bytes
 Hardware stack levels used:    1
 This function calls:
		Nothing
 This function is called by:
		_MQ_Read
		_logf
		_powf
		_scalbnf
		_sqrtf
 This function uses a non-reentrant model


 *************** function ___fldiv *****************
 Defined at:
		line 11 in file "C:\Program Files (x86)\Microchip\xc8\v2.10\pic\sources\c99\common\sprcdiv.c"
 Parameters:    Size  Location     Type
  b               4   49[COMRAM] unsigned char 
  a               4   53[COMRAM] unsigned char 
 Auto vars:     Size  Location     Type
  grs             4   68[COMRAM] unsigned long 
  rem             4   61[COMRAM] unsigned long 
  new_exp         2   66[COMRAM] short 
  aexp            1   73[COMRAM] unsigned char 
  bexp            1   72[COMRAM] unsigned char 
  sign            1   65[COMRAM] unsigned char 
 Return value:  Size  Location     Type
                  4   49[COMRAM] unsigned char 
 Registers used:
		wreg, status,2, status,0
 Tracked objects:
		On entry : 
		On exit  : 
		Unchanged: 
 Data sizes:     COMRAM   BANK0   BANK1   BANK2   BANK3   BANK4   BANK5
      Params:         8       0       0       0       0       0       0
      Locals:        13       0       0       0       0       0       0
      Temps:          4       0       0       0       0       0       0
      Totals:        25       0       0       0       0       0       0
Total ram usage:       25 bytes
 Hardware stack levels used:    1
 This function calls:
		Nothing
 This function is called by:
		_MQGetPercentage
		_MQ_Read
		_logf
		_powf
 This function uses a non-reentrant model


 *************** function ___fltol *****************
 Defined at:
		line 43 in file "C:\Program Files (x86)\Microchip\xc8\v2.10\pic\sources\c99\common\fltol.c"
 Parameters:    Size  Location     Type
  f1              4  118[COMRAM] unsigned char 
 Auto vars:     Size  Location     Type
  exp1            1   76[BANK0 ] unsigned char 
  sign1           1   75[BANK0 ] unsigned char 
 Return value:  Size  Location     Type
                  4  118[COMRAM] long 
 Registers used:
		wreg, status,2, status,0
 Tracked objects:
		On entry : 
		On exit  : 
		Unchanged: 
 Data sizes:     COMRAM   BANK0   BANK1   BANK2   BANK3   BANK4   BANK5
      Params:         4       0       0       0       0       0       0
      Locals:         0       2       0       0       0       0       0
      Temps:          4       0       0       0       0       0       0
      Totals:         8       2       0       0       0       0       0
Total ram usage:       10 bytes
 Hardware stack levels used:    1
 This function calls:
		Nothing
 This function is called by:
		_MQGetPercentage
		_Hi_ISR
 This function uses a non-reentrant model


 *************** function _LCD_clear *****************
 Defined at:
		line 51 in file "setting_hardaware/LCD.c"
 Parameters:    Size  Location     Type
		None
 Auto vars:     Size  Location     Type
		None
 Return value:  Size  Location     Type
                  1    wreg      void 
 Registers used:
		wreg, status,2, cstack
 Tracked objects:
		On entry : 
		On exit  : 
		Unchanged: 
 Data sizes:     COMRAM   BANK0   BANK1   BANK2   BANK3   BANK4   BANK5
      Params:         0       0       0       0       0       0       0
      Locals:         0       0       0       0       0       0       0
      Temps:          0       0       0       0       0       0       0
      Totals:         0       0       0       0       0       0       0
Total ram usage:        0 bytes
 Hardware stack levels used:    1
 Hardware stack levels required when called:    1
 This function calls:
		i2_Cmd
 This function is called by:
		_Hi_ISR
 This function uses a non-reentrant model


 *************** function i2_Cmd *****************
 Defined at:
		line 15 in file "setting_hardaware/LCD.c"
 Parameters:    Size  Location     Type
  Value           2    0[COMRAM] int 
 Auto vars:     Size  Location     Type
		None
 Return value:  Size  Location     Type
                  1    wreg      void 
 Registers used:
		wreg
 Tracked objects:
		On entry : 
		On exit  : 
		Unchanged: 
 Data sizes:     COMRAM   BANK0   BANK1   BANK2   BANK3   BANK4   BANK5
      Params:         2       0       0       0       0       0       0
      Locals:         0       0       0       0       0       0       0
      Temps:          1       0       0       0       0       0       0
      Totals:         3       0       0       0       0       0       0
Total ram usage:        3 bytes
 Hardware stack levels used:    1
 This function calls:
		Nothing
 This function is called by:
		_LCD_clear
		i2_Send2Lcd
 This function uses a non-reentrant model


 *************** function _DHT11_Start *****************
 Defined at:
		line 19 in file "setting_hardaware/dht.c"
 Parameters:    Size  Location     Type
		None
 Auto vars:     Size  Location     Type
		None
 Return value:  Size  Location     Type
                  1    wreg      void 
 Registers used:
		wreg
 Tracked objects:
		On entry : 
		On exit  : 
		Unchanged: 
 Data sizes:     COMRAM   BANK0   BANK1   BANK2   BANK3   BANK4   BANK5
      Params:         0       0       0       0       0       0       0
      Locals:         0       0       0       0       0       0       0
      Temps:          1       0       0       0       0       0       0
      Totals:         1       0       0       0       0       0       0
Total ram usage:        1 bytes
 Hardware stack levels used:    1
 This function calls:
		Nothing
 This function is called by:
		_Hi_ISR
 This function uses a non-reentrant model


 *************** function _DHT11_ReadData *****************
 Defined at:
		line 29 in file "setting_hardaware/dht.c"
 Parameters:    Size  Location     Type
		None
 Auto vars:     Size  Location     Type
  data            1    1[COMRAM] unsigned char 
  i               1    0[COMRAM] unsigned char 
 Return value:  Size  Location     Type
                  1    wreg      unsigned char 
 Registers used:
		wreg, status,2, status,0
 Tracked objects:
		On entry : 
		On exit  : 
		Unchanged: 
 Data sizes:     COMRAM   BANK0   BANK1   BANK2   BANK3   BANK4   BANK5
      Params:         0       0       0       0       0       0       0
      Locals:         2       0       0       0       0       0       0
      Temps:          0       0       0       0       0       0       0
      Totals:         2       0       0       0       0       0       0
Total ram usage:        2 bytes
 Hardware stack levels used:    1
 This function calls:
		Nothing
 This function is called by:
		_Hi_ISR
 This function uses a non-reentrant model


 *************** function _DHT11_CheckResponse *****************
 Defined at:
		line 12 in file "setting_hardaware/dht.c"
 Parameters:    Size  Location     Type
		None
 Auto vars:     Size  Location     Type
		None
 Return value:  Size  Location     Type
                  1    wreg      void 
 Registers used:
		None
 Tracked objects:
		On entry : 
		On exit  : 
		Unchanged: 
 Data sizes:     COMRAM   BANK0   BANK1   BANK2   BANK3   BANK4   BANK5
      Params:         0       0       0       0       0       0       0
      Locals:         0       0       0       0       0       0       0
      Temps:          0       0       0       0       0       0       0
      Totals:         0       0       0       0       0       0       0
Total ram usage:        0 bytes
 Hardware stack levels used:    1
 This function calls:
		Nothing
 This function is called by:
		_Hi_ISR
 This function uses a non-reentrant model



MODULE INFORMATION

Module		Function		Class		Link	Load	Size
setting_hardaware/dht.c
		_DHT11_Start   		CODE           	5F7C	0000	35
		_DHT11_CheckResponse		CODE           	6054	0000	15
		_DHT11_ReadData		CODE           	5D9A	0000	51

setting_hardaware/dht.c estimated size: 101

C:\Program Files (x86)\Microchip\xc8\v2.10\pic\sources\c99\common\atoi.c
		_atoi          		CODE           	50A4	0000	321

C:\Program Files (x86)\Microchip\xc8\v2.10\pic\sources\c99\common\atoi.c estimated size: 321

C:\Program Files (x86)\Microchip\xc8\v2.10\pic\sources\c99\common\aodiv.c
		___aodiv       		CODE           	4F5C	0000	329

C:\Program Files (x86)\Microchip\xc8\v2.10\pic\sources\c99\common\aodiv.c estimated size: 329

setting_hardaware/interrupt_manager.c
		_INTERRUPT_Initialize		CODE           	6076	0000	7

setting_hardaware/interrupt_manager.c estimated size: 7

C:\Program Files (x86)\Microchip\xc8\v2.10\pic\sources\c99\common\xxtofl.c
		___xxtofl      		CODE           	51E4	0000	321

C:\Program Files (x86)\Microchip\xc8\v2.10\pic\sources\c99\common\xxtofl.c estimated size: 321

C:\Program Files (x86)\Microchip\xc8\v2.10\pic\sources\c99\common\sqrtf.c
		_sqrtf         		CODE           	353E	0000	1063

C:\Program Files (x86)\Microchip\xc8\v2.10\pic\sources\c99\common\sqrtf.c estimated size: 1063

C:\Program Files (x86)\Microchip\xc8\v2.10\pic\sources\c99\common\isspace.c
		_isspace       		CODE           	5CBE	0000	63

C:\Program Files (x86)\Microchip\xc8\v2.10\pic\sources\c99\common\isspace.c estimated size: 63

C:\Program Files (x86)\Microchip\xc8\v2.10\pic\sources\c99\common\strlen.c
		_strlen        		CODE           	5EE6	0000	43

C:\Program Files (x86)\Microchip\xc8\v2.10\pic\sources\c99\common\strlen.c estimated size: 43

C:\Program Files (x86)\Microchip\xc8\v2.10\pic\sources\c99\common\fltol.c
		___fltol       		CODE           	575E	0000	189

C:\Program Files (x86)\Microchip\xc8\v2.10\pic\sources\c99\common\fltol.c estimated size: 189

setting_hardaware/uart.c
		_Lo_ISR        		CODE           	0018	0000	65
		_MyusartRead   		CODE           	5C30	0000	73
		_UART_Write    		CODE           	6038	0000	15

setting_hardaware/uart.c estimated size: 153

C:\Program Files (x86)\Microchip\xc8\v2.10\pic\sources\c99\common\memset.c
		_memset        		CODE           	5324	0000	307

C:\Program Files (x86)\Microchip\xc8\v2.10\pic\sources\c99\common\memset.c estimated size: 307

C:\Program Files (x86)\Microchip\xc8\v2.10\pic\sources\c99\common\powf.c
		_powf          		CODE           	06C0	0000	10125

C:\Program Files (x86)\Microchip\xc8\v2.10\pic\sources\c99\common\powf.c estimated size: 10125

C:\Program Files (x86)\Microchip\xc8\v2.10\pic\sources\c99\common\sprcmul.c
		___flmul       		CODE           	3964	0000	851

C:\Program Files (x86)\Microchip\xc8\v2.10\pic\sources\c99\common\sprcmul.c estimated size: 851

C:\Program Files (x86)\Microchip\xc8\v2.10\pic\sources\c99\common\sprcdiv.c
		___fldiv       		CODE           	4296	0000	649

C:\Program Files (x86)\Microchip\xc8\v2.10\pic\sources\c99\common\sprcdiv.c estimated size: 649

setting_hardaware/adc.c
		_ADC_Initialize		CODE           	6018	0000	19
		_MQ_Read       		CODE           	3FC2	0000	725
		_MQGetGasPercentage		CODE           	4E00	0000	349
		_MQGetPercentage		CODE           	557A	0000	277

setting_hardaware/adc.c estimated size: 1370

C:\Program Files (x86)\Microchip\xc8\v2.10\pic\sources\c99\common\doprnt.c
		_vfpfcnvrt     		CODE           	451E	0000	605
		_pad           		CODE           	58BA	0000	155
		_dtoa          		CODE           	49D2	0000	585
		_vfprintf      		CODE           	5B88	0000	87

C:\Program Files (x86)\Microchip\xc8\v2.10\pic\sources\c99\common\doprnt.c estimated size: 1432

C:\Program Files (x86)\Microchip\xc8\v2.10\pic\sources\c99\common\scalbnf.c
		_scalbnf       		CODE           	4C1A	0000	487

C:\Program Files (x86)\Microchip\xc8\v2.10\pic\sources\c99\common\scalbnf.c estimated size: 487

C:\Program Files (x86)\Microchip\xc8\v2.10\pic\sources\c99\common\nf_fputs.c
		_fputs         		CODE           	5CFC	0000	57

C:\Program Files (x86)\Microchip\xc8\v2.10\pic\sources\c99\common\nf_fputs.c estimated size: 57

C:\Program Files (x86)\Microchip\xc8\v2.10\pic\sources\c99\common\flge.c
		___flge        		CODE           	568E	0000	209

C:\Program Files (x86)\Microchip\xc8\v2.10\pic\sources\c99\common\flge.c estimated size: 209

C:\Program Files (x86)\Microchip\xc8\v2.10\pic\sources\c99\common\flneg.c
		___flneg       		CODE           	5E8A	0000	47

C:\Program Files (x86)\Microchip\xc8\v2.10\pic\sources\c99\common\flneg.c estimated size: 47

C:\Program Files (x86)\Microchip\xc8\v2.10\pic\sources\c99\common\fabsf.c
		_fabsf         		CODE           	5D34	0000	53

C:\Program Files (x86)\Microchip\xc8\v2.10\pic\sources\c99\common\fabsf.c estimated size: 53

shared
		_L5            		SMALLCONST     	0000	0000	0
		_P3            		SMALLCONST     	0000	0000	0
		_L6            		SMALLCONST     	0000	0000	0
		_P4            		SMALLCONST     	0000	0000	0
		_P5            		SMALLCONST     	0000	0000	0
		i2_Cmd         		CODE           	5EB8	0000	47
		_Lg1           		SMALLCONST     	0000	0000	0
		_Lg2           		SMALLCONST     	0000	0000	0
		i2_Data        		CODE           	5E5C	0000	47
		_Lg3           		SMALLCONST     	0000	0000	0
		_Lg4           		SMALLCONST     	0000	0000	0
		_lg2_l         		SMALLCONST     	0000	0000	0
		_ivln2_l       		SMALLCONST     	0000	0000	0
		_ivln2         		SMALLCONST     	0000	0000	0
		__initialization		CODE           	59D0	0000	101
		_bp            		SMALLCONST     	0681	0000	9
		_cp            		SMALLCONST     	0000	0000	0
		_cp_h          		SMALLCONST     	0000	0000	0
		_dp_h          		SMALLCONST     	0609	0000	9
		_lg2           		SMALLCONST     	0000	0000	0
		i2_speak       		CODE           	6004	0000	21
		_lg2_h         		SMALLCONST     	0000	0000	0
		_ivln2_h       		SMALLCONST     	0000	0000	0
		_ln2_lo        		SMALLCONST     	0000	0000	0
		i2_Send2Lcd    		CODE           	5B22	0000	103
		_tiny          		SMALLCONST     	0000	0000	0
		sqrtf@tiny     		SMALLCONST     	0000	0000	0
		_ovt           		SMALLCONST     	0000	0000	0
		_huge          		SMALLCONST     	0000	0000	0
		_two24         		SMALLCONST     	0000	0000	0
		_cp_l          		SMALLCONST     	0000	0000	0
		_ln2_hi        		SMALLCONST     	0000	0000	0
		_dp_l          		SMALLCONST     	0601	0000	9
		_L1            		SMALLCONST     	0000	0000	0
		_L2            		SMALLCONST     	0000	0000	0
		_L3            		SMALLCONST     	0000	0000	0
		_P1            		SMALLCONST     	0000	0000	0
		_L4            		SMALLCONST     	0000	0000	0
		_P2            		SMALLCONST     	0000	0000	0

shared estimated size: 346

setting_hardaware/pin_manager.c
		_PIN_MANAGER_Initialize		CODE           	5FF0	0000	21

setting_hardaware/pin_manager.c estimated size: 21

C:\Program Files (x86)\Microchip\xc8\v2.10\pic\sources\c99\common\putch.c
		_putch         		CODE           	607C	0000	3

C:\Program Files (x86)\Microchip\xc8\v2.10\pic\sources\c99\common\putch.c estimated size: 3

C:\Program Files (x86)\Microchip\xc8\v2.10\pic\sources\c99\common\isdigit.c
		_isdigit       		CODE           	5E2C	0000	49

C:\Program Files (x86)\Microchip\xc8\v2.10\pic\sources\c99\common\isdigit.c estimated size: 49

setting_hardaware/setting.c
		_TMR1_Initialize		CODE           	5FBC	0000	29
		_OSCILLATOR_Initialize		CODE           	6062	0000	9
		_SYSTEM_Initialize		CODE           	5F9E	0000	31

setting_hardaware/setting.c estimated size: 69

C:\Program Files (x86)\Microchip\xc8\v2.10\pic\sources\c99\common\sprcadd.c
		___flsub       		CODE           	5C78	0000	71
		___fladd       		CODE           	3CB6	0000	781

C:\Program Files (x86)\Microchip\xc8\v2.10\pic\sources\c99\common\sprcadd.c estimated size: 852

C:\Program Files (x86)\Microchip\xc8\v2.10\pic\sources\c99\common\aomod.c
		___aomod       		CODE           	5456	0000	293

C:\Program Files (x86)\Microchip\xc8\v2.10\pic\sources\c99\common\aomod.c estimated size: 293

C:\Program Files (x86)\Microchip\xc8\v2.10\pic\sources\c99\common\abs.c
		_abs           		CODE           	5D68	0000	51

C:\Program Files (x86)\Microchip\xc8\v2.10\pic\sources\c99\common\abs.c estimated size: 51

C:\Program Files (x86)\Microchip\xc8\v2.10\pic\sources\c99\common\nf_sprintf.c
		_sprintf       		CODE           	5BDE	0000	83

C:\Program Files (x86)\Microchip\xc8\v2.10\pic\sources\c99\common\nf_sprintf.c estimated size: 83

C:\Program Files (x86)\Microchip\xc8\v2.10\pic\sources\c99\common\Umul16.c
		___wmul        		CODE           	5F10	0000	39

C:\Program Files (x86)\Microchip\xc8\v2.10\pic\sources\c99\common\Umul16.c estimated size: 39

C:\Program Files (x86)\Microchip\xc8\v2.10\pic\sources\c99\common\logf.c
		_logf          		CODE           	2E4C	0000	1779

C:\Program Files (x86)\Microchip\xc8\v2.10\pic\sources\c99\common\logf.c estimated size: 1779

C:\Program Files (x86)\Microchip\xc8\v2.10\pic\sources\c99\common\awmod.c
		___awmod       		CODE           	5A42	0000	115

C:\Program Files (x86)\Microchip\xc8\v2.10\pic\sources\c99\common\awmod.c estimated size: 115

C:\Program Files (x86)\Microchip\xc8\v2.10\pic\sources\c99\common\nanf.c
		_nanf          		CODE           	5F5A	0000	35

C:\Program Files (x86)\Microchip\xc8\v2.10\pic\sources\c99\common\nanf.c estimated size: 35

main.c
		_main          		CODE           	606A	0000	7
		_Hi_ISR        		CODE           	0008	0000	607

main.c estimated size: 614

setting_hardaware/LCD.c
		_LCD_clear     		CODE           	6046	0000	15
		_Data          		CODE           	5DCC	0000	49
		_Send2Lcd      		CODE           	5AB4	0000	111
		_Cmd           		CODE           	5DFC	0000	49
		_LCD_init      		CODE           	5954	0000	125

setting_hardaware/LCD.c estimated size: 349

setting_hardaware/buzzer.c
		_buzzer_init   		CODE           	6070	0000	7
		_speak         		CODE           	5FD8	0000	25

setting_hardaware/buzzer.c estimated size: 32

C:\Program Files (x86)\Microchip\xc8\v2.10\pic\sources\c99\common\nf_fputc.c
		_fputc         		CODE           	581A	0000	161

C:\Program Files (x86)\Microchip\xc8\v2.10\pic\sources\c99\common\nf_fputc.c estimated size: 161

