Microchip MPLAB XC8 Compiler V2.10 ()

Linker command line:

-W-3 --edf=C:\Program Files (x86)\Microchip\xc8\v2.10\pic\dat\en_msgs.txt \
  -cs -h+dist/default/production\pic18finalprpject.X.production.sym \
  --cmf=dist/default/production\pic18finalprpject.X.production.cmf -z \
  -Q18F4520 -oD:\TEMP\s5q8.2 --defsym=__MPLAB_BUILD=1 \
  -Mdist/default/production/pic18finalprpject.X.production.map -E1 -ver=XC8 \
  --acfsm=1493 -ASTACK=0377h-05FFh -pstack=STACK -ACODE=00h-07FFFh \
  -ACONST=00h-07FFFh -ASMALLCONST=0600h-06FFhx122 \
  -AMEDIUMCONST=0600h-07FFFh -ACOMRAM=01h-07Fh -AABS1=00h-05FFh \
  -ABIGRAM=01h-05FFh -ARAM=080h-0FFh,0100h-01FFhx5 -ABANK0=080h-0FFh \
  -ABANK1=0100h-01FFh -ABANK2=0200h-02FFh -ABANK3=0300h-03FFh \
  -ABANK4=0400h-04FFh -ABANK5=0500h-05FFh -ASFR=0F80h-0FFFh \
  -preset_vec=00h,intcode=08h,intcodelo=018h,powerup,init -pramtop=0600h \
  -psmallconst=SMALLCONST -pmediumconst=MEDIUMCONST -pconst=CONST \
  -AFARRAM=00h-00h -ACONFIG=0300000h-030000Dh -pconfig=CONFIG \
  -AIDLOC=0200000h-0200007h -pidloc=IDLOC -AEEDATA=0F00000h-0F000FFh \
  -peeprom_data=EEDATA \
  -prdata=COMRAM,nvrram=COMRAM,nvbit=COMRAM,rbss=COMRAM,rbit=COMRAM \
  -pfarbss=FARRAM,fardata=FARRAM,nvFARRAM=FARRAM \
  -pintsave_regs=BIGRAM,bigbss=BIGRAM,bigdata=BIGRAM -pbss=RAM \
  -pidata=CODE,irdata=CODE,ibigdata=CODE,ifardata=CODE -prparam=COMRAM \
  D:\TEMP\s5q8.o dist/default/production\pic18finalprpject.X.production.o 

Object code version is 3.11

Machine type is 18F4520

Call graph: (short form)




                Name                               Link     Load   Length Selector   Space Scale
D:\TEMP\s5q8.o  init                                 58       58        4        C       0
                reset_vec                             0        0        4        0       0
                idloc                            200000   200000        8   200000       0
                config                           300000   300000        E   300000       0
dist/default/production\pic18finalprpject.X.production.o
                intcodelo                            18       18       40        C       0
                intcode                               8        8        6        4       0
                temp                                 7E       7E        1        1       1
                smallconst                          600      600       CC      300       0
                text66                             4D38     4D38      288      366       0
                text65                             46DA     46DA      352      366       0
                text64                             5D58     5D58      140      366       0
                text63                             6330     6330       D8      366       0
                text62                             6FD4     6FD4       2E     370D       0
                text61                             70E2     70E2        E     370D       0
                text60                             65A4     65A4       BC      366       0
                text59                             4A2C     4A2C      30C      366       0
                text58                             6D5C     6D5C       46      366       0
                text57                             36F0     36F0      6F2      366       0
                text56                             6FA6     6FA6       2E     370D       0
                text55                             6E52     6E52       34     370D       0
                text54                             5414     5414      1E6      366       0
                text53                             6408     6408       D0      366       0
                text52                             7052     7052       22     370D       0
                text51                             42B4     42B4      426      366       0
                text50                              6CC      6CC     266C      366       0
                text49                             621A     621A      116      366       0
                text48                             5974     5974      15C      366       0
                text47                             5206     5206      20E      366       0
                text46                             5E98     5E98      132      366       0
                text45                             702C     702C       26     370D       0
                text44                             6F48     6F48       30     370D       0
                text43                             6DA2     6DA2       3E      366       0
                text42                             5C18     5C18      140      366       0
                text41                             5AD0     5AD0      148      366       0
                text40                             60F6     60F6      124      366       0
                text39                             6E86     6E86       32     370D       0
                text38                             7106     7106        2     370D       0
                text37                             6702     6702       A0      366       0
                text36                             6E1A     6E1A       38     370D       0
                text35                             7002     7002       2A     370D       0
                text34                             67A2     67A2       9A      366       0
                text33                             4FC0     4FC0      246      366       0
                text32                             68C6     68C6       84      366       0
                text31                             683C     683C       8A      366       0
                text30                             64D8     64D8       CC      366       0
                text29                             57BE     57BE      1B6      366       0
                text28                             6C2E     6C2E       52      366       0
                text27                             6F18     6F18       30     370D       0
                text26                             6C80     6C80       4C      366       0
                text25                             6A38     6A38       70      366       0
                text24                             2D38     2D38      9B8      366       0
                text23                             5FCA     5FCA      12C      366       0
                text22                             6660     6660       A2      366       0
                text21                             3DE2     3DE2      4D2      366       0
                text20                             6B7C     6B7C       5E      366       0
                text19                             6BDA     6BDA       54      366       0
                text18                             6F78     6F78       2E     370D       0
                text17                             6B16     6B16       66      366       0
                intcode_body                       55FA     55FA      1C4      366       0
                text15                             70D4     70D4        E     370D       0
                text14                             69C6     69C6       72      366       0
                text13                             6CCC     6CCC       4A      366       0
                text11                             70C2     70C2       12     370D       0
                text10                             70FE     70FE        6     370D       0
                text9                              6EE8     6EE8       30     370D       0
                text8                              6EB8     6EB8       30     370D       0
                text7                              6AA8     6AA8       6E      366       0
                text6                              694A     694A       7C      366       0
                text5                              70F0     70F0        8     370D       0
                text4                              70AE     70AE       14     370D       0
                text3                              7092     7092       1C     370D       0
                text2                              7104     7104        2     370D       0
                text1                              7074     7074       1E     370D       0
                text0                              70F8     70F8        6     370D       0
                cstackCOMRAM                          1        1       7D        1       1
                cstackBANK0                          80       80       7C       80       1
                cstackBANK1                         100      100      100      100       1
                cstackBANK2                         2CB      2CB       21      200       1
                cstackBANK3                         364      364       13      300       1
                bssBANK3                            300      300       64      300       1
                dataBANK2                           292      292       39      200       1
                bssBANK2                            200      200       92      200       1
                cinit                              6D16     6D16       46      366       0
                idataBANK2                         6DE0     6DE0       39      366       0

TOTAL           Name                               Link     Load   Length     Space
        CLASS   STACK          

        CLASS   CODE           
                intcodelo                            18       18       40         0
                intcode                               8        8        6         0
                init                                 58       58        4         0
                reset_vec                             0        0        4         0
                text66                             4D38     4D38      288         0
                text65                             46DA     46DA      352         0
                text64                             5D58     5D58      140         0
                text63                             6330     6330       D8         0
                text62                             6FD4     6FD4       2E         0
                text61                             70E2     70E2        E         0
                text60                             65A4     65A4       BC         0
                text59                             4A2C     4A2C      30C         0
                text58                             6D5C     6D5C       46         0
                text57                             36F0     36F0      6F2         0
                text56                             6FA6     6FA6       2E         0
                text55                             6E52     6E52       34         0
                text54                             5414     5414      1E6         0
                text53                             6408     6408       D0         0
                text52                             7052     7052       22         0
                text51                             42B4     42B4      426         0
                text50                              6CC      6CC     266C         0
                text49                             621A     621A      116         0
                text48                             5974     5974      15C         0
                text47                             5206     5206      20E         0
                text46                             5E98     5E98      132         0
                text45                             702C     702C       26         0
                text44                             6F48     6F48       30         0
                text43                             6DA2     6DA2       3E         0
                text42                             5C18     5C18      140         0
                text41                             5AD0     5AD0      148         0
                text40                             60F6     60F6      124         0
                text39                             6E86     6E86       32         0
                text38                             7106     7106        2         0
                text37                             6702     6702       A0         0
                text36                             6E1A     6E1A       38         0
                text35                             7002     7002       2A         0
                text34                             67A2     67A2       9A         0
                text33                             4FC0     4FC0      246         0
                text32                             68C6     68C6       84         0
                text31                             683C     683C       8A         0
                text30                             64D8     64D8       CC         0
                text29                             57BE     57BE      1B6         0
                text28                             6C2E     6C2E       52         0
                text27                             6F18     6F18       30         0
                text26                             6C80     6C80       4C         0
                text25                             6A38     6A38       70         0
                text24                             2D38     2D38      9B8         0
                text23                             5FCA     5FCA      12C         0
                text22                             6660     6660       A2         0
                text21                             3DE2     3DE2      4D2         0
                text20                             6B7C     6B7C       5E         0
                text19                             6BDA     6BDA       54         0
                text18                             6F78     6F78       2E         0
                text17                             6B16     6B16       66         0
                intcode_body                       55FA     55FA      1C4         0
                text15                             70D4     70D4        E         0
                text14                             69C6     69C6       72         0
                text13                             6CCC     6CCC       4A         0
                text11                             70C2     70C2       12         0
                text10                             70FE     70FE        6         0
                text9                              6EE8     6EE8       30         0
                text8                              6EB8     6EB8       30         0
                text7                              6AA8     6AA8       6E         0
                text6                              694A     694A       7C         0
                text5                              70F0     70F0        8         0
                text4                              70AE     70AE       14         0
                text3                              7092     7092       1C         0
                text2                              7104     7104        2         0
                text1                              7074     7074       1E         0
                text0                              70F8     70F8        6         0
                cinit                              6D16     6D16       46         0
                idataBANK2                         6DE0     6DE0       39         0

        CLASS   CONST          

        CLASS   SMALLCONST     
                smallconst                          600      600       CC         0

        CLASS   MEDIUMCONST    

        CLASS   COMRAM         
                temp                                 7E       7E        1         1
                cstackCOMRAM                          1        1       7D         1

        CLASS   ABS1           

        CLASS   BIGRAM         

        CLASS   RAM            

        CLASS   BANK0          
                cstackBANK0                          80       80       7C         1

        CLASS   BANK1          
                cstackBANK1                         100      100      100         1

        CLASS   BANK2          
                cstackBANK2                         2CB      2CB       21         1
                dataBANK2                           292      292       39         1
                bssBANK2                            200      200       92         1

        CLASS   BANK3          
                cstackBANK3                         364      364       13         1
                bssBANK3                            300      300       64         1

        CLASS   BANK4          

        CLASS   BANK5          

        CLASS   SFR            

        CLASS   FARRAM         

        CLASS   CONFIG         
                config                           300000   300000        E         0

        CLASS   IDLOC          
                idloc                            200000   200000        8         0

        CLASS   EEDATA         



SEGMENTS        Name                           Load    Length   Top    Selector   Space  Class

                reset_vec                      000000  000004  000004         0       0  CODE    
                cstackCOMRAM                   000001  00007E  00007F         1       1  COMRAM  
                intcode                        000008  000006  00000E         4       0  CODE    
                intcodelo                      000018  000044  00005C         C       0  CODE    
                cstackBANK0                    000080  00007C  0000FC        80       1  BANK0   
                cstackBANK1                    000100  000100  000200       100       1  BANK1   
                bssBANK2                       000200  0000EC  0002EC       200       1  BANK2   
                bssBANK3                       000300  000077  000377       300       1  BANK3   
                smallconst                     000600  0000CC  0006CC       300       0  SMALLCON
                text50                         0006CC  00674D  006E19       366       0  CODE    
                text36                         006E1A  0002EE  007108      370D       0  CODE    
                idloc                          200000  000008  200008    200000       0  IDLOC   
                config                         300000  00000E  30000E    300000       0  CONFIG  


UNUSED ADDRESS RANGES

        Name                Unused          Largest block    Delta
        BANK0            0000FC-0000FF                4
        BANK2            0002EC-0002FF               14
        BANK3            000377-0003FF               89
        BANK4            000400-0004FF              100
        BANK5            000500-0005FF              100
        BIGRAM           00007F-00007F                1
                         0000FC-0000FF                4
                         0002EC-0002FF               14
                         000377-0005FF              289
        CODE             000004-000007                4
                         00000E-000017                A
                         00005C-0005FF              5A4
                         006E19-006E19                1
                         007108-007FFF              EF8
        COMRAM           00007F-00007F                1
        CONST            000004-000007                4
                         00000E-000017                A
                         00005C-0005FF              5A4
                         006E19-006E19                1
                         007108-007FFF              EF8
        EEDATA           F00000-F000FF              100
        MEDIUMCONST      006E19-006E19                1
                         007108-007FFF              EF8
        RAM              0000FC-0000FF                4
                         0002EC-0002FF               14
                         000377-0005FF              100
        SFR              000F80-000FFF               80
        SMALLCONST       006E19-006E19                1
                         007108-007FFF              100
        STACK            000377-0005FF              289

                                  Symbol Table

?_ADC_Read                       cstackCOMRAM 00004B
?_MQGetGasPercentage             cstackBANK0  0000E0
?_MQGetPercentage                cstackBANK0  0000CE
?___aodiv                        cstackCOMRAM 000001
?___aomod                        cstackCOMRAM 000001
?___awdiv                        cstackCOMRAM 000001
?___awmod                        cstackBANK3  000364
?___fladd                        cstackCOMRAM 000001
?___fldiv                        cstackCOMRAM 000032
?___flmul                        cstackCOMRAM 000011
?___flneg                        cstackCOMRAM 000001
?___flsub                        cstackCOMRAM 00002A
?___fltol                        cstackBANK0  0000CA
?___fpclassifyf                  cstackCOMRAM 000001
?___wmul                         cstackCOMRAM 000001
?___xxtofl                       cstackCOMRAM 000001
?_abs                            cstackCOMRAM 000013
?_atoi                           cstackCOMRAM 000008
?_dtoa                           cstackCOMRAM 00001C
?_efgtoa                         cstackBANK0  0000CE
?_fabsf                          cstackCOMRAM 000001
?_floorf                         cstackCOMRAM 00004B
?_isdigit                        cstackCOMRAM 000001
?_isspace                        cstackCOMRAM 000001
?_isupper                        cstackCOMRAM 000001
?_logf                           cstackCOMRAM 00004B
?_nanf                           cstackCOMRAM 000001
?_pad                            cstackCOMRAM 000011
?_powf                           cstackBANK0  0000C2
?_scalbnf                        cstackCOMRAM 00002A
?_sprintf                        cstackBANK2  0002CB
?_sqrtf                          cstackCOMRAM 00003E
?_stoa                           cstackCOMRAM 00000A
?_strlen                         cstackCOMRAM 000001
?_strncmp                        cstackCOMRAM 000001
?_tolower                        cstackCOMRAM 000007
?_vfpfcnvrt                      cstackBANK0  0000DA
?_vfprintf                       cstackBANK1  0001F4
?i2___awmod                      cstackCOMRAM 000001
ADC_Read@channel                 cstackCOMRAM 00004B
ADC_Read@digital                 cstackCOMRAM 000054
ADC_Read@result                  cstackCOMRAM 000056
Cmd@Value                        cstackBANK3  00036F
Data@Value                       cstackBANK3  00036F
MQGetGasPercentage@gas_id        cstackBANK0  0000E4
MQGetGasPercentage@rs_ro_ratio   cstackBANK0  0000E0
MQGetPercentage@pcurve           cstackBANK0  0000D2
MQGetPercentage@rs_ro_ratio      cstackBANK0  0000CE
MQ_Read@digital                  cstackBANK0  0000EE
MQ_Read@res                      cstackBANK0  0000F0
MQ_Read@values                   cstackBANK0  0000EA
Send2Lcd@Adr                     cstackBANK3  000375
Send2Lcd@Lcd                     cstackBANK3  000372
UART_Write@data                  cstackBANK3  000364
_ADCON0bits                      (abs)        000FC2
_ADCON1                          (abs)        000FC1
_ADCON2                          (abs)        000FC0
_ADC_Initialize                  text11       0070C2
_ADC_Read                        text63       006330
_ADC_Read$2060                   cstackCOMRAM 000050
_ADRES                           (abs)        000FC3
_COCurve                         dataBANK2    0002B3
_CREN                            (abs)        007D5C
_Cmd                             text9        006EE8
_Data                            text8        006EB8
_GAS_CO                          dataBANK2    0002A1
_GAS_LPG                         bssBANK2     000226
_GAS_SMOKE                       dataBANK2    00029F
_Hi_ISR                          intcode      000008
_Hi_ISR$2061                     cstackBANK1  0001FA
_Hi_ISR$2062                     cstackBANK1  0001FC
_Hi_ISR$2063                     cstackBANK1  0001FE
_INTCONbits                      (abs)        000FF2
_INTERRUPT_Initialize            text10       0070FE
_IPR1bits                        (abs)        000F9F
_IRCF0                           (abs)        007E9C
_IRCF1                           (abs)        007E9D
_IRCF2                           (abs)        007E9E
_LATBbits                        (abs)        000F8A
_LATCbits                        (abs)        000F8B
_LATD                            (abs)        000F8C
_LCD_clear                       text61       0070E2
_LCD_init                        text6        00694A
_LPGCurve                        dataBANK2    0002BF
_Lo_ISR                          intcodelo    000018
_MQGetGasPercentage              text48       005974
_MQGetGasPercentage$2058         cstackBANK0  0000E6
_MQGetPercentage                 text49       00621A
_MQGetPercentage$2055            cstackBANK0  0000D4
_MQGetPercentage$2056            cstackBANK0  0000D8
_MQGetPercentage$2057            cstackBANK0  0000DC
_MQ_Read                         text47       005206
_MQ_Read$2059                    cstackBANK0  0000F4
_MyusartRead                     text13       006CCC
_OSCILLATOR_Initialize           text5        0070F0
_PIE1bits                        (abs)        000F9D
_PIN_MANAGER_Initialize          text4        0070AE
_PIR1bits                        (abs)        000F9E
_RCIF                            (abs)        007CF5
_RCONbits                        (abs)        000FD0
_RCREG                           (abs)        000FAE
_RCSTAbits                       (abs)        000FAB
_RL_VALUE                        dataBANK2    0002A3
_Ro                              dataBANK2    000299
_SYSTEM_Initialize               text1        007074
_Send2Lcd                        text7        006AA8
_SmokeCurve                      dataBANK2    0002A7
_T1CONbits                       (abs)        000FCD
_TMR1                            (abs)        000FCE
_TMR1_Initialize                 text3        007092
_TRISA                           (abs)        000F92
_TRISBbits                       (abs)        000F93
_TRISC                           (abs)        000F94
_TRISD                           (abs)        000F95
_TXREG                           (abs)        000FAD
_TXSTAbits                       (abs)        000FAC
_UART_Write                      text15       0070D4
__CFG_BOREN$SBORDIS              (abs)        000000
__CFG_BORV$3                     (abs)        000000
__CFG_CCP2MX$PORTC               (abs)        000000
__CFG_CP0$OFF                    (abs)        000000
__CFG_CP1$OFF                    (abs)        000000
__CFG_CP2$OFF                    (abs)        000000
__CFG_CP3$OFF                    (abs)        000000
__CFG_CPB$OFF                    (abs)        000000
__CFG_CPD$OFF                    (abs)        000000
__CFG_EBTR0$OFF                  (abs)        000000
__CFG_EBTR1$OFF                  (abs)        000000
__CFG_EBTR2$OFF                  (abs)        000000
__CFG_EBTR3$OFF                  (abs)        000000
__CFG_EBTRB$OFF                  (abs)        000000
__CFG_FCMEN$OFF                  (abs)        000000
__CFG_IESO$ON                    (abs)        000000
__CFG_LPT1OSC$OFF                (abs)        000000
__CFG_LVP$OFF                    (abs)        000000
__CFG_MCLRE$ON                   (abs)        000000
__CFG_OSC$INTIO67                (abs)        000000
__CFG_PBADEN$ON                  (abs)        000000
__CFG_PWRT$OFF                   (abs)        000000
__CFG_STVREN$ON                  (abs)        000000
__CFG_WDT$OFF                    (abs)        000000
__CFG_WDTPS$1                    (abs)        000000
__CFG_WRT0$OFF                   (abs)        000000
__CFG_WRT1$OFF                   (abs)        000000
__CFG_WRT2$OFF                   (abs)        000000
__CFG_WRT3$OFF                   (abs)        000000
__CFG_WRTB$OFF                   (abs)        000000
__CFG_WRTC$OFF                   (abs)        000000
__CFG_WRTD$OFF                   (abs)        000000
__CFG_XINST$OFF                  (abs)        000000
__HRAM                           (abs)        000000
__Habs1                          abs1         000000
__Hbank0                         bank0        000000
__Hbank1                         bank1        000000
__Hbank2                         bank2        000000
__Hbank3                         bank3        000000
__Hbank4                         bank4        000000
__Hbank5                         bank5        000000
__Hbigbss                        bigbss       000000
__Hbigdata                       bigdata      000000
__Hbigram                        bigram       000000
__Hbss                           bss          000000
__HbssBANK2                      bssBANK2     000000
__HbssBANK3                      bssBANK3     000000
__Hcinit                         cinit        000000
__Hclrtext                       clrtext      000000
__Hcomram                        comram       000000
__Hconfig                        config       30000E
__Hconst                         const        000000
__HcstackBANK0                   cstackBANK0  000000
__HcstackBANK1                   cstackBANK1  000000
__HcstackBANK2                   cstackBANK2  000000
__HcstackBANK3                   cstackBANK3  000000
__HcstackCOMRAM                  cstackCOMRAM 000000
__Hdata                          data         000000
__HdataBANK2                     dataBANK2    000000
__Heeprom_data                   eeprom_data  000000
__Hfarbss                        farbss       000000
__Hfardata                       fardata      000000
__Hibigdata                      ibigdata     000000
__Hidata                         idata        000000
__HidataBANK2                    idataBANK2   000000
__Hidloc                         idloc        200008
__Hifardata                      ifardata     000000
__Hinit                          init         00005C
__Hintcode                       intcode      00000E
__Hintcode_body                  intcode_body 000000
__Hintcodelo                     intcodelo    000058
__Hintentry                      intentry     000000
__Hintret                        intret       000000
__Hintsave_regs                  intsave_regs 000000
__Hirdata                        irdata       000000
__Hmediumconst                   mediumconst  000000
__HnvFARRAM                      nvFARRAM     000000
__Hnvbit                         nvbit        000000
__Hnvrram                        nvrram       000000
__Hparam                         rparam       000000
__Hpowerup                       powerup      000058
__Hram                           ram          000000
__Hramtop                        ramtop       000600
__Hrbit                          rbit         000000
__Hrbss                          rbss         000000
__Hrdata                         rdata        000000
__Hreset_vec                     reset_vec    000004
__Hrparam                        rparam       000000
__Hsfr                           sfr          000000
__Hsmallconst                    smallconst   0006CC
__Hspace_0                       (abs)        30000E
__Hspace_1                       (abs)        000377
__Hspace_2                       (abs)        000000
__Hstack                         stack        000000
__Hstruct                        struct       000000
__Htemp                          temp         00007F
__Htext                          text         000000
__Htext0                         text0        000000
__Htext1                         text1        000000
__Htext10                        text10       000000
__Htext11                        text11       000000
__Htext13                        text13       000000
__Htext14                        text14       000000
__Htext15                        text15       000000
__Htext17                        text17       000000
__Htext18                        text18       000000
__Htext19                        text19       000000
__Htext2                         text2        000000
__Htext20                        text20       000000
__Htext21                        text21       000000
__Htext22                        text22       000000
__Htext23                        text23       000000
__Htext24                        text24       000000
__Htext25                        text25       000000
__Htext26                        text26       000000
__Htext27                        text27       000000
__Htext28                        text28       000000
__Htext29                        text29       000000
__Htext3                         text3        000000
__Htext30                        text30       000000
__Htext31                        text31       000000
__Htext32                        text32       000000
__Htext33                        text33       000000
__Htext34                        text34       000000
__Htext35                        text35       000000
__Htext36                        text36       000000
__Htext37                        text37       000000
__Htext38                        text38       000000
__Htext39                        text39       000000
__Htext4                         text4        000000
__Htext40                        text40       000000
__Htext41                        text41       000000
__Htext42                        text42       000000
__Htext43                        text43       000000
__Htext44                        text44       000000
__Htext45                        text45       000000
__Htext46                        text46       000000
__Htext47                        text47       000000
__Htext48                        text48       000000
__Htext49                        text49       000000
__Htext5                         text5        000000
__Htext50                        text50       000000
__Htext51                        text51       000000
__Htext52                        text52       000000
__Htext53                        text53       000000
__Htext54                        text54       000000
__Htext55                        text55       000000
__Htext56                        text56       000000
__Htext57                        text57       000000
__Htext58                        text58       000000
__Htext59                        text59       000000
__Htext6                         text6        000000
__Htext60                        text60       000000
__Htext61                        text61       000000
__Htext62                        text62       000000
__Htext63                        text63       000000
__Htext64                        text64       000000
__Htext65                        text65       000000
__Htext66                        text66       000000
__Htext7                         text7        000000
__Htext8                         text8        000000
__Htext9                         text9        000000
__LRAM                           (abs)        000001
__Labs1                          abs1         000000
__Lbank0                         bank0        000000
__Lbank1                         bank1        000000
__Lbank2                         bank2        000000
__Lbank3                         bank3        000000
__Lbank4                         bank4        000000
__Lbank5                         bank5        000000
__Lbigbss                        bigbss       000000
__Lbigdata                       bigdata      000000
__Lbigram                        bigram       000000
__Lbss                           bss          000000
__LbssBANK2                      bssBANK2     000000
__LbssBANK3                      bssBANK3     000000
__Lcinit                         cinit        000000
__Lclrtext                       clrtext      000000
__Lcomram                        comram       000000
__Lconfig                        config       300000
__Lconst                         const        000000
__LcstackBANK0                   cstackBANK0  000000
__LcstackBANK1                   cstackBANK1  000000
__LcstackBANK2                   cstackBANK2  000000
__LcstackBANK3                   cstackBANK3  000000
__LcstackCOMRAM                  cstackCOMRAM 000000
__Ldata                          data         000000
__LdataBANK2                     dataBANK2    000000
__Leeprom_data                   eeprom_data  000000
__Lfarbss                        farbss       000000
__Lfardata                       fardata      000000
__Libigdata                      ibigdata     000000
__Lidata                         idata        000000
__LidataBANK2                    idataBANK2   000000
__Lidloc                         idloc        200000
__Lifardata                      ifardata     000000
__Linit                          init         000058
__Lintcode                       intcode      000008
__Lintcode_body                  intcode_body 000000
__Lintcodelo                     intcodelo    000018
__Lintentry                      intentry     000000
__Lintret                        intret       000000
__Lintsave_regs                  intsave_regs 000000
__Lirdata                        irdata       000000
__Lmediumconst                   mediumconst  000000
__LnvFARRAM                      nvFARRAM     000000
__Lnvbit                         nvbit        000000
__Lnvrram                        nvrram       000000
__Lparam                         rparam       000000
__Lpowerup                       powerup      000058
__Lram                           ram          000000
__Lramtop                        ramtop       000600
__Lrbit                          rbit         000000
__Lrbss                          rbss         000000
__Lrdata                         rdata        000000
__Lreset_vec                     reset_vec    000000
__Lrparam                        rparam       000000
__Lsfr                           sfr          000000
__Lsmallconst                    smallconst   000600
__Lspace_0                       (abs)        000000
__Lspace_1                       (abs)        000000
__Lspace_2                       (abs)        000000
__Lstack                         stack        000000
__Lstruct                        struct       000000
__Ltemp                          temp         00007E
__Ltext                          text         000000
__Ltext0                         text0        000000
__Ltext1                         text1        000000
__Ltext10                        text10       000000
__Ltext11                        text11       000000
__Ltext13                        text13       000000
__Ltext14                        text14       000000
__Ltext15                        text15       000000
__Ltext17                        text17       000000
__Ltext18                        text18       000000
__Ltext19                        text19       000000
__Ltext2                         text2        000000
__Ltext20                        text20       000000
__Ltext21                        text21       000000
__Ltext22                        text22       000000
__Ltext23                        text23       000000
__Ltext24                        text24       000000
__Ltext25                        text25       000000
__Ltext26                        text26       000000
__Ltext27                        text27       000000
__Ltext28                        text28       000000
__Ltext29                        text29       000000
__Ltext3                         text3        000000
__Ltext30                        text30       000000
__Ltext31                        text31       000000
__Ltext32                        text32       000000
__Ltext33                        text33       000000
__Ltext34                        text34       000000
__Ltext35                        text35       000000
__Ltext36                        text36       000000
__Ltext37                        text37       000000
__Ltext38                        text38       000000
__Ltext39                        text39       000000
__Ltext4                         text4        000000
__Ltext40                        text40       000000
__Ltext41                        text41       000000
__Ltext42                        text42       000000
__Ltext43                        text43       000000
__Ltext44                        text44       000000
__Ltext45                        text45       000000
__Ltext46                        text46       000000
__Ltext47                        text47       000000
__Ltext48                        text48       000000
__Ltext49                        text49       000000
__Ltext5                         text5        000000
__Ltext50                        text50       000000
__Ltext51                        text51       000000
__Ltext52                        text52       000000
__Ltext53                        text53       000000
__Ltext54                        text54       000000
__Ltext55                        text55       000000
__Ltext56                        text56       000000
__Ltext57                        text57       000000
__Ltext58                        text58       000000
__Ltext59                        text59       000000
__Ltext6                         text6        000000
__Ltext60                        text60       000000
__Ltext61                        text61       000000
__Ltext62                        text62       000000
__Ltext63                        text63       000000
__Ltext64                        text64       000000
__Ltext65                        text65       000000
__Ltext66                        text66       000000
__Ltext7                         text7        000000
__Ltext8                         text8        000000
__Ltext9                         text9        000000
__S0                             (abs)        30000E
__S1                             (abs)        000377
__S2                             (abs)        000000
___aodiv                         text41       005AD0
___aodiv@counter                 cstackCOMRAM 000011
___aodiv@dividend                cstackCOMRAM 000001
___aodiv@divisor                 cstackCOMRAM 000009
___aodiv@quotient                cstackCOMRAM 000013
___aodiv@sign                    cstackCOMRAM 000012
___aomod                         text40       0060F6
___aomod@counter                 cstackCOMRAM 000011
___aomod@dividend                cstackCOMRAM 000001
___aomod@divisor                 cstackCOMRAM 000009
___aomod@sign                    cstackCOMRAM 000012
___awdiv                         text32       0068C6
___awdiv@counter                 cstackCOMRAM 000005
___awdiv@dividend                cstackCOMRAM 000001
___awdiv@divisor                 cstackCOMRAM 000003
___awdiv@quotient                cstackCOMRAM 000007
___awdiv@sign                    cstackCOMRAM 000006
___awmod                         text14       0069C6
___awmod@counter                 cstackBANK3  000368
___awmod@dividend                cstackBANK3  000364
___awmod@divisor                 cstackBANK3  000366
___awmod@sign                    cstackBANK3  000369
___fladd                         text59       004A2C
___fladd@a                       cstackCOMRAM 000005
___fladd@aexp                    cstackCOMRAM 00000E
___fladd@b                       cstackCOMRAM 000001
___fladd@bexp                    cstackCOMRAM 00000F
___fladd@grs                     cstackCOMRAM 000010
___fladd@signs                   cstackCOMRAM 00000D
___fldiv                         text66       004D38
___fldiv@a                       cstackCOMRAM 000036
___fldiv@aexp                    cstackCOMRAM 00004A
___fldiv@b                       cstackCOMRAM 000032
___fldiv@bexp                    cstackCOMRAM 000049
___fldiv@grs                     cstackCOMRAM 000045
___fldiv@new_exp                 cstackCOMRAM 000043
___fldiv@rem                     cstackCOMRAM 00003E
___fldiv@sign                    cstackCOMRAM 000042
___fleq                          text31       00683C
___fleq@ff1                      cstackCOMRAM 000001
___fleq@ff2                      cstackCOMRAM 000005
___flge                          text53       006408
___flge@ff1                      cstackCOMRAM 000032
___flge@ff2                      cstackCOMRAM 000036
___flmul                         text65       0046DA
___flmul@a                       cstackCOMRAM 000015
___flmul@aexp                    cstackCOMRAM 00001E
___flmul@b                       cstackCOMRAM 000011
___flmul@bexp                    cstackCOMRAM 00001F
___flmul@grs                     cstackCOMRAM 000020
___flmul@prod                    cstackCOMRAM 000024
___flmul@sign                    cstackCOMRAM 00001D
___flmul@temp                    cstackCOMRAM 000028
___flneg                         text56       006FA6
___flneg@f1                      cstackCOMRAM 000001
___flsub                         text58       006D5C
___flsub@a                       cstackCOMRAM 00002E
___flsub@b                       cstackCOMRAM 00002A
___fltol                         text60       0065A4
___fltol@exp1                    cstackCOMRAM 00007D
___fltol@f1                      cstackBANK0  0000CA
___fltol@sign1                   cstackCOMRAM 00007C
___fpclassifyf                   text30       0064D8
___fpclassifyf@F463              bssBANK2     00020C
___fpclassifyf@e                 cstackCOMRAM 000009
___fpclassifyf@u                 cstackCOMRAM 00000B
___fpclassifyf@x                 cstackCOMRAM 000001
___inthi_sp                      stack        000000
___intlo_sp                      stack        000000
___param_bank                    (abs)        000000
___rparam_used                   (abs)        000001
___sp                            stack        000000
___wmul                          text45       00702C
___wmul@multiplicand             cstackCOMRAM 000003
___wmul@multiplier               cstackCOMRAM 000001
___wmul@product                  cstackCOMRAM 000005
___xxtofl                        text64       005D58
___xxtofl@arg                    cstackCOMRAM 00000B
___xxtofl@exp                    cstackCOMRAM 00000A
___xxtofl@sign                   cstackCOMRAM 000009
___xxtofl@val                    cstackCOMRAM 000001
__accesstop                      (abs)        000080
__activetblptr                   (abs)        000002
__end_of_ADC_Initialize          text11       0070D4
__end_of_ADC_Read                text63       006408
__end_of_Cmd                     text9        006F18
__end_of_Data                    text8        006EE8
__end_of_Hi_ISR                  intcode_body 0057BE
__end_of_INTERRUPT_Initialize    text10       007104
__end_of_L1                      smallconst   00065D
__end_of_L2                      smallconst   000659
__end_of_L3                      smallconst   000655
__end_of_L4                      smallconst   000651
__end_of_L5                      smallconst   00064D
__end_of_L6                      smallconst   000649
__end_of_LCD_clear               text61       0070F0
__end_of_LCD_init                text6        0069C6
__end_of_Lg1                     smallconst   000679
__end_of_Lg2                     smallconst   000675
__end_of_Lg3                     smallconst   000671
__end_of_Lg4                     smallconst   00066D
__end_of_Lo_ISR                  intcodelo    000058
__end_of_MQGetGasPercentage      text48       005AD0
__end_of_MQGetPercentage         text49       006330
__end_of_MQ_Read                 text47       005414
__end_of_MyusartRead             text13       006D16
__end_of_OSCILLATOR_Initialize   text5        0070F8
__end_of_P1                      smallconst   000645
__end_of_P2                      smallconst   000641
__end_of_P3                      smallconst   00063D
__end_of_P4                      smallconst   000639
__end_of_P5                      smallconst   000635
__end_of_PIN_MANAGER_Initialize  text4        0070C2
__end_of_SYSTEM_Initialize       text1        007092
__end_of_Send2Lcd                text7        006B16
__end_of_TMR1_Initialize         text3        0070AE
__end_of_UART_Write              text15       0070E2
__end_of___aodiv                 text41       005C18
__end_of___aomod                 text40       00621A
__end_of___awdiv                 text32       00694A
__end_of___awmod                 text14       006A38
__end_of___fladd                 text59       004D38
__end_of___fldiv                 text66       004FC0
__end_of___fleq                  text31       0068C6
__end_of___flge                  text53       0064D8
__end_of___flmul                 text65       004A2C
__end_of___flneg                 text56       006FD4
__end_of___flsub                 text58       006DA2
__end_of___fltol                 text60       006660
__end_of___fpclassifyf           text30       0065A4
__end_of___wmul                  text45       007052
__end_of___xxtofl                text64       005E98
__end_of__initialization         cinit        006D4E
__end_of_abs                     text39       006EB8
__end_of_atoi                    text42       005D58
__end_of_bp                      smallconst   000689
__end_of_buzzer_init             text2        007106
__end_of_cp                      smallconst   000621
__end_of_cp_h                    smallconst   000695
__end_of_cp_l                    smallconst   000691
__end_of_dp_h                    smallconst   000611
__end_of_dp_l                    smallconst   000609
__end_of_dtoa                    text33       005206
__end_of_efgtoa                  text24       0036F0
__end_of_fabsf                   text55       006E86
__end_of_floorf                  text29       005974
__end_of_fputc                   text37       0067A2
__end_of_fputs                   text36       006E52
__end_of_huge                    smallconst   000665
__end_of_isdigit                 text44       006F78
__end_of_isspace                 text43       006DE0
__end_of_isupper                 text27       006F48
__end_of_ivln2                   smallconst   00061D
__end_of_ivln2_h                 smallconst   00068D
__end_of_ivln2_l                 smallconst   000619
__end_of_lg2                     smallconst   000631
__end_of_lg2_h                   smallconst   00062D
__end_of_lg2_l                   smallconst   000629
__end_of_ln2_hi                  smallconst   000681
__end_of_ln2_lo                  smallconst   00067D
__end_of_logf                    text57       003DE2
__end_of_main                    text0        0070FE
__end_of_memset                  text46       005FCA
__end_of_nanf                    text52       007074
__end_of_ovt                     smallconst   000625
__end_of_pad                     text34       00683C
__end_of_powf                    text50       002D38
__end_of_putch                   text38       007108
__end_of_scalbnf                 text54       0055FA
__end_of_sprintf                 text19       006C2E
__end_of_sqrtf                   text51       0046DA
__end_of_stoa                    text23       0060F6
__end_of_strcpy                  text28       006C80
__end_of_strlen                  text35       00702C
__end_of_strncmp                 text22       006702
__end_of_tiny                    smallconst   000661
__end_of_tolower                 text26       006CCC
__end_of_two24                   smallconst   000669
__end_of_vfpfcnvrt               text21       0042B4
__end_of_vfprintf                text20       006BDA
__end_ofi2_Cmd                   text62       007002
__end_ofi2_Data                  text18       006FA6
__end_ofi2_Send2Lcd              text17       006B7C
__end_ofi2___awmod               text25       006AA8
__end_ofsqrtf@tiny               smallconst   000615
__initialization                 cinit        006D16
__mediumconst                    mediumconst  000000
__pbssBANK2                      bssBANK2     000200
__pbssBANK3                      bssBANK3     000300
__pcinit                         cinit        006D16
__pcstackBANK0                   cstackBANK0  000080
__pcstackBANK1                   cstackBANK1  000100
__pcstackBANK2                   cstackBANK2  0002CB
__pcstackBANK3                   cstackBANK3  000364
__pcstackCOMRAM                  cstackCOMRAM 000001
__pdataBANK2                     dataBANK2    000292
__pidataBANK2                    idataBANK2   006DE0
__pintcode                       intcode      000008
__pintcode_body                  intcode_body 0055FA
__pintcodelo                     intcodelo    000018
__psmallconst                    smallconst   000600
__ptext0                         text0        0070F8
__ptext1                         text1        007074
__ptext10                        text10       0070FE
__ptext11                        text11       0070C2
__ptext13                        text13       006CCC
__ptext14                        text14       0069C6
__ptext15                        text15       0070D4
__ptext17                        text17       006B16
__ptext18                        text18       006F78
__ptext19                        text19       006BDA
__ptext2                         text2        007104
__ptext20                        text20       006B7C
__ptext21                        text21       003DE2
__ptext22                        text22       006660
__ptext23                        text23       005FCA
__ptext24                        text24       002D38
__ptext25                        text25       006A38
__ptext26                        text26       006C80
__ptext27                        text27       006F18
__ptext28                        text28       006C2E
__ptext29                        text29       0057BE
__ptext3                         text3        007092
__ptext30                        text30       0064D8
__ptext31                        text31       00683C
__ptext32                        text32       0068C6
__ptext33                        text33       004FC0
__ptext34                        text34       0067A2
__ptext35                        text35       007002
__ptext36                        text36       006E1A
__ptext37                        text37       006702
__ptext38                        text38       007106
__ptext39                        text39       006E86
__ptext4                         text4        0070AE
__ptext40                        text40       0060F6
__ptext41                        text41       005AD0
__ptext42                        text42       005C18
__ptext43                        text43       006DA2
__ptext44                        text44       006F48
__ptext45                        text45       00702C
__ptext46                        text46       005E98
__ptext47                        text47       005206
__ptext48                        text48       005974
__ptext49                        text49       00621A
__ptext5                         text5        0070F0
__ptext50                        text50       0006CC
__ptext51                        text51       0042B4
__ptext52                        text52       007052
__ptext53                        text53       006408
__ptext54                        text54       005414
__ptext55                        text55       006E52
__ptext56                        text56       006FA6
__ptext57                        text57       0036F0
__ptext58                        text58       006D5C
__ptext59                        text59       004A2C
__ptext6                         text6        00694A
__ptext60                        text60       0065A4
__ptext61                        text61       0070E2
__ptext62                        text62       006FD4
__ptext63                        text63       006330
__ptext64                        text64       005D58
__ptext65                        text65       0046DA
__ptext66                        text66       004D38
__ptext7                         text7        006AA8
__ptext8                         text8        006EB8
__ptext9                         text9        006EE8
__ramtop                         ramtop       000600
__size_of_ADC_Initialize         (abs)        000000
__size_of_ADC_Read               (abs)        000000
__size_of_Cmd                    (abs)        000000
__size_of_Data                   (abs)        000000
__size_of_Hi_ISR                 (abs)        000000
__size_of_INTERRUPT_Initialize   (abs)        000000
__size_of_LCD_clear              (abs)        000000
__size_of_LCD_init               (abs)        000000
__size_of_Lo_ISR                 (abs)        000000
__size_of_MQGetGasPercentage     (abs)        000000
__size_of_MQGetPercentage        (abs)        000000
__size_of_MQ_Read                (abs)        000000
__size_of_MyusartRead            (abs)        000000
__size_of_OSCILLATOR_Initialize  (abs)        000000
__size_of_PIN_MANAGER_Initialize (abs)        000000
__size_of_SYSTEM_Initialize      (abs)        000000
__size_of_Send2Lcd               (abs)        000000
__size_of_TMR1_Initialize        (abs)        000000
__size_of_UART_Write             (abs)        000000
__size_of___aodiv                (abs)        000000
__size_of___aomod                (abs)        000000
__size_of___awdiv                (abs)        000000
__size_of___awmod                (abs)        000000
__size_of___fladd                (abs)        000000
__size_of___fldiv                (abs)        000000
__size_of___fleq                 (abs)        000000
__size_of___flge                 (abs)        000000
__size_of___flmul                (abs)        000000
__size_of___flneg                (abs)        000000
__size_of___flsub                (abs)        000000
__size_of___fltol                (abs)        000000
__size_of___fpclassifyf          (abs)        000000
__size_of___wmul                 (abs)        000000
__size_of___xxtofl               (abs)        000000
__size_of_abs                    (abs)        000000
__size_of_atoi                   (abs)        000000
__size_of_buzzer_init            (abs)        000000
__size_of_dtoa                   (abs)        000000
__size_of_efgtoa                 (abs)        000000
__size_of_fabsf                  (abs)        000000
__size_of_floorf                 (abs)        000000
__size_of_fputc                  (abs)        000000
__size_of_fputs                  (abs)        000000
__size_of_isdigit                (abs)        000000
__size_of_isspace                (abs)        000000
__size_of_isupper                (abs)        000000
__size_of_logf                   (abs)        000000
__size_of_main                   (abs)        000000
__size_of_memset                 (abs)        000000
__size_of_nanf                   (abs)        000000
__size_of_pad                    (abs)        000000
__size_of_powf                   (abs)        000000
__size_of_putch                  (abs)        000000
__size_of_scalbnf                (abs)        000000
__size_of_sprintf                (abs)        000000
__size_of_sqrtf                  (abs)        000000
__size_of_stoa                   (abs)        000000
__size_of_strcpy                 (abs)        000000
__size_of_strlen                 (abs)        000000
__size_of_strncmp                (abs)        000000
__size_of_tolower                (abs)        000000
__size_of_vfpfcnvrt              (abs)        000000
__size_of_vfprintf               (abs)        000000
__size_ofi2_Cmd                  (abs)        000000
__size_ofi2_Data                 (abs)        000000
__size_ofi2_Send2Lcd             (abs)        000000
__size_ofi2___awmod              (abs)        000000
__smallconst                     smallconst   000600
_abs                             text39       006E86
_atoi                            text42       005C18
_atoi$1518                       cstackCOMRAM 000010
_atoi$1519                       cstackCOMRAM 000014
_atoi$1520                       cstackCOMRAM 000012
_bp                              smallconst   000681
_buzzer_init                     text2        007104
_co                              bssBANK2     000214
_count                           bssBANK2     000228
_cycle                           dataBANK2    00029D
_dbuf                            bssBANK2     00022C
_dp_h                            smallconst   000609
_dp_l                            smallconst   000601
_dtoa                            text33       004FC0
_dtoa$979                        cstackCOMRAM 00002E
_efgtoa                          text24       002D38
_efgtoa$1003                     cstackBANK1  0001C0
_efgtoa$1004                     cstackBANK1  0001C2
_efgtoa$1008                     cstackBANK1  0001C4
_efgtoa$1012                     cstackBANK1  0001C6
_efgtoa$1013                     cstackBANK1  0001C8
_efgtoa$1014                     cstackBANK1  0001CA
_errno                           bssBANK2     00021C
_fabsf                           text55       006E52
_flags                           bssBANK2     000224
_floorf                          text29       0057BE
_fputc                           text37       006702
_fputs                           text36       006E1A
_isdigit                         text44       006F48
_isspace                         text43       006DA2
_isspace$1549                    cstackCOMRAM 000007
_isupper                         text27       006F18
_lenStr                          bssBANK2     00022A
_logf                            text57       0036F0
_logf$2064                       cstackBANK0  0000B2
_logf$2065                       cstackBANK0  00008C
_logf$2066                       cstackBANK0  000090
_logf$2067                       cstackBANK0  000094
_logf$2068                       cstackBANK0  000098
_lpg                             bssBANK2     000218
_main                            text0        0070F8
_memset                          text46       005E98
_mystring                        bssBANK2     000288
_nanf                            text52       007052
_nout                            bssBANK2     00021E
_pad                             text34       0067A2
_powf                            text50       0006CC
_powf$2069                       cstackBANK1  0001A4
_powf$2070                       cstackBANK1  000158
_powf$2071                       cstackBANK1  000148
_powf$2072                       cstackBANK1  000198
_powf$2073                       cstackBANK1  000138
_powf$2074                       cstackBANK1  000100
_powf$2075                       cstackBANK1  000104
_powf$2076                       cstackBANK1  00015C
_powf$2077                       cstackBANK1  00013C
_powf$2078                       cstackBANK1  000140
_powf$2079                       cstackBANK1  000108
_powf$2080                       cstackBANK1  00010C
_powf$2081                       cstackBANK1  000110
_powf$2082                       cstackBANK1  000114
_powf$2083                       cstackBANK1  000118
_prec                            bssBANK2     000222
_putch                           text38       007106
_r                               bssBANK3     000300
_scalbnf                         text54       005414
_smoke                           bssBANK2     000210
_sprintf                         text19       006BDA
_sqrtf                           text51       0042B4
_stoa                            text23       005FCA
_strcpy                          text28       006C2E
_strlen                          text35       007002
_strncmp                         text22       006660
_timer_val                       dataBANK2    0002A5
_tolower                         text26       006C80
_tolower$1787                    cstackCOMRAM 00000D
_value                           bssBANK2     00027C
_vfpfcnvrt                       text21       003DE2
_vfpfcnvrt$1039                  cstackBANK0  0000EE
_vfpfcnvrt$1044                  cstackBANK0  0000F0
_vfprintf                        text20       006B7C
_width                           bssBANK2     000220
abs@a                            cstackCOMRAM 000013
atoi@n                           cstackCOMRAM 000015
atoi@neg                         cstackCOMRAM 00000E
atoi@s                           cstackCOMRAM 000008
btemp                            temp         00007E
dtoa@d                           cstackCOMRAM 00001E
dtoa@fp                          cstackCOMRAM 00001C
dtoa@i                           cstackCOMRAM 00003E
dtoa@n                           cstackCOMRAM 000036
dtoa@p                           cstackCOMRAM 000030
dtoa@s                           cstackCOMRAM 000034
dtoa@w                           cstackCOMRAM 000032
efgtoa@c                         cstackBANK0  0000D4
efgtoa@d                         cstackBANK1  0001D4
efgtoa@e                         cstackBANK1  0001EC
efgtoa@f                         cstackBANK0  0000D0
efgtoa@fp                        cstackBANK0  0000CE
efgtoa@g                         cstackBANK1  0001E6
efgtoa@h                         cstackBANK1  0001DE
efgtoa@i                         cstackBANK1  0001EA
efgtoa@l                         cstackBANK1  0001E2
efgtoa@m                         cstackBANK1  0001D0
efgtoa@mode                      cstackBANK1  0001DD
efgtoa@n                         cstackBANK1  0001EE
efgtoa@ne                        cstackBANK1  0001D2
efgtoa@nmode                     cstackBANK1  0001DA
efgtoa@ou                        cstackBANK1  0001BC
efgtoa@p                         cstackBANK1  0001D8
efgtoa@pp                        cstackBANK1  0001CE
efgtoa@sign                      cstackBANK1  0001D6
efgtoa@t                         cstackBANK1  0001CC
efgtoa@u                         cstackBANK1  0001F0
efgtoa@w                         cstackBANK1  0001DB
end_of_initialization            cinit        006D4E
fabsf@F463                       bssBANK2     000200
fabsf@u                          cstackCOMRAM 000005
fabsf@x                          cstackCOMRAM 000001
floorf@F524                      bssBANK2     000208
floorf@e                         cstackCOMRAM 000059
floorf@m                         cstackCOMRAM 000055
floorf@u                         cstackCOMRAM 00005B
floorf@x                         cstackCOMRAM 00004B
fputc@c                          cstackCOMRAM 000001
fputc@fp                         cstackCOMRAM 000003
fputs@c                          cstackCOMRAM 00000E
fputs@fp                         cstackCOMRAM 00000C
fputs@i                          cstackCOMRAM 00000F
fputs@s                          cstackCOMRAM 00000A
i2Cmd@Value                      cstackCOMRAM 000001
i2Data@Value                     cstackCOMRAM 000001
i2Send2Lcd@Adr                   cstackCOMRAM 000007
i2Send2Lcd@Lcd                   cstackCOMRAM 000004
i2_Cmd                           text62       006FD4
i2_Data                          text18       006F78
i2_Send2Lcd                      text17       006B16
i2___awmod                       text25       006A38
i2___awmod@counter               cstackCOMRAM 000005
i2___awmod@dividend              cstackCOMRAM 000001
i2___awmod@divisor               cstackCOMRAM 000003
i2___awmod@sign                  cstackCOMRAM 000006
int$flags                        temp         00007E
int_func                         intcode_body 0055FA
intlevel0                        text         000000
intlevel1                        text         000000
intlevel2                        text         000000
intlevel3                        text         000000
isdigit@c                        cstackCOMRAM 000001
isspace@c                        cstackCOMRAM 000001
isupper@c                        cstackCOMRAM 000001
logf@F469                        bssBANK2     000204
logf@R                           cstackBANK0  000080
logf@dk                          cstackBANK0  0000A2
logf@f                           cstackBANK0  0000BA
logf@hfsq                        cstackBANK0  00009E
logf@ix                          cstackBANK0  0000BE
logf@k                           cstackBANK0  00009C
logf@s                           cstackBANK0  0000A6
logf@t1                          cstackBANK0  000084
logf@t2                          cstackBANK0  000088
logf@u                           cstackBANK0  0000B6
logf@w                           cstackBANK0  0000AE
logf@x                           cstackCOMRAM 00004B
logf@z                           cstackBANK0  0000AA
memset@c                         cstackCOMRAM 000003
memset@dest                      cstackCOMRAM 000001
memset@k                         cstackCOMRAM 000009
memset@n                         cstackCOMRAM 000005
memset@s                         cstackCOMRAM 00000B
nanf@s                           cstackCOMRAM 000001
nanf@u                           cstackCOMRAM 000005
pad@buf                          cstackCOMRAM 000013
pad@fp                           cstackCOMRAM 000011
pad@i                            cstackCOMRAM 000018
pad@p                            cstackCOMRAM 000015
pad@w                            cstackCOMRAM 00001A
powf@__xc8_float_word            cstackBANK1  0001B8
powf@ax                          cstackBANK1  000170
powf@hx                          cstackBANK1  000160
powf@hy                          cstackBANK1  00017C
powf@i                           cstackBANK1  00012C
powf@is                          cstackBANK1  000194
powf@ix                          cstackBANK1  0001A8
powf@iy                          cstackBANK1  000190
powf@j                           cstackBANK1  0001AC
powf@k                           cstackBANK1  0001A0
powf@n                           cstackBANK1  000188
powf@p_h                         cstackBANK1  00019C
powf@p_l                         cstackBANK1  000164
powf@r                           cstackBANK1  00014C
powf@s                           cstackBANK1  000154
powf@s2                          cstackBANK1  00018C
powf@s_h                         cstackBANK1  00016C
powf@s_l                         cstackBANK1  000130
powf@sn                          cstackBANK1  000184
powf@t                           cstackBANK1  0001B0
powf@t1                          cstackBANK1  000180
powf@t2                          cstackBANK1  00011C
powf@t_h                         cstackBANK1  000168
powf@t_l                         cstackBANK1  000134
powf@u                           cstackBANK1  000174
powf@v                           cstackBANK1  000178
powf@w                           cstackBANK1  000144
powf@x                           cstackBANK0  0000C2
powf@y                           cstackBANK0  0000C6
powf@y1                          cstackBANK1  000128
powf@yisint                      cstackBANK1  000150
powf@z                           cstackBANK1  0001B4
powf@z_h                         cstackBANK1  000120
powf@z_l                         cstackBANK1  000124
scalbnf@n                        cstackCOMRAM 00002E
scalbnf@u                        cstackCOMRAM 000034
scalbnf@x                        cstackCOMRAM 00002A
scalbnf@y                        cstackCOMRAM 000038
sprintf@ap                       cstackBANK2  0002D9
sprintf@f                        cstackBANK2  0002DB
sprintf@fmt                      cstackBANK2  0002CD
sprintf@s                        cstackBANK2  0002CB
sqrtf@__xc8_float_word           cstackCOMRAM 000053
sqrtf@i                          cstackCOMRAM 00004F
sqrtf@ix                         cstackCOMRAM 00006B
sqrtf@m                          cstackCOMRAM 000063
sqrtf@q                          cstackCOMRAM 000057
sqrtf@r                          cstackCOMRAM 000067
sqrtf@s                          cstackCOMRAM 00004B
sqrtf@t                          cstackCOMRAM 00005B
sqrtf@x                          cstackCOMRAM 00003E
sqrtf@z                          cstackCOMRAM 00005F
stackhi                          (abs)        0005FF
stacklo                          (abs)        000377
start                            init         000058
start_initialization             cinit        006D16
stoa@F1161                       dataBANK2    000292
stoa@cp                          cstackCOMRAM 00001A
stoa@fp                          cstackCOMRAM 00000A
stoa@i                           cstackCOMRAM 000016
stoa@l                           cstackCOMRAM 00001E
stoa@nuls                        cstackCOMRAM 00000F
stoa@p                           cstackCOMRAM 00001C
stoa@s                           cstackCOMRAM 00000C
stoa@w                           cstackCOMRAM 000018
strcpy@d                         cstackCOMRAM 000009
strcpy@dest                      cstackCOMRAM 000001
strcpy@s                         cstackCOMRAM 000007
strcpy@src                       cstackCOMRAM 000003
strlen@a                         cstackCOMRAM 000003
strlen@s                         cstackCOMRAM 000001
strncmp@_l                       cstackCOMRAM 000001
strncmp@_r                       cstackCOMRAM 000003
strncmp@l                        cstackCOMRAM 000008
strncmp@n                        cstackCOMRAM 000005
strncmp@r                        cstackCOMRAM 00000A
tolower@c                        cstackCOMRAM 000007
ttemp5                           temp         00007F
ttemp6                           temp         000082
ttemp7                           temp         000086
vfpfcnvrt@ap                     cstackBANK0  0000DE
vfpfcnvrt@c                      cstackBANK0  0000F2
vfpfcnvrt@cp                     cstackBANK0  0000EC
vfpfcnvrt@ct                     cstackBANK0  0000F7
vfpfcnvrt@f                      cstackBANK0  0000F3
vfpfcnvrt@fmt                    cstackBANK0  0000DC
vfpfcnvrt@fp                     cstackBANK0  0000DA
vfpfcnvrt@ll                     cstackBANK0  0000E4
vfprintf@ap                      cstackBANK1  0001F8
vfprintf@cfmt                    cstackBANK0  0000FA
vfprintf@fmt                     cstackBANK1  0001F6
vfprintf@fp                      cstackBANK1  0001F4
wtemp8                           temp         00007F


FUNCTION INFORMATION:

 *************** function _main *****************
 Defined at:
		line 13 in file "main.c"
 Parameters:    Size  Location     Type
		None
 Auto vars:     Size  Location     Type
		None
 Return value:  Size  Location     Type
                  1    wreg      void 
 Registers used:
		wreg, fsr1l, fsr1h, status,2, status,0, tblptrl, tblptrh, tblptru, cstack
 Tracked objects:
		On entry : 
		On exit  : 
		Unchanged: 
 Data sizes:     COMRAM   BANK0   BANK1   BANK2   BANK3   BANK4   BANK5
      Params:         0       0       0       0       0       0       0
      Locals:         0       0       0       0       0       0       0
      Temps:          0       0       0       0       0       0       0
      Totals:         0       0       0       0       0       0       0
Total ram usage:        0 bytes
 Hardware stack levels required when called:   16
 This function calls:
		_SYSTEM_Initialize
 This function is called by:
		Startup code after reset
 This function uses a non-reentrant model


 *************** function _SYSTEM_Initialize *****************
 Defined at:
		line 73 in file "setting_hardaware/setting.c"
 Parameters:    Size  Location     Type
		None
 Auto vars:     Size  Location     Type
		None
 Return value:  Size  Location     Type
                  1    wreg      void 
 Registers used:
		wreg, fsr1l, fsr1h, status,2, status,0, tblptrl, tblptrh, tblptru, cstack
 Tracked objects:
		On entry : 
		On exit  : 
		Unchanged: 
 Data sizes:     COMRAM   BANK0   BANK1   BANK2   BANK3   BANK4   BANK5
      Params:         0       0       0       0       0       0       0
      Locals:         0       0       0       0       0       0       0
      Temps:          0       0       0       0       0       0       0
      Totals:         0       0       0       0       0       0       0
Total ram usage:        0 bytes
 Hardware stack levels used:    1
 Hardware stack levels required when called:   15
 This function calls:
		_ADC_Initialize
		_INTERRUPT_Initialize
		_LCD_init
		_OSCILLATOR_Initialize
		_PIN_MANAGER_Initialize
		_TMR1_Initialize
		_buzzer_init
 This function is called by:
		_main
 This function uses a non-reentrant model


 *************** function _buzzer_init *****************
 Defined at:
		line 19 in file "setting_hardaware/buzzer.c"
 Parameters:    Size  Location     Type
		None
 Auto vars:     Size  Location     Type
		None
 Return value:  Size  Location     Type
                  1    wreg      void 
 Registers used:
		None
 Tracked objects:
		On entry : 
		On exit  : 
		Unchanged: 
 Data sizes:     COMRAM   BANK0   BANK1   BANK2   BANK3   BANK4   BANK5
      Params:         0       0       0       0       0       0       0
      Locals:         0       0       0       0       0       0       0
      Temps:          0       0       0       0       0       0       0
      Totals:         0       0       0       0       0       0       0
Total ram usage:        0 bytes
 Hardware stack levels used:    1
 Hardware stack levels required when called:   12
 This function calls:
		Nothing
 This function is called by:
		_SYSTEM_Initialize
 This function uses a non-reentrant model


 *************** function _TMR1_Initialize *****************
 Defined at:
		line 62 in file "setting_hardaware/setting.c"
 Parameters:    Size  Location     Type
		None
 Auto vars:     Size  Location     Type
		None
 Return value:  Size  Location     Type
                  1    wreg      void 
 Registers used:
		wreg, status,2
 Tracked objects:
		On entry : 
		On exit  : 
		Unchanged: 
 Data sizes:     COMRAM   BANK0   BANK1   BANK2   BANK3   BANK4   BANK5
      Params:         0       0       0       0       0       0       0
      Locals:         0       0       0       0       0       0       0
      Temps:          0       0       0       0       0       0       0
      Totals:         0       0       0       0       0       0       0
Total ram usage:        0 bytes
 Hardware stack levels used:    1
 Hardware stack levels required when called:   12
 This function calls:
		Nothing
 This function is called by:
		_SYSTEM_Initialize
 This function uses a non-reentrant model


 *************** function _PIN_MANAGER_Initialize *****************
 Defined at:
		line 12 in file "setting_hardaware/pin_manager.c"
 Parameters:    Size  Location     Type
		None
 Auto vars:     Size  Location     Type
		None
 Return value:  Size  Location     Type
                  1    wreg      void 
 Registers used:
		wreg, status,2
 Tracked objects:
		On entry : 
		On exit  : 
		Unchanged: 
 Data sizes:     COMRAM   BANK0   BANK1   BANK2   BANK3   BANK4   BANK5
      Params:         0       0       0       0       0       0       0
      Locals:         0       0       0       0       0       0       0
      Temps:          0       0       0       0       0       0       0
      Totals:         0       0       0       0       0       0       0
Total ram usage:        0 bytes
 Hardware stack levels used:    1
 Hardware stack levels required when called:   12
 This function calls:
		Nothing
 This function is called by:
		_SYSTEM_Initialize
 This function uses a non-reentrant model


 *************** function _OSCILLATOR_Initialize *****************
 Defined at:
		line 84 in file "setting_hardaware/setting.c"
 Parameters:    Size  Location     Type
		None
 Auto vars:     Size  Location     Type
		None
 Return value:  Size  Location     Type
                  1    wreg      void 
 Registers used:
		None
 Tracked objects:
		On entry : 
		On exit  : 
		Unchanged: 
 Data sizes:     COMRAM   BANK0   BANK1   BANK2   BANK3   BANK4   BANK5
      Params:         0       0       0       0       0       0       0
      Locals:         0       0       0       0       0       0       0
      Temps:          0       0       0       0       0       0       0
[...]
		line 43 in file "C:\Program Files (x86)\Microchip\xc8\v2.10\pic\sources\c99\common\fltol.c"
 Parameters:    Size  Location     Type
  f1              4   74[BANK0 ] unsigned char 
 Auto vars:     Size  Location     Type
  exp1            1  124[COMRAM] unsigned char 
  sign1           1  123[COMRAM] unsigned char 
 Return value:  Size  Location     Type
                  4   74[BANK0 ] long 
 Registers used:
		wreg, status,2, status,0
 Tracked objects:
		On entry : 
		On exit  : 
		Unchanged: 
 Data sizes:     COMRAM   BANK0   BANK1   BANK2   BANK3   BANK4   BANK5
      Params:         0       4       0       0       0       0       0
      Locals:         2       0       0       0       0       0       0
      Temps:          4       0       0       0       0       0       0
      Totals:         6       4       0       0       0       0       0
Total ram usage:       10 bytes
 Hardware stack levels used:    1
 This function calls:
		Nothing
 This function is called by:
		_MQGetPercentage
		_Hi_ISR
		_efgtoa
 This function uses a non-reentrant model


 *************** function _LCD_clear *****************
 Defined at:
		line 51 in file "setting_hardaware/LCD.c"
 Parameters:    Size  Location     Type
		None
 Auto vars:     Size  Location     Type
		None
 Return value:  Size  Location     Type
                  1    wreg      void 
 Registers used:
		wreg, status,2, cstack
 Tracked objects:
		On entry : 
		On exit  : 
		Unchanged: 
 Data sizes:     COMRAM   BANK0   BANK1   BANK2   BANK3   BANK4   BANK5
      Params:         0       0       0       0       0       0       0
      Locals:         0       0       0       0       0       0       0
      Temps:          0       0       0       0       0       0       0
      Totals:         0       0       0       0       0       0       0
Total ram usage:        0 bytes
 Hardware stack levels used:    1
 Hardware stack levels required when called:    1
 This function calls:
		i2_Cmd
 This function is called by:
		_Hi_ISR
 This function uses a non-reentrant model


 *************** function i2_Cmd *****************
 Defined at:
		line 15 in file "setting_hardaware/LCD.c"
 Parameters:    Size  Location     Type
  Value           2    0[COMRAM] int 
 Auto vars:     Size  Location     Type
		None
 Return value:  Size  Location     Type
                  1    wreg      void 
 Registers used:
		wreg
 Tracked objects:
		On entry : 
		On exit  : 
		Unchanged: 
 Data sizes:     COMRAM   BANK0   BANK1   BANK2   BANK3   BANK4   BANK5
      Params:         2       0       0       0       0       0       0
      Locals:         0       0       0       0       0       0       0
      Temps:          1       0       0       0       0       0       0
      Totals:         3       0       0       0       0       0       0
Total ram usage:        3 bytes
 Hardware stack levels used:    1
 This function calls:
		Nothing
 This function is called by:
		_LCD_clear
		i2_Send2Lcd
 This function uses a non-reentrant model


 *************** function _ADC_Read *****************
 Defined at:
		line 67 in file "setting_hardaware/adc.c"
 Parameters:    Size  Location     Type
  channel         2   74[COMRAM] int 
 Auto vars:     Size  Location     Type
  result          4   85[COMRAM] int 
  digital         2   83[COMRAM] int 
 Return value:  Size  Location     Type
                  4   74[COMRAM] int 
 Registers used:
		wreg, status,2, status,0, prodl, prodh, cstack
 Tracked objects:
		On entry : 
		On exit  : 
		Unchanged: 
 Data sizes:     COMRAM   BANK0   BANK1   BANK2   BANK3   BANK4   BANK5
      Params:         4       0       0       0       0       0       0
      Locals:        10       0       0       0       0       0       0
      Temps:          1       0       0       0       0       0       0
      Totals:        15       0       0       0       0       0       0
Total ram usage:       15 bytes
 Hardware stack levels used:    1
 Hardware stack levels required when called:    1
 This function calls:
		___fldiv
		___flmul
		___xxtofl
 This function is called by:
		_Hi_ISR
 This function uses a non-reentrant model


 *************** function ___xxtofl *****************
 Defined at:
		line 10 in file "C:\Program Files (x86)\Microchip\xc8\v2.10\pic\sources\c99\common\xxtofl.c"
 Parameters:    Size  Location     Type
  sign            1    wreg     unsigned char 
  val             4    0[COMRAM] long 
 Auto vars:     Size  Location     Type
  sign            1    8[COMRAM] unsigned char 
  arg             4   10[COMRAM] unsigned long 
  exp             1    9[COMRAM] unsigned char 
 Return value:  Size  Location     Type
                  4    0[COMRAM] unsigned char 
 Registers used:
		wreg, status,2, status,0
 Tracked objects:
		On entry : 
		On exit  : 
		Unchanged: 
 Data sizes:     COMRAM   BANK0   BANK1   BANK2   BANK3   BANK4   BANK5
      Params:         4       0       0       0       0       0       0
      Locals:         6       0       0       0       0       0       0
      Temps:          4       0       0       0       0       0       0
      Totals:        14       0       0       0       0       0       0
Total ram usage:       14 bytes
 Hardware stack levels used:    1
 This function calls:
		Nothing
 This function is called by:
		_MQGetGasPercentage
		_MQ_Read
		_ADC_Read
		_logf
		_powf
 This function uses a non-reentrant model


 *************** function ___flmul *****************
 Defined at:
		line 8 in file "C:\Program Files (x86)\Microchip\xc8\v2.10\pic\sources\c99\common\sprcmul.c"
 Parameters:    Size  Location     Type
  b               4   16[COMRAM] unsigned char 
  a               4   20[COMRAM] unsigned char 
 Auto vars:     Size  Location     Type
  prod            4   35[COMRAM] struct .
  grs             4   31[COMRAM] unsigned long 
  temp            2   39[COMRAM] struct .
  bexp            1   30[COMRAM] unsigned char 
  aexp            1   29[COMRAM] unsigned char 
  sign            1   28[COMRAM] unsigned char 
 Return value:  Size  Location     Type
                  4   16[COMRAM] unsigned char 
 Registers used:
		wreg, status,2, status,0, prodl, prodh
 Tracked objects:
		On entry : 
		On exit  : 
		Unchanged: 
 Data sizes:     COMRAM   BANK0   BANK1   BANK2   BANK3   BANK4   BANK5
      Params:         8       0       0       0       0       0       0
      Locals:        13       0       0       0       0       0       0
      Temps:          4       0       0       0       0       0       0
      Totals:        25       0       0       0       0       0       0
Total ram usage:       25 bytes
 Hardware stack levels used:    1
 This function calls:
		Nothing
 This function is called by:
		_MQ_Read
		_ADC_Read
		_efgtoa
		_logf
		_powf
		_scalbnf
		_sqrtf
 This function uses a non-reentrant model


 *************** function ___fldiv *****************
 Defined at:
		line 11 in file "C:\Program Files (x86)\Microchip\xc8\v2.10\pic\sources\c99\common\sprcdiv.c"
 Parameters:    Size  Location     Type
  b               4   49[COMRAM] unsigned char 
  a               4   53[COMRAM] unsigned char 
 Auto vars:     Size  Location     Type
  grs             4   68[COMRAM] unsigned long 
  rem             4   61[COMRAM] unsigned long 
  new_exp         2   66[COMRAM] short 
  aexp            1   73[COMRAM] unsigned char 
  bexp            1   72[COMRAM] unsigned char 
  sign            1   65[COMRAM] unsigned char 
 Return value:  Size  Location     Type
                  4   49[COMRAM] unsigned char 
 Registers used:
		wreg, status,2, status,0
 Tracked objects:
		On entry : 
		On exit  : 
		Unchanged: 
 Data sizes:     COMRAM   BANK0   BANK1   BANK2   BANK3   BANK4   BANK5
      Params:         8       0       0       0       0       0       0
      Locals:        13       0       0       0       0       0       0
      Temps:          4       0       0       0       0       0       0
      Totals:        25       0       0       0       0       0       0
Total ram usage:       25 bytes
 Hardware stack levels used:    1
 This function calls:
		Nothing
 This function is called by:
		_MQGetPercentage
		_MQ_Read
		_ADC_Read
		_efgtoa
		_logf
		_powf
 This function uses a non-reentrant model



MODULE INFORMATION

Module		Function		Class		Link	Load	Size
C:\Program Files (x86)\Microchip\xc8\v2.10\pic\sources\c99\common\floorf.c
		_floorf        		CODE           	57BE	0000	439

C:\Program Files (x86)\Microchip\xc8\v2.10\pic\sources\c99\common\floorf.c estimated size: 439

C:\Program Files (x86)\Microchip\xc8\v2.10\pic\sources\c99\common\atoi.c
		_atoi          		CODE           	5C18	0000	321

C:\Program Files (x86)\Microchip\xc8\v2.10\pic\sources\c99\common\atoi.c estimated size: 321

C:\Program Files (x86)\Microchip\xc8\v2.10\pic\sources\c99\common\fleq.c
		___fleq        		CODE           	683C	0000	139

C:\Program Files (x86)\Microchip\xc8\v2.10\pic\sources\c99\common\fleq.c estimated size: 139

C:\Program Files (x86)\Microchip\xc8\v2.10\pic\sources\c99\common\aodiv.c
		___aodiv       		CODE           	5AD0	0000	329

C:\Program Files (x86)\Microchip\xc8\v2.10\pic\sources\c99\common\aodiv.c estimated size: 329

setting_hardaware/interrupt_manager.c
		_INTERRUPT_Initialize		CODE           	70FE	0000	7

setting_hardaware/interrupt_manager.c estimated size: 7

C:\Program Files (x86)\Microchip\xc8\v2.10\pic\sources\c99\common\xxtofl.c
		___xxtofl      		CODE           	5D58	0000	321

C:\Program Files (x86)\Microchip\xc8\v2.10\pic\sources\c99\common\xxtofl.c estimated size: 321

C:\Program Files (x86)\Microchip\xc8\v2.10\pic\sources\c99\common\sqrtf.c
		_sqrtf         		CODE           	42B4	0000	1063

C:\Program Files (x86)\Microchip\xc8\v2.10\pic\sources\c99\common\sqrtf.c estimated size: 1063

C:\Program Files (x86)\Microchip\xc8\v2.10\pic\sources\c99\common\awdiv.c
		___awdiv       		CODE           	68C6	0000	133

C:\Program Files (x86)\Microchip\xc8\v2.10\pic\sources\c99\common\awdiv.c estimated size: 133

C:\Program Files (x86)\Microchip\xc8\v2.10\pic\sources\c99\common\isspace.c
		_isspace       		CODE           	6DA2	0000	63

C:\Program Files (x86)\Microchip\xc8\v2.10\pic\sources\c99\common\isspace.c estimated size: 63

C:\Program Files (x86)\Microchip\xc8\v2.10\pic\sources\c99\common\strlen.c
		_strlen        		CODE           	7002	0000	43

C:\Program Files (x86)\Microchip\xc8\v2.10\pic\sources\c99\common\strlen.c estimated size: 43

C:\Program Files (x86)\Microchip\xc8\v2.10\pic\sources\c99\common\fltol.c
		___fltol       		CODE           	65A4	0000	189

C:\Program Files (x86)\Microchip\xc8\v2.10\pic\sources\c99\common\fltol.c estimated size: 189

setting_hardaware/uart.c
		_Lo_ISR        		CODE           	0018	0000	65
		_MyusartRead   		CODE           	6CCC	0000	75
		_UART_Write    		CODE           	70D4	0000	15

setting_hardaware/uart.c estimated size: 155

C:\Program Files (x86)\Microchip\xc8\v2.10\pic\sources\c99\common\strcpy.c
		_strcpy        		CODE           	6C2E	0000	83

C:\Program Files (x86)\Microchip\xc8\v2.10\pic\sources\c99\common\strcpy.c estimated size: 83

C:\Program Files (x86)\Microchip\xc8\v2.10\pic\sources\c99\common\memset.c
		_memset        		CODE           	5E98	0000	307

C:\Program Files (x86)\Microchip\xc8\v2.10\pic\sources\c99\common\memset.c estimated size: 307

C:\Program Files (x86)\Microchip\xc8\v2.10\pic\sources\c99\common\strncmp.c
		_strncmp       		CODE           	6660	0000	163

C:\Program Files (x86)\Microchip\xc8\v2.10\pic\sources\c99\common\strncmp.c estimated size: 163

C:\Program Files (x86)\Microchip\xc8\v2.10\pic\sources\c99\common\tolower.c
		_tolower       		CODE           	6C80	0000	77

C:\Program Files (x86)\Microchip\xc8\v2.10\pic\sources\c99\common\tolower.c estimated size: 77

C:\Program Files (x86)\Microchip\xc8\v2.10\pic\sources\c99\common\powf.c
		_powf          		CODE           	06CC	0000	9837

C:\Program Files (x86)\Microchip\xc8\v2.10\pic\sources\c99\common\powf.c estimated size: 9837

C:\Program Files (x86)\Microchip\xc8\v2.10\pic\sources\c99\common\sprcmul.c
		___flmul       		CODE           	46DA	0000	851

C:\Program Files (x86)\Microchip\xc8\v2.10\pic\sources\c99\common\sprcmul.c estimated size: 851

C:\Program Files (x86)\Microchip\xc8\v2.10\pic\sources\c99\common\sprcdiv.c
		___fldiv       		CODE           	4D38	0000	649

C:\Program Files (x86)\Microchip\xc8\v2.10\pic\sources\c99\common\sprcdiv.c estimated size: 649

setting_hardaware/adc.c
		_ADC_Initialize		CODE           	70C2	0000	19
		_MQ_Read       		CODE           	5206	0000	527
		_ADC_Read      		CODE           	6330	0000	217
		_MQGetGasPercentage		CODE           	5974	0000	349
		_MQGetPercentage		CODE           	621A	0000	279

setting_hardaware/adc.c estimated size: 1391

C:\Program Files (x86)\Microchip\xc8\v2.10\pic\sources\c99\common\doprnt.c
		_vfpfcnvrt     		CODE           	3DE2	0000	1235
		_efgtoa        		CODE           	2D38	0000	2489
		_pad           		CODE           	67A2	0000	155
		_dtoa          		CODE           	4FC0	0000	583
		_vfprintf      		CODE           	6B7C	0000	95
		_stoa          		CODE           	5FCA	0000	301

C:\Program Files (x86)\Microchip\xc8\v2.10\pic\sources\c99\common\doprnt.c estimated size: 4858

C:\Program Files (x86)\Microchip\xc8\v2.10\pic\sources\c99\common\scalbnf.c
		_scalbnf       		CODE           	5414	0000	487

C:\Program Files (x86)\Microchip\xc8\v2.10\pic\sources\c99\common\scalbnf.c estimated size: 487

C:\Program Files (x86)\Microchip\xc8\v2.10\pic\sources\c99\common\nf_fputs.c
		_fputs         		CODE           	6E1A	0000	57

C:\Program Files (x86)\Microchip\xc8\v2.10\pic\sources\c99\common\nf_fputs.c estimated size: 57

C:\Program Files (x86)\Microchip\xc8\v2.10\pic\sources\c99\common\flge.c
		___flge        		CODE           	6408	0000	209

C:\Program Files (x86)\Microchip\xc8\v2.10\pic\sources\c99\common\flge.c estimated size: 209

C:\Program Files (x86)\Microchip\xc8\v2.10\pic\sources\c99\common\flneg.c
		___flneg       		CODE           	6FA6	0000	47

C:\Program Files (x86)\Microchip\xc8\v2.10\pic\sources\c99\common\flneg.c estimated size: 47

C:\Program Files (x86)\Microchip\xc8\v2.10\pic\sources\c99\common\fabsf.c
		_fabsf         		CODE           	6E52	0000	53

C:\Program Files (x86)\Microchip\xc8\v2.10\pic\sources\c99\common\fabsf.c estimated size: 53

shared
		_L5            		SMALLCONST     	0000	0000	0
		_P3            		SMALLCONST     	0000	0000	0
		_L6            		SMALLCONST     	0000	0000	0
		_P4            		SMALLCONST     	0000	0000	0
		_P5            		SMALLCONST     	0000	0000	0
		i2_Cmd         		CODE           	6FD4	0000	47
		_Lg1           		SMALLCONST     	0000	0000	0
		_Lg2           		SMALLCONST     	0000	0000	0
		i2_Data        		CODE           	6F78	0000	47
		_Lg3           		SMALLCONST     	0000	0000	0
		_Lg4           		SMALLCONST     	0000	0000	0
		_lg2_l         		SMALLCONST     	0000	0000	0
		_ivln2_l       		SMALLCONST     	0000	0000	0
		_ivln2         		SMALLCONST     	0000	0000	0
		__initialization		CODE           	6D16	0000	57
		_bp            		SMALLCONST     	0681	0000	9
		_cp            		SMALLCONST     	0000	0000	0
		_cp_h          		SMALLCONST     	0000	0000	0
		i2___awmod     		CODE           	6A38	0000	113
		_dp_h          		SMALLCONST     	0609	0000	9
		_lg2           		SMALLCONST     	0000	0000	0
		_lg2_h         		SMALLCONST     	0000	0000	0
		_ivln2_h       		SMALLCONST     	0000	0000	0
		_ln2_lo        		SMALLCONST     	0000	0000	0
		i2_Send2Lcd    		CODE           	6B16	0000	103
		_tiny          		SMALLCONST     	0000	0000	0
		sqrtf@tiny     		SMALLCONST     	0000	0000	0
		_ovt           		SMALLCONST     	0000	0000	0
		_huge          		SMALLCONST     	0000	0000	0
		_two24         		SMALLCONST     	0000	0000	0
		_cp_l          		SMALLCONST     	0000	0000	0
		_ln2_hi        		SMALLCONST     	0000	0000	0
		_dp_l          		SMALLCONST     	0601	0000	9
		_L1            		SMALLCONST     	0000	0000	0
		_L2            		SMALLCONST     	0000	0000	0
		_L3            		SMALLCONST     	0000	0000	0
		_P1            		SMALLCONST     	0000	0000	0
		_L4            		SMALLCONST     	0000	0000	0
		_P2            		SMALLCONST     	0000	0000	0

shared estimated size: 394

setting_hardaware/pin_manager.c
		_PIN_MANAGER_Initialize		CODE           	70AE	0000	21

setting_hardaware/pin_manager.c estimated size: 21

C:\Program Files (x86)\Microchip\xc8\v2.10\pic\sources\c99\common\putch.c
		_putch         		CODE           	7106	0000	3

C:\Program Files (x86)\Microchip\xc8\v2.10\pic\sources\c99\common\putch.c estimated size: 3

C:\Program Files (x86)\Microchip\xc8\v2.10\pic\sources\c99\common\isdigit.c
		_isdigit       		CODE           	6F48	0000	49

C:\Program Files (x86)\Microchip\xc8\v2.10\pic\sources\c99\common\isdigit.c estimated size: 49

setting_hardaware/setting.c
		_TMR1_Initialize		CODE           	7092	0000	29
		_OSCILLATOR_Initialize		CODE           	70F0	0000	9
		_SYSTEM_Initialize		CODE           	7074	0000	31

setting_hardaware/setting.c estimated size: 69

C:\Program Files (x86)\Microchip\xc8\v2.10\pic\sources\c99\common\sprcadd.c
		___flsub       		CODE           	6D5C	0000	71
		___fladd       		CODE           	4A2C	0000	781

C:\Program Files (x86)\Microchip\xc8\v2.10\pic\sources\c99\common\sprcadd.c estimated size: 852

C:\Program Files (x86)\Microchip\xc8\v2.10\pic\sources\c99\common\aomod.c
		___aomod       		CODE           	60F6	0000	293

C:\Program Files (x86)\Microchip\xc8\v2.10\pic\sources\c99\common\aomod.c estimated size: 293

C:\Program Files (x86)\Microchip\xc8\v2.10\pic\sources\c99\common\abs.c
		_abs           		CODE           	6E86	0000	51

C:\Program Files (x86)\Microchip\xc8\v2.10\pic\sources\c99\common\abs.c estimated size: 51

C:\Program Files (x86)\Microchip\xc8\v2.10\pic\sources\c99\common\nf_sprintf.c
		_sprintf       		CODE           	6BDA	0000	85

C:\Program Files (x86)\Microchip\xc8\v2.10\pic\sources\c99\common\nf_sprintf.c estimated size: 85

C:\Program Files (x86)\Microchip\xc8\v2.10\pic\sources\c99\common\Umul16.c
		___wmul        		CODE           	702C	0000	39

C:\Program Files (x86)\Microchip\xc8\v2.10\pic\sources\c99\common\Umul16.c estimated size: 39

C:\Program Files (x86)\Microchip\xc8\v2.10\pic\sources\c99\common\logf.c
		_logf          		CODE           	36F0	0000	1779

C:\Program Files (x86)\Microchip\xc8\v2.10\pic\sources\c99\common\logf.c estimated size: 1779

C:\Program Files (x86)\Microchip\xc8\v2.10\pic\sources\c99\common\awmod.c
		___awmod       		CODE           	69C6	0000	115

C:\Program Files (x86)\Microchip\xc8\v2.10\pic\sources\c99\common\awmod.c estimated size: 115

C:\Program Files (x86)\Microchip\xc8\v2.10\pic\sources\c99\common\nanf.c
		_nanf          		CODE           	7052	0000	35

C:\Program Files (x86)\Microchip\xc8\v2.10\pic\sources\c99\common\nanf.c estimated size: 35

main.c
		_main          		CODE           	70F8	0000	7
		_Hi_ISR        		CODE           	0008	0000	459

main.c estimated size: 466

C:\Program Files (x86)\Microchip\xc8\v2.10\pic\sources\c99\common\isupper.c
		_isupper       		CODE           	6F18	0000	49

C:\Program Files (x86)\Microchip\xc8\v2.10\pic\sources\c99\common\isupper.c estimated size: 49

setting_hardaware/LCD.c
		_LCD_clear     		CODE           	70E2	0000	15
		_Data          		CODE           	6EB8	0000	49
		_Send2Lcd      		CODE           	6AA8	0000	111
		_Cmd           		CODE           	6EE8	0000	49
		_LCD_init      		CODE           	694A	0000	125

setting_hardaware/LCD.c estimated size: 349

C:\Program Files (x86)\Microchip\xc8\v2.10\pic\sources\c99\common\__fpclassifyf.c
		___fpclassifyf 		CODE           	64D8	0000	205

C:\Program Files (x86)\Microchip\xc8\v2.10\pic\sources\c99\common\__fpclassifyf.c estimated size: 205

setting_hardaware/buzzer.c
		_buzzer_init   		CODE           	7104	0000	3

setting_hardaware/buzzer.c estimated size: 3

C:\Program Files (x86)\Microchip\xc8\v2.10\pic\sources\c99\common\nf_fputc.c
		_fputc         		CODE           	6702	0000	161

C:\Program Files (x86)\Microchip\xc8\v2.10\pic\sources\c99\common\nf_fputc.c estimated size: 161

